1511836300.273092006 0.001230460 mongod triton8 10007 7fdc20afed00 read 8191 5 NON_SOCKET /dev/urandom  u..M....m\n..2.cjeV.b..X.......X...`\t.b.....Z...\n/).V...,oH......Z....C.._#..Qp.4w?aJ)..P_...D..8.;.\r..e....g.uxF..E.z@.4r^......@5.H..=....8.S.C...Ywv~..z.WS.\t..Z......\rk.C..1..\tI......v.$.[kR.,.2.....7...[.\t.5.,.....r..&Xe[s...[.E.UAF....i...g42U....m..-D\ru.\ruP.....6.=}.y6 F.\t1..k...16A@U]o.sOq.0r..3.&&b2\..~nXQ......op....2.....Wx.U..qT..=...V."-...@K......m..]/&........7......<S..Y....8.jL.......p.g....!.$D........E.>.]..+......9.;.1.N...Q\Kc.^......#.Y.sV6`..z.EB....U.0.....Pm=yu...Z...Kx.....B1.h....7..>.H..6..-..Ah...89;.}.&4.Y...WA...b.T.e......~.......2....@...Q.......X...,\t..R.5...|\t?.Z.^7...jn^...~...s(G?..3..Rr.=.<K..i.\r:..A@R..........n.D.+!..f.r^.y3G.A..\`....4P......,...\r.a...-....r.{\r....@M-y...........-...W.......1.W..*...y..ie.TTS..5.e'.y.a...v..k.....V~.Q..!...0...<.......u.m.0..Cq=*...C.^G^..)$.D-=. \r.:...w......(....r6IZ...._!./r5Y.L............5....4.8..;~R....9(.&.d..."/....}.Y.....=....MF.........3@....<.N..UV.eFl.&.........v.p....L.V....d!@^..jA_v..........#.p.~..K.^..E.H...!....M......T..l.. d...............U5..D...b..#J....>.&].7T.]....T.mmK...a.;c.z.c..U...z....0....H)+[.K....*....]....~.c4f.}P.. .....\r..Q..*.sd.....&...5?w~..>@J..@..\n.@\n.N....jtn.\r..;.0......^+.#.w...~x.#...,.3.9;>.>..'/...:...NyM....o.Y..E....Q...?.6I.m.o.....,P.~`.3.a...f.n.A.e. ........./...[....>).>b.p..I..`W...-.7...6...U....$...f....u7.......Q.F...3.l...G....*R...#....M.E.....v~.{Z.N.wZ=&.Z.p3..>...... dh['.w.G@....x\to.]0g...f3.&...$......K.q.l8.....)S.nB..q.!.(..).5.F;Jv_~v..^J.m.)..6.c#.c..~...'.M.&r....Z..X.a6..........J.....:LJ7..s.L.....\n........W..s.9\..$...v.1..Y.P.....Zb.G.....*...I.|.F..15..>/%$.0a..2.........>eD....B.....M.....%t....zu......W...IQn$.......y.k....Q...$...e.o.0.*.u.._..h.....{b.C\/...u....*mZ....R.$.$.Io.. .a.<.............Q+b.8..dF.h..O ..~....i...[..A.k.y.E....=..B;..D.5......%....WH..F..\n.Yb@.|....g.DR...K7.x.Q.D=...-~82......'.m.....d...G4...q...~.h:.
1511836300.278119858 0.000003861 mongod triton8 10007 7fdc20afed00 read 16 5 NON_SOCKET /proc/10007/auxv  !...............
1511836300.283653665 0.000004260 mongod triton8 10007 7fdc20afed00 fwrite 28 1 NON_SOCKET 2017-11-28T11:31:40.283+0900
1511836300.283741339 0.000001055 mongod triton8 10007 7fdc20afed00 fwrite 1 1 NON_SOCKET
1511836300.283775906 0.000000692 mongod triton8 10007 7fdc20afed00 fwrite 1 1 NON_SOCKET I
1511836300.283802243 0.000000733 mongod triton8 10007 7fdc20afed00 fwrite 1 1 NON_SOCKET
1511836300.283827858 0.000000828 mongod triton8 10007 7fdc20afed00 fwrite 8 1 NON_SOCKET CONTROL
1511836300.283864962 0.000000885 mongod triton8 10007 7fdc20afed00 fwrite 1 1 NON_SOCKET
1511836300.283929829 0.000001395 mongod triton8 10007 7fdc20afed00 fwrite 1 1 NON_SOCKET [
1511836300.283971595 0.000000891 mongod triton8 10007 7fdc20afed00 fwrite 4 1 NON_SOCKET main
1511836300.283997071 0.000000725 mongod triton8 10007 7fdc20afed00 fwrite 2 1 NON_SOCKET ]
1511836300.284026289 0.000001378 mongod triton8 10007 7fdc20afed00 fwrite 56 1 NON_SOCKET ** WARNING --jsonp is specified without --httpinterface,
1511836300.284097290 0.000019478 mongod triton8 10007 7fdc20afed00 fwrite 1 1 NON_SOCKET \n
1511836300.284223724 0.000001016 mongod triton8 10007 7fdc20afed00 fwrite 28 1 NON_SOCKET 2017-11-28T11:31:40.284+0900
1511836300.284290979 0.000001622 mongod triton8 10007 7fdc20afed00 fwrite 1 1 NON_SOCKET
1511836300.284353940 0.000001219 mongod triton8 10007 7fdc20afed00 fwrite 1 1 NON_SOCKET I
1511836300.284413618 0.000001305 mongod triton8 10007 7fdc20afed00 fwrite 1 1 NON_SOCKET
1511836300.284469761 0.000001326 mongod triton8 10007 7fdc20afed00 fwrite 8 1 NON_SOCKET CONTROL
1511836300.284530268 0.000001418 mongod triton8 10007 7fdc20afed00 fwrite 1 1 NON_SOCKET
1511836300.284585162 0.000000974 mongod triton8 10007 7fdc20afed00 fwrite 1 1 NON_SOCKET [
1511836300.284636158 0.000001119 mongod triton8 10007 7fdc20afed00 fwrite 4 1 NON_SOCKET main
1511836300.284687509 0.000001237 mongod triton8 10007 7fdc20afed00 fwrite 2 1 NON_SOCKET ]
1511836300.284766463 0.000001406 mongod triton8 10007 7fdc20afed00 fwrite 34 1 NON_SOCKET **         enabling http interface
1511836300.284813166 0.000021159 mongod triton8 10007 7fdc20afed00 fwrite 1 1 NON_SOCKET \n
1511836300.285346313 0.001135171 mongod triton8 10007 7fdc20afed00 read 8191 5 NON_SOCKET /dev/urandom  Pb{`...^k.\n........d...:U.j`..&&X.>.FW..J.]..D..p...:&...7uB\t.Mv.e.A..A..H}..............P.M.9Yt.;.Wx.^.'.\t..E\...Y....@......h...v@.iwlN.....1..E..+A).4.;.x.......].a.....n..AEo....iE4.Z.H[.k...D....3X.....4..1B......d....r6......l.`.\r....%.8.+..............-.V......yg'.\r...Z..l....x._;!...1.H.+[.9......W}....0..y.%.%i...=...(.4..\r.......]_.s.j.w.....M...1..Hu0.C......F.\rJp....%.....M.?.F.}m.?@.l...:.z%......>..K9..?....s9..n...wx..8.N.v.F.I...HSf.#...k...>I.a..G.a.b.[4i2...VVp..vY..EE..~va.x...)%}B,.\.]..wT/P...f.2(..E~.u.%)..B..e..|......6..\n..gJ`.......0....,.mI...-.......])........u{LN..w....y.+.`M`d....w*..r.tV..M.a.L.....S.."..9.<.(M ...Fo}....=\rD9.^3....cY`e.....&fx:.z..g..x:...E....f..8.......Y..8..\<...-.\.\tu.T.b9........y.`...A..I.....c....BV\n..\rO...)i.F4.=..3.d...+V......h.\.......z.)....P,.$e.....K..Z\n2....Q...|.v.t.=..*Er...'..C.....[....[.R.^~{..%..9.i.6...t.e5."..Q..b.~......2..l.z.....y.9.J.Y...].Tv....r..a...[..q...L....5.....`.Z..h...'"....aO.z..K.V.~.bKz.. ..\r...q.wy..@ S..NE+....c....X..a..yg>#..+.0.-R.....,.}G...i..N.....I;..M\D*.....I....&......n.v...\n.."........-.[...\r./..c..E.......fR*...1+.q..b..x.t{..D.L..A....&"..iS.a.i..?..?.B.+.`O...C.35h.x\..s.....:?).+.. L..(W..\~>8._..sc.\tu..Z..v...V.\nM=w%7V..W{7.../'&F8^#dqG.._z.J..=..S....E.kH......fv1....+0Z] 3..Q..\tcZQ.^j0.......]4...Q..E 5..IB.oU..9.>.>...?.]2z.4..2=.\t...[f\n.&w1..5..-j.....(\n......n....\r..!_{....5.O...R...W.u!k,{.[.2.QM]w.\n,d... .z.....6..@.6.O...rS.\r..pEM7x.c....#Qtt....?.58..=..b!)-..()y:..../.....b/...s.........+.Z.7..Y_.SC..f\...s'&.t.95....D..!{.%..].`......1c/...;.L...v.G..p........,...\.TL.....,.S..].....TlK..Y6..N..=..F.....3.....ul\n..Na....4.]B:4A>=r...h....U...*..1.x.*.C#.s3..~F.Hh_...B;V..........W.L`7....H.1.....1t...vb,..J.......5...m._w_h..'...X...+.fB.CF8`=....m..i.\n.Y4V....I[.([H.\t?.N....3q..'.....b....$D.....k...qf7..ib'4.Z.#....'..z...e$^..;.a....\..ki.8.#6^3..mG..E.5...`
1511836300.286703455 0.000019387 mongod triton8 10007 7fdc20afed00 write 76 5 NON_SOCKET /var/log/mongodb/mongod.log  2017-11-28T11:31:40.286+0900 I CONTROL  [main] ***** SERVER RESTARTED *****\n
1511836300.290457752 0.001014274 mongod triton8 10007 7fdc20afed00 read 8191 7 NON_SOCKET /dev/urandom  ,...>....f..}...rQ.R,P}.[<GC*......v.R..o....i.......+x'c......+..Kn.t3.. Q.RH.jUm{..g......6!Q.......(.}.)W...b.`.:"\A5Q..Y4."....=........-.A9..N.....Cl....T..#.pg.Q..........b~uyhI........k$.T....it....HZ........"4\n).....Q5w..f...\n...R......N..E.+/...{.p..bk..u.O.A.B.....?s Z...\n...z..[yb.~....o..WC.....m......R...v..<\n.]GuC....l.9PWZ).[gS.....(...y7.....Y...c..q.Zm..\t..`..hQ:G...........O.m..\t;.}\...OQ..:%.H.B.........*...`9.diNG.t.:..^.W\..._.QR.B...U..H..WU..ue.:.*.!.....MzD..$#AoYO..5.4...v...nC1jZ..]Y.............\nz!uJ1......z]j.*.D.W..N...s+..Q...^.=..+!~.x\U..+.........M.....G../WX>.a..Q...2...O.A.......$u!.c1\n.G?.Y......5.2..."QE.P.8 .:H...."..kK.B...;~..5.......e.{t..v%^....i.%. \.a..F|.~Z.e..S.G....@=...}....m.......@q..Rf.......D.....-..EU&6N.K..W...u.......c..6.....8.......(.8._\n..#.x..#./..._.,.v\t5...mr........yd..SC?.<..J.U...B...|..u.W...`..;....2.M..+...zs.......D.....y.D.n.IF.t../ {m...\.9...a........C..Y.L.KK;....-^;......A..,>d.c.....QW...Q..e;.m6D..8...t\n...NlS......A...Wg...F............^.)XDe.7=$0....o.?....X..\n....Bv.......u.LPB'.:].Y..d.x\n.q..|....O.<p\n/.~e..r..B...4.?..a.A.S%....... z.#:\r@.....!.U .^.%U....g<...`m...;"E.$l..i.._.U..\t.2...{......W\r.e\rwy3Wb....B0.Z.*..@...$&Uo....Z6b..{`..'..}..B.(..d.Z.:b..<....[...R.\..1...:......l.T.q2..\r.GZYkO..L..IP_.7...y 3.UsS..M...l..4.I....!.qM..U.'a..}m.........:d..L..e...{~\n....8...}.x...;F.........<.w"}.{H....J......6.. J..]...l...D..=5.w...u.x.^..bUr......&.>kA6..;..,....;..s....$6._.R.............Lci..5..l.........B....5#..h!."/.....z(m.......L6...m........N;:.q.2,.+i.2.j..f...b~3a.R......'....t\r....T5..o$B..)v.\....;...Q.2..O.l.T..v..Io...O..Z.....u.)_I.G'.....X[...._....6.Zd..[....Q...\$Kah.e.U...s.1.M9......o...O.n....E..c. ..2.....1./....[B..Y...Y..Ji..B..6.[..."\t.=.v.K.p.S|...<R.p.....?gC/^3.....4..TKQ....i....X........k;.....6.q.0.a.......F.........6...........o.......+...iijU...M.G.8.XeKWfQ/.\tI-..M.
1511836300.294350747 0.000023979 mongod triton8 10007 7fdc20afed00 write 140 5 NON_SOCKET /var/log/mongodb/mongod.log  2017-11-28T11:31:40.294+0900 I CONTROL  [initandlisten] MongoDB starting : pid=10007 port=27017 dbpath=/var/lib/mongodb 64-bit host=triton8\n
1511836300.294493333 0.000009341 mongod triton8 10007 7fdc20afed00 write 74 5 NON_SOCKET /var/log/mongodb/mongod.log  2017-11-28T11:31:40.294+0900 I CONTROL  [initandlisten] db version v3.4.9\n
1511836300.294600373 0.000012083 mongod triton8 10007 7fdc20afed00 write 110 5 NON_SOCKET /var/log/mongodb/mongod.log  2017-11-28T11:31:40.294+0900 I CONTROL  [initandlisten] git version: 876ebee8c7dd0e2d992f36a848ff4dc50ee6603e\n
1511836300.294746366 0.000010373 mongod triton8 10007 7fdc20afed00 write 100 5 NON_SOCKET /var/log/mongodb/mongod.log  2017-11-28T11:31:40.294+0900 I CONTROL  [initandlisten] OpenSSL version: OpenSSL 1.0.2g  1 Mar 2016\n
1511836300.294838330 0.000013077 mongod triton8 10007 7fdc20afed00 write 76 5 NON_SOCKET /var/log/mongodb/mongod.log  2017-11-28T11:31:40.294+0900 I CONTROL  [initandlisten] allocator: tcmalloc\n
1511836300.294958453 0.000020393 mongod triton8 10007 7fdc20afed00 write 70 5 NON_SOCKET /var/log/mongodb/mongod.log  2017-11-28T11:31:40.294+0900 I CONTROL  [initandlisten] modules: none\n
1511836300.295049500 0.000013284 mongod triton8 10007 7fdc20afed00 write 75 5 NON_SOCKET /var/log/mongodb/mongod.log  2017-11-28T11:31:40.295+0900 I CONTROL  [initandlisten] build environment:\n
1511836300.295159614 0.000013944 mongod triton8 10007 7fdc20afed00 write 80 5 NON_SOCKET /var/log/mongodb/mongod.log  2017-11-28T11:31:40.295+0900 I CONTROL  [initandlisten]     distmod: ubuntu1604\n
1511836300.295282242 0.000013468 mongod triton8 10007 7fdc20afed00 write 77 5 NON_SOCKET /var/log/mongodb/mongod.log  2017-11-28T11:31:40.295+0900 I CONTROL  [initandlisten]     distarch: x86_64\n
1511836300.295391567 0.000011973 mongod triton8 10007 7fdc20afed00 write 80 5 NON_SOCKET /var/log/mongodb/mongod.log  2017-11-28T11:31:40.295+0900 I CONTROL  [initandlisten]     target_arch: x86_64\n
1511836300.295516057 0.000011992 mongod triton8 10007 7fdc20afed00 write 371 5 NON_SOCKET /var/log/mongodb/mongod.log  2017-11-28T11:31:40.295+0900 I CONTROL  [initandlisten] options: { config: "/etc/mongod.conf", net: { bindIp: "127.0.0.1", http: { JSONPEnabled: true, RESTInterfaceEnabled: true, enabled: true }, port: 27017 }, storage: { dbPath: "/var/lib/mongodb", journal: { enabled: true } }, systemLog: { destination: "file", logAppend: true, path: "/var/log/mongodb/mongod.log" } }\n
1511836300.336265676 0.000003149 mongod triton8 10007 7fdc20afed00 read 95 12 NON_SOCKET /var/lib/mongodb/storage.bson  _....storage.Q....engine.....wiredTiger..options.,....directoryPerDB...directoryForIndexes.....
1511836300.336347626 0.000007543 mongod triton8 10007 7fdc20afed00 write 194 5 NON_SOCKET /var/log/mongodb/mongod.log  2017-11-28T11:31:40.336+0900 I -        [initandlisten] Detected data files in /var/lib/mongodb created by the 'wiredTiger' storage engine, so setting the active storage engine to 'wiredTiger'.\n
1511836300.336419942 0.000003081 mongod triton8 10007 7fdc20afed00 read 95 12 NON_SOCKET /var/lib/mongodb/storage.bson  _....storage.Q....engine.....wiredTiger..options.,....directoryPerDB...directoryForIndexes.....
1511836300.336500416 0.000006868 mongod triton8 10007 7fdc20afed00 write 57 5 NON_SOCKET /var/log/mongodb/mongod.log  2017-11-28T11:31:40.336+0900 I STORAGE  [initandlisten] \n
1511836300.336559944 0.000009118 mongod triton8 10007 7fdc20afed00 write 152 5 NON_SOCKET /var/log/mongodb/mongod.log  2017-11-28T11:31:40.336+0900 I STORAGE  [initandlisten] ** WARNING: Using the XFS filesystem is strongly recommended with the WiredTiger storage engine\n
1511836300.336648696 0.000006116 mongod triton8 10007 7fdc20afed00 write 124 5 NON_SOCKET /var/log/mongodb/mongod.log  2017-11-28T11:31:40.336+0900 I STORAGE  [initandlisten] **          See http://dochub.mongodb.org/core/prodnotes-filesystem\n
1511836300.336722943 0.000009374 mongod triton8 10007 7fdc20afed00 write 357 5 NON_SOCKET /var/log/mongodb/mongod.log  2017-11-28T11:31:40.336+0900 I STORAGE  [initandlisten] wiredtiger_open config: create,cache_size=2471M,session_max=20000,eviction=(threads_min=4,threads_max=4),config_base=false,statistics=(fast),log=(enabled=true,archive=true,path=journal,compressor=snappy),file_manager=(close_idle_time=100000),checkpoint=(wait=60,log_size=2GB),statistics_log=(wait=0),\n
1511836300.345783526 0.000020345 mongod triton8 10007 7fdc20afed00 pwrite 128 15 NON_SOCKET /var/lib/mongodb/journal/WiredTigerTmplog.0000000001  .....7..........d.........@.....................................................................................................
1511836301.041437274 0.000050772 mongod triton8 10007 7fdc20afed00 pwrite 4096 13 NON_SOCKET /var/lib/mongodb/WiredTiger.wt  ................3................+H.......0......7O..............................................................................................................................................................................................................................................................................................................................................................................................................................................................................................................................................................................................................................................................................................................................................................................................................................................................................................................................................................................................................................................................................................................................................................................................................................................................................................................................................................................................................................................................................................................................................................................................................................................................................................................................................................................................................................................................................................................................................
1511836301.041947978 0.000051723 mongod triton8 10007 7fdc20afed00 pwrite 4096 13 NON_SOCKET /var/lib/mongodb/WiredTiger.wt  ................9.................Q..............O..O...........................................................................................................................................................................................................................................................................................................................................................................................................................................................................................................................................................................................................................................................................................................................................................................................................................................................................................................................................................................................................................................................................................................................................................................................................................................................................................................................................................................................................................................................................................................................................................................................................................................................................................................................................................................................................................................................................................................................................
1511836301.042159298 0.000010300 mongod triton8 10007 7fdc20afed00 pwrite 4096 13 NON_SOCKET /var/lib/mongodb/WiredTiger.wt  ................8................<...........?...................................................................................................................................................................................................................................................................................................................................................................................................................................................................................................................................................................................................................................................................................................................................................................................................................................................................................................................................................................................................................................................................................................................................................................................................................................................................................................................................................................................................................................................................................................................................................................................................................................................................................................................................................................................................................................................................................................................................................
1511836301.075593047 0.000047694 mongod triton8 10007 7fdc20afed00 pwrite 999 16 NON_SOCKET /var/lib/mongodb/WiredTiger.turtle.set  WiredTiger version string\nWiredTiger 2.9.2: (December 23, 2016)\nWiredTiger version\nmajor=2,minor=9,patch=2\nfile:WiredTiger.wt\naccess_pattern_hint=none,allocation_size=4KB,app_metadata=,block_allocation=best,block_compressor=,cache_resident=false,checkpoint=(WiredTigerCheckpoint.155=(addr="018381e492480b718481e4e450fd678581e4b2841c4c808080e2bfc0e24fc0",order=155,time=1511836301,size=32768,write_gen=284)),checkpoint_lsn=(27,128),checksum=uncompressed,collator=,columns=,dictionary=0,encryption=(keyid=,name=),format=btree,huffman_key=,huffman_value=,id=0,ignore_in_memory_cache_size=false,internal_item_max=0,internal_key_max=0,internal_key_truncate=true,internal_page_max=4KB,key_format=S,key_gap=10,leaf_item_max=0,leaf_key_max=0,leaf_page_max=32KB,leaf_value_max=0,log=(enabled=true),memory_page_max=5MB,os_cache_dirty_max=0,os_cache_max=0,prefix_compression=false,prefix_compression_min=4,split_deepen_min_child=0,split_deepen_per_child=0,split_pct=90,value_format=S,version=(major=1,minor=1)\n
1511836301.161806189 0.000062663 mongod triton8 10007 7fdc20afed00 pwrite 128 15 NON_SOCKET /var/lib/mongodb/journal/WiredTigerLog.0000000027  ...................@............................................................................................................
1511836301.203810167 0.000040622 mongod triton8 10007 7fdc1d122700 pwrite 128 16 NON_SOCKET /var/lib/mongodb/journal/WiredTigerTmplog.0000000002  .....7..........d.........@.....................................................................................................
1511836301.203917560 0.000139358 mongod triton8 10007 7fdc20afed00 pwrite 256 15 NON_SOCKET /var/lib/mongodb/journal/WiredTigerLog.0000000027  .....n...............file:WiredTigerLAS.wt..........................................................................................q.S.........................................................................................................................
1511836301.270845466 0.000064135 mongod triton8 10007 7fdc1d122700 pwrite 128 16 NON_SOCKET /var/lib/mongodb/journal/WiredTigerTmplog.0000000003  .....7..........d.........@.....................................................................................................
1511836301.303785643 0.000102225 mongod triton8 10007 7fdc20afed00 pwrite 4096 17 NON_SOCKET /var/lib/mongodb/WiredTigerLAS.wt  A.........#...................................................................................................................................................................................................................................................................................................................................................................................................................................................................................................................................................................................................................................................................................................................................................................................................................................................................................................................................................................................................................................................................................................................................................................................................................................................................................................................................................................................................................................................................................................................................................................................................................................................................................................................................................................................................................................................................................................................................................................................
1511836301.372188483 0.000023032 mongod triton8 10007 7fdc20afed00 pwrite 768 15 NON_SOCKET /var/lib/mongodb/journal/WiredTigerLog.0000000027  ....H.19...................^.......file:WiredTigerLAS.wt.access_pattern_hint=none,allocation_size=4KB,app_metadata=,block_a.(.=best\r..compressor=,cache_resident=false,checkpoint=,..._lsn\r..sum=un.H ed,collat.Qholumns=,dictionary=0,encryp...=(keyid=,name=),format=btree,huffman_key=.\rtvalue=,id=57,ignore_in_memory_\t.%.\t..in!-0al_item_max=0...keyN..0truncate=true...page./.4KB,.;\r..IuQQu..(gap=10,leaf.p....1\t....M.32KB\t....$,og=(enabled=...),\r..9.5MB,os\r..dirt....\to.prefix5..ion-.F..D_min=4,split_deepe..._child=06...per:...pct=90,\t.-..QIu,ver.wD(major=1,minor=1)................................................................................q.S.........................................................................................................................
1511836301.441802575 0.001236956 mongod triton8 10007 7fdc20afed00 read 8191 19 NON_SOCKET /dev/urandom  ...K!n.d................O.!R.v;..v&...K.h8}.n.[......o..........cZ.....u.+R_7\n\nI......d"M_...5...x..pW.l.....R......w..K.`..x/..os............k.A.%.....1.#.z.p...IG,.S?2.\r,.1..*.S.s.*..B..R..d.S\...:.ngj#...I4?....Hk...`.}?=...6[lk/i..8V.5.>..F..[..#kZ^{.*.....N.....$7.v.K74t..=...o..o..7..O..H.g.:B..|...1C'h....T.E..x..d4w...g.8z.Y.%.tT+...g.s......a.R.....T.A....xML.......^!l.H.*T.d$S.. .. V\rB..K.w.......X........\.I...u...\.]..M.D.d,....fk.J?..\rT3....]...o...m..D..]..?...9.v.~V..#.V0..T@...Fgm..{.......to.I.2........H\r....(<a.u.KB..E..S...........+*]'......;.!B-...k....N......k..S..y....P..q&.T..cg....._=.....v.e1q..(...\ryz..........P......T.-H.u../..~Y`B.-...M.k6A.).c.#...|\tf5.'.0.%........}H4| ..vr`..vK...H..D,...z.K.).u...V.*..s.f.S._.n.{@0...OUE...r.|...D.R..,...A.Pp.u..........m.h..D..xq3...W4@7..\r"4X.A..K...)9u..\r.{ah.}.......mY.....r.\n......W,.]...@0.j.3F../..Z...m..*..uh.8.....n.C=!:.\t2....|..c.}..V.....\n...Tx..T6...T.l.7.x.C..*`.l..I.g...e.....J3...x..0OOR..f...V.$.g+.2..Q.........D2...h.a..n.......;e....;3..v....l 9.FJ..\.\rF.3...A.y.Z.s^.y.M..m.G.d.).....C.;.o.....jq-.....%..../M..s..;....{ZR^.B......%E6.6Q[q......1@.(..m...]IQw..\r^V....Q.%.S..c......tS.Kq..x.F.`=.D.b..h..7t.......E/,f..B ........X.^9...c......7B.#......7.>..>.e......_....A...\iZ....O......=...2..ha...$....../.M+.7k^...d..V.=...Y........1|y........VH%.H.5.]\rZ0n=.\t.I.NK...{5..\r.qw......[....'...)4.']........N)..K[..U..}......gh.G.....l........y...|....S.#....\L.......M...h^...kX......9...'..&.<=....&.*.A.[.i.....x\n.^..j^..j...u...#..iQgl..h.+-.H.Hv.J.!ZT]..]H.E1..V.3 l.......HL.\rs=...[.O.MC(rd...#>....!....:...k.jN...........Rn[.o4.[.t_.>....5......=.2.7..gd...4...|..VW.K\.k....:.HJ..o..X..xq@.=!N.......e^.3A...w.K.\r..N..!...'.HL..9.+Z.4.......LiW...J.......F.Ka.L..G5.....@Xg.\r.^.@Kd....C....].....*)_....;.$...z.N.?5....<..I..}:.U..T.$...7{!+.!!.....^h..O........w..(.q.s..iB..W9..B../O].g...5.O..0..?..D.
1511836301.487378163 0.000021955 mongod triton8 10007 7fdc20afed00 write 6 8 NON_SOCKET /var/lib/mongodb/mongod.lock  10007\n
1511836301.526902010 0.000066878 mongod triton8 10007 7fdc20afed00 write 57 5 NON_SOCKET /var/log/mongodb/mongod.log  2017-11-28T11:31:41.526+0900 I CONTROL  [initandlisten] \n
1511836301.527151175 0.000015951 mongod triton8 10007 7fdc20afed00 write 116 5 NON_SOCKET /var/log/mongodb/mongod.log  2017-11-28T11:31:41.527+0900 I CONTROL  [initandlisten] ** WARNING: Access control is not enabled for the database.\n
1511836301.527275991 0.000010962 mongod triton8 10007 7fdc20afed00 write 133 5 NON_SOCKET /var/log/mongodb/mongod.log  2017-11-28T11:31:41.527+0900 I CONTROL  [initandlisten] **          Read and write access to data and configuration is unrestricted.\n
1511836301.527379806 0.000007498 mongod triton8 10007 7fdc20afed00 write 141 5 NON_SOCKET /var/log/mongodb/mongod.log  2017-11-28T11:31:41.527+0900 I CONTROL  [initandlisten] ** WARNING: You are running this process as the root user, which is not recommended.\n
1511836301.527445955 0.000006339 mongod triton8 10007 7fdc20afed00 write 57 5 NON_SOCKET /var/log/mongodb/mongod.log  2017-11-28T11:31:41.527+0900 I CONTROL  [initandlisten] \n
1511836301.527551891 0.000006417 mongod triton8 10007 7fdc20afed00 read 2 27 NON_SOCKET /proc/sys/vm/overcommit_memory  0\n
1511836301.527642023 0.000002519 mongod triton8 10007 7fdc20afed00 read 2 27 NON_SOCKET /proc/sys/vm/zone_reclaim_mode  0\n
1511836301.527712711 0.000004746 mongod triton8 10007 7fdc20afed00 read 23 27 NON_SOCKET /sys/kernel/mm/transparent_hugepage/enabled  [always] madvise never\n
1511836301.527788544 0.000007322 mongod triton8 10007 7fdc20afed00 write 57 5 NON_SOCKET /var/log/mongodb/mongod.log  2017-11-28T11:31:41.527+0900 I CONTROL  [initandlisten] \n
1511836301.527873112 0.000007509 mongod triton8 10007 7fdc20afed00 write 125 5 NON_SOCKET /var/log/mongodb/mongod.log  2017-11-28T11:31:41.527+0900 I CONTROL  [initandlisten] ** WARNING: /sys/kernel/mm/transparent_hugepage/enabled is 'always'.\n
1511836301.527944874 0.000006940 mongod triton8 10007 7fdc20afed00 write 99 5 NON_SOCKET /var/log/mongodb/mongod.log  2017-11-28T11:31:41.527+0900 I CONTROL  [initandlisten] **        We suggest setting it to 'never'\n
1511836301.528034428 0.000003054 mongod triton8 10007 7fdc20afed00 read 23 27 NON_SOCKET /sys/kernel/mm/transparent_hugepage/defrag  [always] madvise never\n
1511836301.528101537 0.000007100 mongod triton8 10007 7fdc20afed00 write 57 5 NON_SOCKET /var/log/mongodb/mongod.log  2017-11-28T11:31:41.528+0900 I CONTROL  [initandlisten] \n
1511836301.528172452 0.000006820 mongod triton8 10007 7fdc20afed00 write 124 5 NON_SOCKET /var/log/mongodb/mongod.log  2017-11-28T11:31:41.528+0900 I CONTROL  [initandlisten] ** WARNING: /sys/kernel/mm/transparent_hugepage/defrag is 'always'.\n
1511836301.528242666 0.000006877 mongod triton8 10007 7fdc20afed00 write 99 5 NON_SOCKET /var/log/mongodb/mongod.log  2017-11-28T11:31:41.528+0900 I CONTROL  [initandlisten] **        We suggest setting it to 'never'\n
1511836301.528316649 0.000006732 mongod triton8 10007 7fdc20afed00 write 57 5 NON_SOCKET /var/log/mongodb/mongod.log  2017-11-28T11:31:41.528+0900 I CONTROL  [initandlisten] \n
1511836301.528521399 0.000006651 mongod triton8 10007 7fdc20afed00 read 8 27 NON_SOCKET /dev/urandom  JS....*~
1511836301.528598081 0.000002728 mongod triton8 10007 7fdc20afed00 read 8 27 NON_SOCKET /dev/urandom  ..HJ..Fl
1511836301.528649005 0.000002533 mongod triton8 10007 7fdc20afed00 read 8 27 NON_SOCKET /dev/urandom  .....T..
1511836301.538314667 0.000026624 mongod triton8 10007 7fdc18118700 write 105 5 NON_SOCKET /var/log/mongodb/mongod.log  2017-11-28T11:31:41.538+0900 I NETWORK  [websvr] admin web console waiting for connections on port 28017\n
1511836301.539604986 0.000022883 mongod triton8 10007 7fdc20afed00 write 153 5 NON_SOCKET /var/log/mongodb/mongod.log  2017-11-28T11:31:41.539+0900 I FTDC     [initandlisten] Initializing full-time diagnostic data capture with directory '/var/lib/mongodb/diagnostic.data'\n
1511836301.539604986 0.000022883 mongod triton8 10007 7fdc1991b700 pwrite 1536 15 NON_SOCKET /var/lib/mongodb/journal/WiredTigerLog.0000000027  .......[........j........\r.....R........_id.....triton8-1511836301538..hostname....$P.\tstartTime..6w.`......tLocal.....Tue Nov 28 11:31:41..U$.cmdLine.".9Xconfig...../etc/mongod....R..net.`....bindIp.\n...127.0.0.1..http.5....JSONPEnabled...RESTInterfaceEnabled...en\r\nT..port..i....storage.:.i.dbPath\t..var/lib/\t.,b..journal...s.M0..systemLog.M.E.estination.....file..logAppend...path.....e.og.e\r.8.log....pid..'...L.buildinfo......vers.b8....3.4.9..gitV\r..)...876ebee8c7dd0e2d992f36a848ff4dc50ee6603e..modules..0..allocator.\tA..cm..8..javascriptEng!..{(mozjs..sysI..@....deprecated..v\t.4Array.!....0.....1.....2.d..3..(..openssl.V!H.running.....OpenSSL 1.0.2g  1 Mar 2016..compi!.z).-C,Environment.....distmod..$ubuntu1604\t.Parch.....x86_64..cc.2!..opt-..Fbtoolchain/v2/bin/gcc: gcc (GCC) 5.4.0..ccflags.+...-fno-omit-frame-poiA.. -...cstrict-aliasing -ggdb -pthread -Wall -Wsign-compare -Wno-unknown-pragmas -Winvalid-pch -Werror -O2 -\t/.used-!. l-typedef.5.n.J...funcA.\t_9..-declarE.62.,but-set-varian\t:.mis..`-braces -fstack-protector...o....A.8tin-memcmp..cxx.s..++: g++:s..xxf%tX9...-Woverloaded-virtua!G.no-maybe-uninitialized -std=c++11..link\tH.....=.Ll,-z,now -rdynamic -..$-fatal-warA..sn..$use-ld=gol!..l,-%..d-i\r..`.exec%2\r^.X.-:..<z,relro..target_B..\r..ose.4linux...bits.@..`debug...maxBsonObjectSizea.....'i..s.La..0....devnull..1.....ephemeralForTest..2.....mmapv1..3..$$wiredTiger._.....<V....................................................................................................................................
1511836301.540686138 0.000034952 mongod triton8 10007 7fdc15112700 write 88 5 NON_SOCKET /var/log/mongodb/mongod.log  2017-11-28T11:31:41.540+0900 I NETWORK  [thread1] waiting for connections on port 27017\n
1511836302.001326571 0.000054828 mongod triton8 10007 7fdc17917700 writev 2727 29 NON_SOCKET /var/lib/mongodb/diagnostic.data/metrics.2017-11-28T02-31-41Z-00000  .\n..\t_id..:w.`....type......doc..\n..\tstart..:w.`....buildInfo.....\tstart..:w.`....version.....3.4.9..gitVersion.)...876ebee8c7dd0e2d992f36a848ff4dc50ee6603e..modules.......allocator.\t...tcmalloc..javascriptEngine.....mozjs..sysInfo.....deprecated..versionArray.!....0......1......2.\t....3.......openssl.V....running.....OpenSSL 1.0.2g  1 Mar 2016..compiled.....OpenSSL 1.0.2g  1 Mar 2016...buildEnvironment......distmod.....ubuntu1604..distarch.....x86_64..cc.2.../opt/mongodbtoolchain/v2/bin/gcc: gcc (GCC) 5.4.0..ccflags.+...-fno-omit-frame-pointer -fno-strict-aliasing -ggdb -pthread -Wall -Wsign-compare -Wno-unknown-pragmas -Winvalid-pch -Werror -O2 -Wno-unused-local-typedefs -Wno-unused-function -Wno-deprecated-declarations -Wno-unused-but-set-variable -Wno-missing-braces -fstack-protector-strong -fno-builtin-memcmp..cxx.2.../opt/mongodbtoolchain/v2/bin/g++: g++ (GCC) 5.4.0..cxxflags.9...-Woverloaded-virtual -Wno-maybe-uninitialized -std=c++11..linkflags.....-pthread -Wl,-z,now -rdynamic -Wl,--fatal-warnings -fstack-protector-strong -fuse-ld=gold -Wl,--build-id -Wl,-z,noexecstack -Wl,--warn-execstack -Wl,-z,relro..target_arch.....x86_64..target_os.....linux...bits.@....debug...maxBsonObjectSize......storageEngines.L....0.....devnull..1.....ephemeralForTest..2.....mmapv1..3.....wiredTiger...ok........?\tend..:w.`.....getCmdLineOpts.....\tstart..:w.`....argv.;....0.....mongod..1.\t...--config..2...../etc/mongod.conf...parsed."....config...../etc/mongod.conf..net.`....bindIp.\n...127.0.0.1..http.5....JSONPEnabled...RESTInterfaceEnabled...enabled....port..i....storage.:....dbPath...../var/lib/mongodb..journal......enabled.....systemLog.M....destination.....file..logAppend...path...../var/log/mongodb/mongod.log....ok........?\tend..:w.`.....hostInfo.....\tstart..:w.`....system.....\tcurrentTime..:w.`....hostname.....triton8..cpuAddrSize.@....memSizeMB.
1511836302.002946700 0.000056902 mongod triton8 10007 7fdc17917700 read 1324 30 NON_SOCKET /proc/stat  cpu  63596 634 32951 20463830 268456 0 2089 1034 0 0\ncpu0 15049 94 8999 5150307 32823 0 208 185 0 0\ncpu1 15786 71 7745 5119477 69710 0 67 170 0 0\ncpu2 16092 69 6422 5082143 112502 0 16 138 0 0\ncpu3 16668 398 9784 5111902 53419 0 1796 540 0 0\nintr 22368215 6 9 0 0 0 0 3 0 0 0 121 0 15 0 0 0 0 0 0 0 0 0 0 0 0 6 0 58221 0 2150111 1 343 0 0 0 0 0 0 0 0 0 0 0 0 0 0 0 0 0 0 0 0 0 0 0 0 0 0 0 0 0 0 0 0 0 0 0 0 0 0 0 0 0 0 0 0 0 0 0 0 0 0 0 0 0 0 0 0 0 0 0 0 0 0 0 0 0 0 0 0 0 0 0 0 0 0 0 0 0 0 0 0 0 0 0 0 0 0 0 0 0 0 0 0 0 0 0 0 0 0 0 0 0 0 0 0 0 0 0 0 0 0 0 0 0 0 0 0 0 0 0 0 0 0 0 0 0 0 0 0 0 0 0 0 0 0 0 0 0 0 0 0 0 0 0 0 0 0 0 0 0 0 0 0 0 0 0 0 0 0 0 0 0 0 0 0 0 0 0 0 0 0 0 0 0 0 0 0 0 0 0 0 0 0 0 0 0 0 0 0 0 0 0 0 0 0 0 0 0 0 0 0 0 0 0 0 0 0 0 0 0 0 0 0 0 0 0 0 0 0 0 0 0 0 0 0 0 0 0 0 0 0 0 0 0 0 0 0 0 0 0 0 0 0 0 0 0 0 0 0 0 0 0 0 0 0 0 0 0 0 0 0 0 0 0 0 0 0 0 0 0 0 0 0 0 0 0 0 0 0 0 0 0 0 0 0 0 0 0 0 0 0 0 0 0 0 0 0 0 0 0 0 0 0 0 0 0 0 0 0 0 0 0 0 0 0 0 0 0 0 0 0 0 0 0 0 0 0 0 0 0 0 0 0 0 0 0 0 0 0 0 0 0 0 0 0 0 0 0 0 0 0 0 0 0 0 0 0 0 0 0 0 0 0 0 0 0 0 0 0 0 0 0 0 0 0 0 0 0 0 0 0 0 0 0 0 0 0 0 0 0 0 0 0 0 0 0 0 0 0 0 0 0 0 0 0 0 0 0 0 0 0 0 0 0 0 0 0 0 0 0 0 0 0 0 0\nctxt 39527843\nbtime 1511783897\nprocesses 10028\nprocs_running 1\nprocs_blocked 0\nsoftirq 11721534 4 3761713 2 2150859 0 0 70 2517475 0 3291411\n
1511836302.003091479 0.000001847 mongod triton8 10007 7fdc17917700 read 0 30 NON_SOCKET /proc/stat
1511836302.003160560 0.000022199 mongod triton8 10007 7fdc17917700 read 1251 30 NON_SOCKET /proc/meminfo  MemTotal:        6110600 kB\nMemFree:         2869644 kB\nMemAvailable:    3598580 kB\nBuffers:          121308 kB\nCached:           826532 kB\nSwapCached:            0 kB\nActive:           842092 kB\nInactive:         459336 kB\nActive(anon):     382372 kB\nInactive(anon):    22028 kB\nActive(file):     459720 kB\nInactive(file):   437308 kB\nUnevictable:     1755928 kB\nMlocked:         1755928 kB\nSwapTotal:       8385532 kB\nSwapFree:        8385532 kB\nDirty:               416 kB\nWriteback:             0 kB\nAnonPages:       2109556 kB\nMapped:           205460 kB\nShmem:             24344 kB\nSlab:             120108 kB\nSReclaimable:      90576 kB\nSUnreclaim:        29532 kB\nKernelStack:        5328 kB\nPageTables:        15008 kB\nNFS_Unstable:          0 kB\nBounce:                0 kB\nWritebackTmp:          0 kB\nCommitLimit:    11440832 kB\nCommitted_AS:    3415092 kB\nVmallocTotal:   34359738367 kB\nVmallocUsed:           0 kB\nVmallocChunk:          0 kB\nHardwareCorrupted:     0 kB\nAnonHugePages:   1910784 kB\nCmaTotal:              0 kB\nCmaFree:               0 kB\nHugePages_Total:       0\nHugePages_Free:        0\nHugePages_Rsvd:        0\nHugePages_Surp:        0\nHugepagesize:       2048 kB\nDirectMap4k:       83836 kB\nDirectMap2M:     6207488 kB\n
1511836302.003222601 0.000001009 mongod triton8 10007 7fdc17917700 read 0 30 NON_SOCKET /proc/meminfo
1511836302.003286619 0.000137971 mongod triton8 10007 7fdc17917700 read 1229 30 NON_SOCKET /proc/diskstats     1       0 ram0 0 0 0 0 0 0 0 0 0 0 0\n   1       1 ram1 0 0 0 0 0 0 0 0 0 0 0\n   1       2 ram2 0 0 0 0 0 0 0 0 0 0 0\n   1       3 ram3 0 0 0 0 0 0 0 0 0 0 0\n   1       4 ram4 0 0 0 0 0 0 0 0 0 0 0\n   1       5 ram5 0 0 0 0 0 0 0 0 0 0 0\n   1       6 ram6 0 0 0 0 0 0 0 0 0 0 0\n   1       7 ram7 0 0 0 0 0 0 0 0 0 0 0\n   1       8 ram8 0 0 0 0 0 0 0 0 0 0 0\n   1       9 ram9 0 0 0 0 0 0 0 0 0 0 0\n   1      10 ram10 0 0 0 0 0 0 0 0 0 0 0\n   1      11 ram11 0 0 0 0 0 0 0 0 0 0 0\n   1      12 ram12 0 0 0 0 0 0 0 0 0 0 0\n   1      13 ram13 0 0 0 0 0 0 0 0 0 0 0\n   1      14 ram14 0 0 0 0 0 0 0 0 0 0 0\n   1      15 ram15 0 0 0 0 0 0 0 0 0 0 0\n   7       0 loop0 0 0 0 0 0 0 0 0 0 0 0\n   7       1 loop1 0 0 0 0 0 0 0 0 0 0 0\n   7       2 loop2 0 0 0 0 0 0 0 0 0 0 0\n   7       3 loop3 0 0 0 0 0 0 0 0 0 0 0\n   7       4 loop4 0 0 0 0 0 0 0 0 0 0 0\n   7       5 loop5 0 0 0 0 0 0 0 0 0 0 0\n   7       6 loop6 0 0 0 0 0 0 0 0 0 0 0\n   7       7 loop7 0 0 0 0 0 0 0 0 0 0 0\n 253       0 vda 30776 0 1622010 24212 33524 58618 1324152 3038444 0 2768632 3063804\n 253       1 vda1 30604 0 1611314 24096 33227 58618 1324152 2955996 0 2689032 2981300\n 253       2 vda2 4 0 8 4 0 0 0 0 0 4 4\n 253       5 vda5 78 0 6512 0 0 0 0 0 0 0 0\n
1511836302.003482086 0.000005012 mongod triton8 10007 7fdc17917700 read 0 30 NON_SOCKET /proc/diskstats
1511836303.001515170 0.000061497 mongod triton8 10007 7fdc17917700 read 1324 30 NON_SOCKET /proc/stat  cpu  63597 634 32951 20464219 268461 0 2090 1034 0 0\ncpu0 15049 94 8999 5150406 32823 0 209 185 0 0\ncpu1 15786 71 7745 5119576 69710 0 67 170 0 0\ncpu2 16092 69 6422 5082237 112508 0 16 138 0 0\ncpu3 16669 398 9784 5111999 53419 0 1796 540 0 0\nintr 22368634 6 9 0 0 0 0 3 0 0 0 121 0 15 0 0 0 0 0 0 0 0 0 0 0 0 6 0 58225 0 2150149 1 343 0 0 0 0 0 0 0 0 0 0 0 0 0 0 0 0 0 0 0 0 0 0 0 0 0 0 0 0 0 0 0 0 0 0 0 0 0 0 0 0 0 0 0 0 0 0 0 0 0 0 0 0 0 0 0 0 0 0 0 0 0 0 0 0 0 0 0 0 0 0 0 0 0 0 0 0 0 0 0 0 0 0 0 0 0 0 0 0 0 0 0 0 0 0 0 0 0 0 0 0 0 0 0 0 0 0 0 0 0 0 0 0 0 0 0 0 0 0 0 0 0 0 0 0 0 0 0 0 0 0 0 0 0 0 0 0 0 0 0 0 0 0 0 0 0 0 0 0 0 0 0 0 0 0 0 0 0 0 0 0 0 0 0 0 0 0 0 0 0 0 0 0 0 0 0 0 0 0 0 0 0 0 0 0 0 0 0 0 0 0 0 0 0 0 0 0 0 0 0 0 0 0 0 0 0 0 0 0 0 0 0 0 0 0 0 0 0 0 0 0 0 0 0 0 0 0 0 0 0 0 0 0 0 0 0 0 0 0 0 0 0 0 0 0 0 0 0 0 0 0 0 0 0 0 0 0 0 0 0 0 0 0 0 0 0 0 0 0 0 0 0 0 0 0 0 0 0 0 0 0 0 0 0 0 0 0 0 0 0 0 0 0 0 0 0 0 0 0 0 0 0 0 0 0 0 0 0 0 0 0 0 0 0 0 0 0 0 0 0 0 0 0 0 0 0 0 0 0 0 0 0 0 0 0 0 0 0 0 0 0 0 0 0 0 0 0 0 0 0 0 0 0 0 0 0 0 0 0 0 0 0 0 0 0 0 0 0 0 0 0 0 0 0 0 0 0 0 0 0 0 0 0 0 0 0 0 0 0 0 0 0 0 0 0 0 0 0 0 0 0 0 0 0 0 0 0 0 0 0 0 0 0 0 0 0 0 0 0 0 0 0 0 0 0\nctxt 39528619\nbtime 1511783897\nprocesses 10028\nprocs_running 1\nprocs_blocked 0\nsoftirq 11721735 4 3761774 2 2150897 0 0 70 2517521 0 3291467\n
1511836303.001695286 0.000002977 mongod triton8 10007 7fdc17917700 read 0 30 NON_SOCKET /proc/stat
1511836303.001787135 0.000026685 mongod triton8 10007 7fdc17917700 read 1251 30 NON_SOCKET /proc/meminfo  MemTotal:        6110600 kB\nMemFree:         2867936 kB\nMemAvailable:    3596984 kB\nBuffers:          121316 kB\nCached:           826616 kB\nSwapCached:            0 kB\nActive:           844092 kB\nInactive:         459344 kB\nActive(anon):     384272 kB\nInactive(anon):    22028 kB\nActive(file):     459820 kB\nInactive(file):   437316 kB\nUnevictable:     1755928 kB\nMlocked:         1755928 kB\nSwapTotal:       8385532 kB\nSwapFree:        8385532 kB\nDirty:               444 kB\nWriteback:             0 kB\nAnonPages:       2111520 kB\nMapped:           205596 kB\nShmem:             24344 kB\nSlab:             120112 kB\nSReclaimable:      90580 kB\nSUnreclaim:        29532 kB\nKernelStack:        5520 kB\nPageTables:        15076 kB\nNFS_Unstable:          0 kB\nBounce:                0 kB\nWritebackTmp:          0 kB\nCommitLimit:    11440832 kB\nCommitted_AS:    3415092 kB\nVmallocTotal:   34359738367 kB\nVmallocUsed:           0 kB\nVmallocChunk:          0 kB\nHardwareCorrupted:     0 kB\nAnonHugePages:   1910784 kB\nCmaTotal:              0 kB\nCmaFree:               0 kB\nHugePages_Total:       0\nHugePages_Free:        0\nHugePages_Rsvd:        0\nHugePages_Surp:        0\nHugepagesize:       2048 kB\nDirectMap4k:       83836 kB\nDirectMap2M:     6207488 kB\n
1511836303.001867391 0.000002118 mongod triton8 10007 7fdc17917700 read 0 30 NON_SOCKET /proc/meminfo
1511836303.001953891 0.000235368 mongod triton8 10007 7fdc17917700 read 1229 30 NON_SOCKET /proc/diskstats     1       0 ram0 0 0 0 0 0 0 0 0 0 0 0\n   1       1 ram1 0 0 0 0 0 0 0 0 0 0 0\n   1       2 ram2 0 0 0 0 0 0 0 0 0 0 0\n   1       3 ram3 0 0 0 0 0 0 0 0 0 0 0\n   1       4 ram4 0 0 0 0 0 0 0 0 0 0 0\n   1       5 ram5 0 0 0 0 0 0 0 0 0 0 0\n   1       6 ram6 0 0 0 0 0 0 0 0 0 0 0\n   1       7 ram7 0 0 0 0 0 0 0 0 0 0 0\n   1       8 ram8 0 0 0 0 0 0 0 0 0 0 0\n   1       9 ram9 0 0 0 0 0 0 0 0 0 0 0\n   1      10 ram10 0 0 0 0 0 0 0 0 0 0 0\n   1      11 ram11 0 0 0 0 0 0 0 0 0 0 0\n   1      12 ram12 0 0 0 0 0 0 0 0 0 0 0\n   1      13 ram13 0 0 0 0 0 0 0 0 0 0 0\n   1      14 ram14 0 0 0 0 0 0 0 0 0 0 0\n   1      15 ram15 0 0 0 0 0 0 0 0 0 0 0\n   7       0 loop0 0 0 0 0 0 0 0 0 0 0 0\n   7       1 loop1 0 0 0 0 0 0 0 0 0 0 0\n   7       2 loop2 0 0 0 0 0 0 0 0 0 0 0\n   7       3 loop3 0 0 0 0 0 0 0 0 0 0 0\n   7       4 loop4 0 0 0 0 0 0 0 0 0 0 0\n   7       5 loop5 0 0 0 0 0 0 0 0 0 0 0\n   7       6 loop6 0 0 0 0 0 0 0 0 0 0 0\n   7       7 loop7 0 0 0 0 0 0 0 0 0 0 0\n 253       0 vda 30776 0 1622010 24212 33526 58625 1324224 3038496 0 2768684 3063856\n 253       1 vda1 30604 0 1611314 24096 33229 58625 1324224 2956048 0 2689084 2981352\n 253       2 vda2 4 0 8 4 0 0 0 0 0 4 4\n 253       5 vda5 78 0 6512 0 0 0 0 0 0 0 0\n
1511836303.002267056 0.000005593 mongod triton8 10007 7fdc17917700 read 0 30 NON_SOCKET /proc/diskstats
1511836304.001658992 0.000062844 mongod triton8 10007 7fdc17917700 read 1324 30 NON_SOCKET /proc/stat  cpu  63599 634 32952 20464615 268461 0 2090 1034 0 0\ncpu0 15049 95 8999 5150504 32823 0 209 185 0 0\ncpu1 15786 71 7746 5119676 69710 0 67 170 0 0\ncpu2 16092 69 6422 5082336 112508 0 16 138 0 0\ncpu3 16670 398 9784 5112097 53419 0 1796 540 0 0\nintr 22369039 6 9 0 0 0 0 3 0 0 0 121 0 15 0 0 0 0 0 0 0 0 0 0 0 0 6 0 58225 0 2150178 1 343 0 0 0 0 0 0 0 0 0 0 0 0 0 0 0 0 0 0 0 0 0 0 0 0 0 0 0 0 0 0 0 0 0 0 0 0 0 0 0 0 0 0 0 0 0 0 0 0 0 0 0 0 0 0 0 0 0 0 0 0 0 0 0 0 0 0 0 0 0 0 0 0 0 0 0 0 0 0 0 0 0 0 0 0 0 0 0 0 0 0 0 0 0 0 0 0 0 0 0 0 0 0 0 0 0 0 0 0 0 0 0 0 0 0 0 0 0 0 0 0 0 0 0 0 0 0 0 0 0 0 0 0 0 0 0 0 0 0 0 0 0 0 0 0 0 0 0 0 0 0 0 0 0 0 0 0 0 0 0 0 0 0 0 0 0 0 0 0 0 0 0 0 0 0 0 0 0 0 0 0 0 0 0 0 0 0 0 0 0 0 0 0 0 0 0 0 0 0 0 0 0 0 0 0 0 0 0 0 0 0 0 0 0 0 0 0 0 0 0 0 0 0 0 0 0 0 0 0 0 0 0 0 0 0 0 0 0 0 0 0 0 0 0 0 0 0 0 0 0 0 0 0 0 0 0 0 0 0 0 0 0 0 0 0 0 0 0 0 0 0 0 0 0 0 0 0 0 0 0 0 0 0 0 0 0 0 0 0 0 0 0 0 0 0 0 0 0 0 0 0 0 0 0 0 0 0 0 0 0 0 0 0 0 0 0 0 0 0 0 0 0 0 0 0 0 0 0 0 0 0 0 0 0 0 0 0 0 0 0 0 0 0 0 0 0 0 0 0 0 0 0 0 0 0 0 0 0 0 0 0 0 0 0 0 0 0 0 0 0 0 0 0 0 0 0 0 0 0 0 0 0 0 0 0 0 0 0 0 0 0 0 0 0 0 0 0 0 0 0 0 0 0 0 0 0 0 0 0 0 0 0 0 0 0 0 0 0 0 0 0 0 0 0 0\nctxt 39529364\nbtime 1511783897\nprocesses 10028\nprocs_running 1\nprocs_blocked 0\nsoftirq 11721926 4 3761838 2 2150926 0 0 70 2517566 0 3291520\n
1511836304.001844628 0.000004784 mongod triton8 10007 7fdc17917700 read 0 30 NON_SOCKET /proc/stat
1511836304.002088432 0.000039377 mongod triton8 10007 7fdc17917700 read 1251 30 NON_SOCKET /proc/meminfo  MemTotal:        6110600 kB\nMemFree:         2867968 kB\nMemAvailable:    3597016 kB\nBuffers:          121316 kB\nCached:           826620 kB\nSwapCached:            0 kB\nActive:           844148 kB\nInactive:         459344 kB\nActive(anon):     384328 kB\nInactive(anon):    22028 kB\nActive(file):     459820 kB\nInactive(file):   437316 kB\nUnevictable:     1755928 kB\nMlocked:         1755928 kB\nSwapTotal:       8385532 kB\nSwapFree:        8385532 kB\nDirty:               448 kB\nWriteback:             0 kB\nAnonPages:       2111572 kB\nMapped:           205596 kB\nShmem:             24344 kB\nSlab:             120112 kB\nSReclaimable:      90580 kB\nSUnreclaim:        29532 kB\nKernelStack:        5520 kB\nPageTables:        15076 kB\nNFS_Unstable:          0 kB\nBounce:                0 kB\nWritebackTmp:          0 kB\nCommitLimit:    11440832 kB\nCommitted_AS:    3415092 kB\nVmallocTotal:   34359738367 kB\nVmallocUsed:           0 kB\nVmallocChunk:          0 kB\nHardwareCorrupted:     0 kB\nAnonHugePages:   1910784 kB\nCmaTotal:              0 kB\nCmaFree:               0 kB\nHugePages_Total:       0\nHugePages_Free:        0\nHugePages_Rsvd:        0\nHugePages_Surp:        0\nHugepagesize:       2048 kB\nDirectMap4k:       83836 kB\nDirectMap2M:     6207488 kB\n
1511836304.002240080 0.000004146 mongod triton8 10007 7fdc17917700 read 0 30 NON_SOCKET /proc/meminfo
1511836304.002440706 0.000205193 mongod triton8 10007 7fdc17917700 read 1229 30 NON_SOCKET /proc/diskstats     1       0 ram0 0 0 0 0 0 0 0 0 0 0 0\n   1       1 ram1 0 0 0 0 0 0 0 0 0 0 0\n   1       2 ram2 0 0 0 0 0 0 0 0 0 0 0\n   1       3 ram3 0 0 0 0 0 0 0 0 0 0 0\n   1       4 ram4 0 0 0 0 0 0 0 0 0 0 0\n   1       5 ram5 0 0 0 0 0 0 0 0 0 0 0\n   1       6 ram6 0 0 0 0 0 0 0 0 0 0 0\n   1       7 ram7 0 0 0 0 0 0 0 0 0 0 0\n   1       8 ram8 0 0 0 0 0 0 0 0 0 0 0\n   1       9 ram9 0 0 0 0 0 0 0 0 0 0 0\n   1      10 ram10 0 0 0 0 0 0 0 0 0 0 0\n   1      11 ram11 0 0 0 0 0 0 0 0 0 0 0\n   1      12 ram12 0 0 0 0 0 0 0 0 0 0 0\n   1      13 ram13 0 0 0 0 0 0 0 0 0 0 0\n   1      14 ram14 0 0 0 0 0 0 0 0 0 0 0\n   1      15 ram15 0 0 0 0 0 0 0 0 0 0 0\n   7       0 loop0 0 0 0 0 0 0 0 0 0 0 0\n   7       1 loop1 0 0 0 0 0 0 0 0 0 0 0\n   7       2 loop2 0 0 0 0 0 0 0 0 0 0 0\n   7       3 loop3 0 0 0 0 0 0 0 0 0 0 0\n   7       4 loop4 0 0 0 0 0 0 0 0 0 0 0\n   7       5 loop5 0 0 0 0 0 0 0 0 0 0 0\n   7       6 loop6 0 0 0 0 0 0 0 0 0 0 0\n   7       7 loop7 0 0 0 0 0 0 0 0 0 0 0\n 253       0 vda 30776 0 1622010 24212 33526 58625 1324224 3038496 0 2768684 3063856\n 253       1 vda1 30604 0 1611314 24096 33229 58625 1324224 2956048 0 2689084 2981352\n 253       2 vda2 4 0 8 4 0 0 0 0 0 4 4\n 253       5 vda5 78 0 6512 0 0 0 0 0 0 0 0\n
1511836304.002717271 0.000006806 mongod triton8 10007 7fdc17917700 read 0 30 NON_SOCKET /proc/diskstats
1511836305.001017947 0.000049863 mongod triton8 10007 7fdc17917700 read 1324 30 NON_SOCKET /proc/stat  cpu  63599 634 32954 20465011 268461 0 2090 1034 0 0\ncpu0 15049 95 8999 5150603 32823 0 210 185 0 0\ncpu1 15786 71 7746 5119776 69710 0 67 170 0 0\ncpu2 16092 69 6423 5082434 112508 0 16 138 0 0\ncpu3 16670 398 9784 5112196 53419 0 1796 540 0 0\nintr 22369377 6 9 0 0 0 0 3 0 0 0 121 0 15 0 0 0 0 0 0 0 0 0 0 0 0 6 0 58225 0 2150218 1 343 0 0 0 0 0 0 0 0 0 0 0 0 0 0 0 0 0 0 0 0 0 0 0 0 0 0 0 0 0 0 0 0 0 0 0 0 0 0 0 0 0 0 0 0 0 0 0 0 0 0 0 0 0 0 0 0 0 0 0 0 0 0 0 0 0 0 0 0 0 0 0 0 0 0 0 0 0 0 0 0 0 0 0 0 0 0 0 0 0 0 0 0 0 0 0 0 0 0 0 0 0 0 0 0 0 0 0 0 0 0 0 0 0 0 0 0 0 0 0 0 0 0 0 0 0 0 0 0 0 0 0 0 0 0 0 0 0 0 0 0 0 0 0 0 0 0 0 0 0 0 0 0 0 0 0 0 0 0 0 0 0 0 0 0 0 0 0 0 0 0 0 0 0 0 0 0 0 0 0 0 0 0 0 0 0 0 0 0 0 0 0 0 0 0 0 0 0 0 0 0 0 0 0 0 0 0 0 0 0 0 0 0 0 0 0 0 0 0 0 0 0 0 0 0 0 0 0 0 0 0 0 0 0 0 0 0 0 0 0 0 0 0 0 0 0 0 0 0 0 0 0 0 0 0 0 0 0 0 0 0 0 0 0 0 0 0 0 0 0 0 0 0 0 0 0 0 0 0 0 0 0 0 0 0 0 0 0 0 0 0 0 0 0 0 0 0 0 0 0 0 0 0 0 0 0 0 0 0 0 0 0 0 0 0 0 0 0 0 0 0 0 0 0 0 0 0 0 0 0 0 0 0 0 0 0 0 0 0 0 0 0 0 0 0 0 0 0 0 0 0 0 0 0 0 0 0 0 0 0 0 0 0 0 0 0 0 0 0 0 0 0 0 0 0 0 0 0 0 0 0 0 0 0 0 0 0 0 0 0 0 0 0 0 0 0 0 0 0 0 0 0 0 0 0 0 0 0 0 0 0 0 0 0 0 0 0 0 0 0 0 0 0 0 0\nctxt 39530020\nbtime 1511783897\nprocesses 10028\nprocs_running 1\nprocs_blocked 0\nsoftirq 11722148 4 3761908 2 2150966 0 0 70 2517618 0 3291580\n
1511836305.001175249 0.000003228 mongod triton8 10007 7fdc17917700 read 0 30 NON_SOCKET /proc/stat
1511836305.001256799 0.000017135 mongod triton8 10007 7fdc17917700 read 1251 30 NON_SOCKET /proc/meminfo  MemTotal:        6110600 kB\nMemFree:         2867924 kB\nMemAvailable:    3596972 kB\nBuffers:          121316 kB\nCached:           826624 kB\nSwapCached:            0 kB\nActive:           844132 kB\nInactive:         459344 kB\nActive(anon):     384312 kB\nInactive(anon):    22028 kB\nActive(file):     459820 kB\nInactive(file):   437316 kB\nUnevictable:     1755928 kB\nMlocked:         1755928 kB\nSwapTotal:       8385532 kB\nSwapFree:        8385532 kB\nDirty:               452 kB\nWriteback:             0 kB\nAnonPages:       2111548 kB\nMapped:           205596 kB\nShmem:             24344 kB\nSlab:             120112 kB\nSReclaimable:      90580 kB\nSUnreclaim:        29532 kB\nKernelStack:        5504 kB\nPageTables:        15076 kB\nNFS_Unstable:          0 kB\nBounce:                0 kB\nWritebackTmp:          0 kB\nCommitLimit:    11440832 kB\nCommitted_AS:    3415092 kB\nVmallocTotal:   34359738367 kB\nVmallocUsed:           0 kB\nVmallocChunk:          0 kB\nHardwareCorrupted:     0 kB\nAnonHugePages:   1910784 kB\nCmaTotal:              0 kB\nCmaFree:               0 kB\nHugePages_Total:       0\nHugePages_Free:        0\nHugePages_Rsvd:        0\nHugePages_Surp:        0\nHugepagesize:       2048 kB\nDirectMap4k:       83836 kB\nDirectMap2M:     6207488 kB\n
1511836305.001303698 0.000000482 mongod triton8 10007 7fdc17917700 read 0 30 NON_SOCKET /proc/meminfo
1511836305.001342977 0.000071726 mongod triton8 10007 7fdc17917700 read 1229 30 NON_SOCKET /proc/diskstats     1       0 ram0 0 0 0 0 0 0 0 0 0 0 0\n   1       1 ram1 0 0 0 0 0 0 0 0 0 0 0\n   1       2 ram2 0 0 0 0 0 0 0 0 0 0 0\n   1       3 ram3 0 0 0 0 0 0 0 0 0 0 0\n   1       4 ram4 0 0 0 0 0 0 0 0 0 0 0\n   1       5 ram5 0 0 0 0 0 0 0 0 0 0 0\n   1       6 ram6 0 0 0 0 0 0 0 0 0 0 0\n   1       7 ram7 0 0 0 0 0 0 0 0 0 0 0\n   1       8 ram8 0 0 0 0 0 0 0 0 0 0 0\n   1       9 ram9 0 0 0 0 0 0 0 0 0 0 0\n   1      10 ram10 0 0 0 0 0 0 0 0 0 0 0\n   1      11 ram11 0 0 0 0 0 0 0 0 0 0 0\n   1      12 ram12 0 0 0 0 0 0 0 0 0 0 0\n   1      13 ram13 0 0 0 0 0 0 0 0 0 0 0\n   1      14 ram14 0 0 0 0 0 0 0 0 0 0 0\n   1      15 ram15 0 0 0 0 0 0 0 0 0 0 0\n   7       0 loop0 0 0 0 0 0 0 0 0 0 0 0\n   7       1 loop1 0 0 0 0 0 0 0 0 0 0 0\n   7       2 loop2 0 0 0 0 0 0 0 0 0 0 0\n   7       3 loop3 0 0 0 0 0 0 0 0 0 0 0\n   7       4 loop4 0 0 0 0 0 0 0 0 0 0 0\n   7       5 loop5 0 0 0 0 0 0 0 0 0 0 0\n   7       6 loop6 0 0 0 0 0 0 0 0 0 0 0\n   7       7 loop7 0 0 0 0 0 0 0 0 0 0 0\n 253       0 vda 30776 0 1622010 24212 33526 58625 1324224 3038496 0 2768684 3063856\n 253       1 vda1 30604 0 1611314 24096 33229 58625 1324224 2956048 0 2689084 2981352\n 253       2 vda2 4 0 8 4 0 0 0 0 0 4 4\n 253       5 vda5 78 0 6512 0 0 0 0 0 0 0 0\n
1511836305.001478173 0.000002672 mongod triton8 10007 7fdc17917700 read 0 30 NON_SOCKET /proc/diskstats
1511836306.001408641 0.000063924 mongod triton8 10007 7fdc17917700 read 1324 30 NON_SOCKET /proc/stat  cpu  63600 634 32955 20465406 268461 0 2090 1034 0 0\ncpu0 15049 95 9000 5150702 32823 0 210 185 0 0\ncpu1 15786 71 7746 5119876 69710 0 67 170 0 0\ncpu2 16093 69 6424 5082532 112508 0 16 138 0 0\ncpu3 16670 398 9784 5112296 53419 0 1796 540 0 0\nintr 22369732 6 9 0 0 0 0 3 0 0 0 121 0 15 0 0 0 0 0 0 0 0 0 0 0 0 6 0 58225 0 2150268 1 343 0 0 0 0 0 0 0 0 0 0 0 0 0 0 0 0 0 0 0 0 0 0 0 0 0 0 0 0 0 0 0 0 0 0 0 0 0 0 0 0 0 0 0 0 0 0 0 0 0 0 0 0 0 0 0 0 0 0 0 0 0 0 0 0 0 0 0 0 0 0 0 0 0 0 0 0 0 0 0 0 0 0 0 0 0 0 0 0 0 0 0 0 0 0 0 0 0 0 0 0 0 0 0 0 0 0 0 0 0 0 0 0 0 0 0 0 0 0 0 0 0 0 0 0 0 0 0 0 0 0 0 0 0 0 0 0 0 0 0 0 0 0 0 0 0 0 0 0 0 0 0 0 0 0 0 0 0 0 0 0 0 0 0 0 0 0 0 0 0 0 0 0 0 0 0 0 0 0 0 0 0 0 0 0 0 0 0 0 0 0 0 0 0 0 0 0 0 0 0 0 0 0 0 0 0 0 0 0 0 0 0 0 0 0 0 0 0 0 0 0 0 0 0 0 0 0 0 0 0 0 0 0 0 0 0 0 0 0 0 0 0 0 0 0 0 0 0 0 0 0 0 0 0 0 0 0 0 0 0 0 0 0 0 0 0 0 0 0 0 0 0 0 0 0 0 0 0 0 0 0 0 0 0 0 0 0 0 0 0 0 0 0 0 0 0 0 0 0 0 0 0 0 0 0 0 0 0 0 0 0 0 0 0 0 0 0 0 0 0 0 0 0 0 0 0 0 0 0 0 0 0 0 0 0 0 0 0 0 0 0 0 0 0 0 0 0 0 0 0 0 0 0 0 0 0 0 0 0 0 0 0 0 0 0 0 0 0 0 0 0 0 0 0 0 0 0 0 0 0 0 0 0 0 0 0 0 0 0 0 0 0 0 0 0 0 0 0 0 0 0 0 0 0 0 0 0 0 0 0 0 0 0 0 0 0 0 0 0 0 0 0 0 0 0\nctxt 39530712\nbtime 1511783897\nprocesses 10028\nprocs_running 1\nprocs_blocked 0\nsoftirq 11722333 4 3761960 2 2151016 0 0 70 2517658 0 3291623\n
1511836306.001709284 0.000002944 mongod triton8 10007 7fdc17917700 read 0 30 NON_SOCKET /proc/stat
1511836306.001866633 0.000027803 mongod triton8 10007 7fdc17917700 read 1251 30 NON_SOCKET /proc/meminfo  MemTotal:        6110600 kB\nMemFree:         2867828 kB\nMemAvailable:    3596876 kB\nBuffers:          121316 kB\nCached:           826628 kB\nSwapCached:            0 kB\nActive:           844132 kB\nInactive:         459344 kB\nActive(anon):     384312 kB\nInactive(anon):    22028 kB\nActive(file):     459820 kB\nInactive(file):   437316 kB\nUnevictable:     1755928 kB\nMlocked:         1755928 kB\nSwapTotal:       8385532 kB\nSwapFree:        8385532 kB\nDirty:               456 kB\nWriteback:             0 kB\nAnonPages:       2111560 kB\nMapped:           205596 kB\nShmem:             24344 kB\nSlab:             120112 kB\nSReclaimable:      90580 kB\nSUnreclaim:        29532 kB\nKernelStack:        5504 kB\nPageTables:        15076 kB\nNFS_Unstable:          0 kB\nBounce:                0 kB\nWritebackTmp:          0 kB\nCommitLimit:    11440832 kB\nCommitted_AS:    3415092 kB\nVmallocTotal:   34359738367 kB\nVmallocUsed:           0 kB\nVmallocChunk:          0 kB\nHardwareCorrupted:     0 kB\nAnonHugePages:   1910784 kB\nCmaTotal:              0 kB\nCmaFree:               0 kB\nHugePages_Total:       0\nHugePages_Free:        0\nHugePages_Rsvd:        0\nHugePages_Surp:        0\nHugepagesize:       2048 kB\nDirectMap4k:       83836 kB\nDirectMap2M:     6207488 kB\n
1511836306.002085577 0.000002071 mongod triton8 10007 7fdc17917700 read 0 30 NON_SOCKET /proc/meminfo
1511836306.002194417 0.000130924 mongod triton8 10007 7fdc17917700 read 1229 30 NON_SOCKET /proc/diskstats     1       0 ram0 0 0 0 0 0 0 0 0 0 0 0\n   1       1 ram1 0 0 0 0 0 0 0 0 0 0 0\n   1       2 ram2 0 0 0 0 0 0 0 0 0 0 0\n   1       3 ram3 0 0 0 0 0 0 0 0 0 0 0\n   1       4 ram4 0 0 0 0 0 0 0 0 0 0 0\n   1       5 ram5 0 0 0 0 0 0 0 0 0 0 0\n   1       6 ram6 0 0 0 0 0 0 0 0 0 0 0\n   1       7 ram7 0 0 0 0 0 0 0 0 0 0 0\n   1       8 ram8 0 0 0 0 0 0 0 0 0 0 0\n   1       9 ram9 0 0 0 0 0 0 0 0 0 0 0\n   1      10 ram10 0 0 0 0 0 0 0 0 0 0 0\n   1      11 ram11 0 0 0 0 0 0 0 0 0 0 0\n   1      12 ram12 0 0 0 0 0 0 0 0 0 0 0\n   1      13 ram13 0 0 0 0 0 0 0 0 0 0 0\n   1      14 ram14 0 0 0 0 0 0 0 0 0 0 0\n   1      15 ram15 0 0 0 0 0 0 0 0 0 0 0\n   7       0 loop0 0 0 0 0 0 0 0 0 0 0 0\n   7       1 loop1 0 0 0 0 0 0 0 0 0 0 0\n   7       2 loop2 0 0 0 0 0 0 0 0 0 0 0\n   7       3 loop3 0 0 0 0 0 0 0 0 0 0 0\n   7       4 loop4 0 0 0 0 0 0 0 0 0 0 0\n   7       5 loop5 0 0 0 0 0 0 0 0 0 0 0\n   7       6 loop6 0 0 0 0 0 0 0 0 0 0 0\n   7       7 loop7 0 0 0 0 0 0 0 0 0 0 0\n 253       0 vda 30776 0 1622010 24212 33526 58625 1324224 3038496 0 2768684 3063856\n 253       1 vda1 30604 0 1611314 24096 33229 58625 1324224 2956048 0 2689084 2981352\n 253       2 vda2 4 0 8 4 0 0 0 0 0 4 4\n 253       5 vda5 78 0 6512 0 0 0 0 0 0 0 0\n
1511836306.002429531 0.000004878 mongod triton8 10007 7fdc17917700 read 0 30 NON_SOCKET /proc/diskstats
1511836307.001015645 0.000064524 mongod triton8 10007 7fdc17917700 read 1324 30 NON_SOCKET /proc/stat  cpu  63600 634 32956 20465802 268461 0 2090 1034 0 0\ncpu0 15049 95 9000 5150800 32823 0 210 185 0 0\ncpu1 15786 71 7746 5119976 69710 0 67 170 0 0\ncpu2 16093 69 6424 5082630 112508 0 16 138 0 0\ncpu3 16670 398 9784 5112395 53419 0 1796 540 0 0\nintr 22370138 6 9 0 0 0 0 3 0 0 0 121 0 15 0 0 0 0 0 0 0 0 0 0 0 0 6 0 58231 0 2150303 1 343 0 0 0 0 0 0 0 0 0 0 0 0 0 0 0 0 0 0 0 0 0 0 0 0 0 0 0 0 0 0 0 0 0 0 0 0 0 0 0 0 0 0 0 0 0 0 0 0 0 0 0 0 0 0 0 0 0 0 0 0 0 0 0 0 0 0 0 0 0 0 0 0 0 0 0 0 0 0 0 0 0 0 0 0 0 0 0 0 0 0 0 0 0 0 0 0 0 0 0 0 0 0 0 0 0 0 0 0 0 0 0 0 0 0 0 0 0 0 0 0 0 0 0 0 0 0 0 0 0 0 0 0 0 0 0 0 0 0 0 0 0 0 0 0 0 0 0 0 0 0 0 0 0 0 0 0 0 0 0 0 0 0 0 0 0 0 0 0 0 0 0 0 0 0 0 0 0 0 0 0 0 0 0 0 0 0 0 0 0 0 0 0 0 0 0 0 0 0 0 0 0 0 0 0 0 0 0 0 0 0 0 0 0 0 0 0 0 0 0 0 0 0 0 0 0 0 0 0 0 0 0 0 0 0 0 0 0 0 0 0 0 0 0 0 0 0 0 0 0 0 0 0 0 0 0 0 0 0 0 0 0 0 0 0 0 0 0 0 0 0 0 0 0 0 0 0 0 0 0 0 0 0 0 0 0 0 0 0 0 0 0 0 0 0 0 0 0 0 0 0 0 0 0 0 0 0 0 0 0 0 0 0 0 0 0 0 0 0 0 0 0 0 0 0 0 0 0 0 0 0 0 0 0 0 0 0 0 0 0 0 0 0 0 0 0 0 0 0 0 0 0 0 0 0 0 0 0 0 0 0 0 0 0 0 0 0 0 0 0 0 0 0 0 0 0 0 0 0 0 0 0 0 0 0 0 0 0 0 0 0 0 0 0 0 0 0 0 0 0 0 0 0 0 0 0 0 0 0 0 0 0 0 0 0 0 0 0 0 0 0 0 0 0 0\nctxt 39531458\nbtime 1511783897\nprocesses 10028\nprocs_running 1\nprocs_blocked 0\nsoftirq 11722507 4 3762014 2 2151051 0 0 70 2517698 0 3291668\n
1511836307.001251091 0.000001741 mongod triton8 10007 7fdc17917700 read 0 30 NON_SOCKET /proc/stat
1511836307.001341915 0.000020072 mongod triton8 10007 7fdc17917700 read 1251 30 NON_SOCKET /proc/meminfo  MemTotal:        6110600 kB\nMemFree:         2867892 kB\nMemAvailable:    3596940 kB\nBuffers:          121316 kB\nCached:           826636 kB\nSwapCached:            0 kB\nActive:           844188 kB\nInactive:         459344 kB\nActive(anon):     384368 kB\nInactive(anon):    22028 kB\nActive(file):     459820 kB\nInactive(file):   437316 kB\nUnevictable:     1755928 kB\nMlocked:         1755928 kB\nSwapTotal:       8385532 kB\nSwapFree:        8385532 kB\nDirty:                 0 kB\nWriteback:             0 kB\nAnonPages:       2111600 kB\nMapped:           205596 kB\nShmem:             24344 kB\nSlab:             120112 kB\nSReclaimable:      90580 kB\nSUnreclaim:        29532 kB\nKernelStack:        5504 kB\nPageTables:        15076 kB\nNFS_Unstable:          0 kB\nBounce:                0 kB\nWritebackTmp:          0 kB\nCommitLimit:    11440832 kB\nCommitted_AS:    3415092 kB\nVmallocTotal:   34359738367 kB\nVmallocUsed:           0 kB\nVmallocChunk:          0 kB\nHardwareCorrupted:     0 kB\nAnonHugePages:   1910784 kB\nCmaTotal:              0 kB\nCmaFree:               0 kB\nHugePages_Total:       0\nHugePages_Free:        0\nHugePages_Rsvd:        0\nHugePages_Surp:        0\nHugepagesize:       2048 kB\nDirectMap4k:       83836 kB\nDirectMap2M:     6207488 kB\n
1511836307.001436717 0.000001414 mongod triton8 10007 7fdc17917700 read 0 30 NON_SOCKET /proc/meminfo
1511836307.001523284 0.000104440 mongod triton8 10007 7fdc17917700 read 1229 30 NON_SOCKET /proc/diskstats     1       0 ram0 0 0 0 0 0 0 0 0 0 0 0\n   1       1 ram1 0 0 0 0 0 0 0 0 0 0 0\n   1       2 ram2 0 0 0 0 0 0 0 0 0 0 0\n   1       3 ram3 0 0 0 0 0 0 0 0 0 0 0\n   1       4 ram4 0 0 0 0 0 0 0 0 0 0 0\n   1       5 ram5 0 0 0 0 0 0 0 0 0 0 0\n   1       6 ram6 0 0 0 0 0 0 0 0 0 0 0\n   1       7 ram7 0 0 0 0 0 0 0 0 0 0 0\n   1       8 ram8 0 0 0 0 0 0 0 0 0 0 0\n   1       9 ram9 0 0 0 0 0 0 0 0 0 0 0\n   1      10 ram10 0 0 0 0 0 0 0 0 0 0 0\n   1      11 ram11 0 0 0 0 0 0 0 0 0 0 0\n   1      12 ram12 0 0 0 0 0 0 0 0 0 0 0\n   1      13 ram13 0 0 0 0 0 0 0 0 0 0 0\n   1      14 ram14 0 0 0 0 0 0 0 0 0 0 0\n   1      15 ram15 0 0 0 0 0 0 0 0 0 0 0\n   7       0 loop0 0 0 0 0 0 0 0 0 0 0 0\n   7       1 loop1 0 0 0 0 0 0 0 0 0 0 0\n   7       2 loop2 0 0 0 0 0 0 0 0 0 0 0\n   7       3 loop3 0 0 0 0 0 0 0 0 0 0 0\n   7       4 loop4 0 0 0 0 0 0 0 0 0 0 0\n   7       5 loop5 0 0 0 0 0 0 0 0 0 0 0\n   7       6 loop6 0 0 0 0 0 0 0 0 0 0 0\n   7       7 loop7 0 0 0 0 0 0 0 0 0 0 0\n 253       0 vda 30776 0 1622010 24212 33579 58636 1325104 3038496 0 2768684 3063856\n 253       1 vda1 30604 0 1611314 24096 33282 58636 1325104 2956048 0 2689084 2981352\n 253       2 vda2 4 0 8 4 0 0 0 0 0 4 4\n 253       5 vda5 78 0 6512 0 0 0 0 0 0 0 0\n
1511836307.001717355 0.000004363 mongod triton8 10007 7fdc17917700 read 0 30 NON_SOCKET /proc/diskstats
1511836308.001358897 0.000064948 mongod triton8 10007 7fdc17917700 read 1324 30 NON_SOCKET /proc/stat  cpu  63602 634 32956 20466198 268461 0 2090 1034 0 0\ncpu0 15049 95 9001 5150898 32823 0 210 185 0 0\ncpu1 15786 71 7746 5120076 69710 0 67 170 0 0\ncpu2 16095 69 6424 5082728 112508 0 16 138 0 0\ncpu3 16671 398 9784 5112494 53419 0 1796 540 0 0\nintr 22370604 6 9 0 0 0 0 3 0 0 0 121 0 15 0 0 0 0 0 0 0 0 0 0 0 0 6 0 58231 0 2150357 1 343 0 0 0 0 0 0 0 0 0 0 0 0 0 0 0 0 0 0 0 0 0 0 0 0 0 0 0 0 0 0 0 0 0 0 0 0 0 0 0 0 0 0 0 0 0 0 0 0 0 0 0 0 0 0 0 0 0 0 0 0 0 0 0 0 0 0 0 0 0 0 0 0 0 0 0 0 0 0 0 0 0 0 0 0 0 0 0 0 0 0 0 0 0 0 0 0 0 0 0 0 0 0 0 0 0 0 0 0 0 0 0 0 0 0 0 0 0 0 0 0 0 0 0 0 0 0 0 0 0 0 0 0 0 0 0 0 0 0 0 0 0 0 0 0 0 0 0 0 0 0 0 0 0 0 0 0 0 0 0 0 0 0 0 0 0 0 0 0 0 0 0 0 0 0 0 0 0 0 0 0 0 0 0 0 0 0 0 0 0 0 0 0 0 0 0 0 0 0 0 0 0 0 0 0 0 0 0 0 0 0 0 0 0 0 0 0 0 0 0 0 0 0 0 0 0 0 0 0 0 0 0 0 0 0 0 0 0 0 0 0 0 0 0 0 0 0 0 0 0 0 0 0 0 0 0 0 0 0 0 0 0 0 0 0 0 0 0 0 0 0 0 0 0 0 0 0 0 0 0 0 0 0 0 0 0 0 0 0 0 0 0 0 0 0 0 0 0 0 0 0 0 0 0 0 0 0 0 0 0 0 0 0 0 0 0 0 0 0 0 0 0 0 0 0 0 0 0 0 0 0 0 0 0 0 0 0 0 0 0 0 0 0 0 0 0 0 0 0 0 0 0 0 0 0 0 0 0 0 0 0 0 0 0 0 0 0 0 0 0 0 0 0 0 0 0 0 0 0 0 0 0 0 0 0 0 0 0 0 0 0 0 0 0 0 0 0 0 0 0 0 0 0 0 0 0 0 0 0 0 0 0 0 0 0 0 0 0 0 0 0 0 0 0 0\nctxt 39532248\nbtime 1511783897\nprocesses 10028\nprocs_running 1\nprocs_blocked 0\nsoftirq 11722742 4 3762086 2 2151105 0 0 70 2517748 0 3291727\n
1511836308.001650540 0.000002766 mongod triton8 10007 7fdc17917700 read 0 30 NON_SOCKET /proc/stat
1511836308.001831552 0.000023069 mongod triton8 10007 7fdc17917700 read 1251 30 NON_SOCKET /proc/meminfo  MemTotal:        6110600 kB\nMemFree:         2867956 kB\nMemAvailable:    3597004 kB\nBuffers:          121320 kB\nCached:           826636 kB\nSwapCached:            0 kB\nActive:           844188 kB\nInactive:         459344 kB\nActive(anon):     384368 kB\nInactive(anon):    22028 kB\nActive(file):     459820 kB\nInactive(file):   437316 kB\nUnevictable:     1755928 kB\nMlocked:         1755928 kB\nSwapTotal:       8385532 kB\nSwapFree:        8385532 kB\nDirty:                 8 kB\nWriteback:             0 kB\nAnonPages:       2111600 kB\nMapped:           205596 kB\nShmem:             24344 kB\nSlab:             120112 kB\nSReclaimable:      90580 kB\nSUnreclaim:        29532 kB\nKernelStack:        5504 kB\nPageTables:        15076 kB\nNFS_Unstable:          0 kB\nBounce:                0 kB\nWritebackTmp:          0 kB\nCommitLimit:    11440832 kB\nCommitted_AS:    3415092 kB\nVmallocTotal:   34359738367 kB\nVmallocUsed:           0 kB\nVmallocChunk:          0 kB\nHardwareCorrupted:     0 kB\nAnonHugePages:   1910784 kB\nCmaTotal:              0 kB\nCmaFree:               0 kB\nHugePages_Total:       0\nHugePages_Free:        0\nHugePages_Rsvd:        0\nHugePages_Surp:        0\nHugepagesize:       2048 kB\nDirectMap4k:       83836 kB\nDirectMap2M:     6207488 kB\n
1511836308.001919685 0.000001250 mongod triton8 10007 7fdc17917700 read 0 30 NON_SOCKET /proc/meminfo
1511836308.002079183 0.000127628 mongod triton8 10007 7fdc17917700 read 1229 30 NON_SOCKET /proc/diskstats     1       0 ram0 0 0 0 0 0 0 0 0 0 0 0\n   1       1 ram1 0 0 0 0 0 0 0 0 0 0 0\n   1       2 ram2 0 0 0 0 0 0 0 0 0 0 0\n   1       3 ram3 0 0 0 0 0 0 0 0 0 0 0\n   1       4 ram4 0 0 0 0 0 0 0 0 0 0 0\n   1       5 ram5 0 0 0 0 0 0 0 0 0 0 0\n   1       6 ram6 0 0 0 0 0 0 0 0 0 0 0\n   1       7 ram7 0 0 0 0 0 0 0 0 0 0 0\n   1       8 ram8 0 0 0 0 0 0 0 0 0 0 0\n   1       9 ram9 0 0 0 0 0 0 0 0 0 0 0\n   1      10 ram10 0 0 0 0 0 0 0 0 0 0 0\n   1      11 ram11 0 0 0 0 0 0 0 0 0 0 0\n   1      12 ram12 0 0 0 0 0 0 0 0 0 0 0\n   1      13 ram13 0 0 0 0 0 0 0 0 0 0 0\n   1      14 ram14 0 0 0 0 0 0 0 0 0 0 0\n   1      15 ram15 0 0 0 0 0 0 0 0 0 0 0\n   7       0 loop0 0 0 0 0 0 0 0 0 0 0 0\n   7       1 loop1 0 0 0 0 0 0 0 0 0 0 0\n   7       2 loop2 0 0 0 0 0 0 0 0 0 0 0\n   7       3 loop3 0 0 0 0 0 0 0 0 0 0 0\n   7       4 loop4 0 0 0 0 0 0 0 0 0 0 0\n   7       5 loop5 0 0 0 0 0 0 0 0 0 0 0\n   7       6 loop6 0 0 0 0 0 0 0 0 0 0 0\n   7       7 loop7 0 0 0 0 0 0 0 0 0 0 0\n 253       0 vda 30776 0 1622010 24212 33579 58653 1325104 3038496 1 2768688 3063860\n 253       1 vda1 30604 0 1611314 24096 33282 58653 1325104 2956048 1 2689088 2981356\n 253       2 vda2 4 0 8 4 0 0 0 0 0 4 4\n 253       5 vda5 78 0 6512 0 0 0 0 0 0 0 0\n
1511836308.002251586 0.000004059 mongod triton8 10007 7fdc17917700 read 0 30 NON_SOCKET /proc/diskstats
1511836309.001425544 0.000062299 mongod triton8 10007 7fdc17917700 read 1324 30 NON_SOCKET /proc/stat  cpu  63602 634 32956 20466522 268532 0 2090 1034 0 0\ncpu0 15049 95 9001 5150996 32823 0 210 185 0 0\ncpu1 15786 71 7746 5120176 69710 0 67 170 0 0\ncpu2 16095 69 6424 5082756 112579 0 16 138 0 0\ncpu3 16671 398 9784 5112593 53419 0 1796 540 0 0\nintr 22371050 6 9 0 0 0 0 3 0 0 0 121 0 15 0 0 0 0 0 0 0 0 0 0 0 0 6 0 58235 0 2150396 1 343 0 0 0 0 0 0 0 0 0 0 0 0 0 0 0 0 0 0 0 0 0 0 0 0 0 0 0 0 0 0 0 0 0 0 0 0 0 0 0 0 0 0 0 0 0 0 0 0 0 0 0 0 0 0 0 0 0 0 0 0 0 0 0 0 0 0 0 0 0 0 0 0 0 0 0 0 0 0 0 0 0 0 0 0 0 0 0 0 0 0 0 0 0 0 0 0 0 0 0 0 0 0 0 0 0 0 0 0 0 0 0 0 0 0 0 0 0 0 0 0 0 0 0 0 0 0 0 0 0 0 0 0 0 0 0 0 0 0 0 0 0 0 0 0 0 0 0 0 0 0 0 0 0 0 0 0 0 0 0 0 0 0 0 0 0 0 0 0 0 0 0 0 0 0 0 0 0 0 0 0 0 0 0 0 0 0 0 0 0 0 0 0 0 0 0 0 0 0 0 0 0 0 0 0 0 0 0 0 0 0 0 0 0 0 0 0 0 0 0 0 0 0 0 0 0 0 0 0 0 0 0 0 0 0 0 0 0 0 0 0 0 0 0 0 0 0 0 0 0 0 0 0 0 0 0 0 0 0 0 0 0 0 0 0 0 0 0 0 0 0 0 0 0 0 0 0 0 0 0 0 0 0 0 0 0 0 0 0 0 0 0 0 0 0 0 0 0 0 0 0 0 0 0 0 0 0 0 0 0 0 0 0 0 0 0 0 0 0 0 0 0 0 0 0 0 0 0 0 0 0 0 0 0 0 0 0 0 0 0 0 0 0 0 0 0 0 0 0 0 0 0 0 0 0 0 0 0 0 0 0 0 0 0 0 0 0 0 0 0 0 0 0 0 0 0 0 0 0 0 0 0 0 0 0 0 0 0 0 0 0 0 0 0 0 0 0 0 0 0 0 0 0 0 0 0 0 0 0 0 0 0 0 0 0 0 0 0 0 0 0 0 0 0 0\nctxt 39533051\nbtime 1511783897\nprocesses 10028\nprocs_running 1\nprocs_blocked 0\nsoftirq 11722950 4 3762152 2 2151144 0 0 70 2517792 0 3291786\n
1511836309.001720922 0.000004784 mongod triton8 10007 7fdc17917700 read 0 30 NON_SOCKET /proc/stat
1511836309.001887641 0.000032701 mongod triton8 10007 7fdc17917700 read 1251 30 NON_SOCKET /proc/meminfo  MemTotal:        6110600 kB\nMemFree:         2867892 kB\nMemAvailable:    3596940 kB\nBuffers:          121324 kB\nCached:           826644 kB\nSwapCached:            0 kB\nActive:           844188 kB\nInactive:         459344 kB\nActive(anon):     384368 kB\nInactive(anon):    22028 kB\nActive(file):     459820 kB\nInactive(file):   437316 kB\nUnevictable:     1755928 kB\nMlocked:         1755928 kB\nSwapTotal:       8385532 kB\nSwapFree:        8385532 kB\nDirty:                12 kB\nWriteback:             0 kB\nAnonPages:       2111600 kB\nMapped:           205596 kB\nShmem:             24344 kB\nSlab:             120112 kB\nSReclaimable:      90580 kB\nSUnreclaim:        29532 kB\nKernelStack:        5504 kB\nPageTables:        15076 kB\nNFS_Unstable:          0 kB\nBounce:                0 kB\nWritebackTmp:          0 kB\nCommitLimit:    11440832 kB\nCommitted_AS:    3415092 kB\nVmallocTotal:   34359738367 kB\nVmallocUsed:           0 kB\nVmallocChunk:          0 kB\nHardwareCorrupted:     0 kB\nAnonHugePages:   1910784 kB\nCmaTotal:              0 kB\nCmaFree:               0 kB\nHugePages_Total:       0\nHugePages_Free:        0\nHugePages_Rsvd:        0\nHugePages_Surp:        0\nHugepagesize:       2048 kB\nDirectMap4k:       83836 kB\nDirectMap2M:     6207488 kB\n
1511836309.002125013 0.000003185 mongod triton8 10007 7fdc17917700 read 0 30 NON_SOCKET /proc/meminfo
1511836309.002338945 0.000213961 mongod triton8 10007 7fdc17917700 read 1229 30 NON_SOCKET /proc/diskstats     1       0 ram0 0 0 0 0 0 0 0 0 0 0 0\n   1       1 ram1 0 0 0 0 0 0 0 0 0 0 0\n   1       2 ram2 0 0 0 0 0 0 0 0 0 0 0\n   1       3 ram3 0 0 0 0 0 0 0 0 0 0 0\n   1       4 ram4 0 0 0 0 0 0 0 0 0 0 0\n   1       5 ram5 0 0 0 0 0 0 0 0 0 0 0\n   1       6 ram6 0 0 0 0 0 0 0 0 0 0 0\n   1       7 ram7 0 0 0 0 0 0 0 0 0 0 0\n   1       8 ram8 0 0 0 0 0 0 0 0 0 0 0\n   1       9 ram9 0 0 0 0 0 0 0 0 0 0 0\n   1      10 ram10 0 0 0 0 0 0 0 0 0 0 0\n   1      11 ram11 0 0 0 0 0 0 0 0 0 0 0\n   1      12 ram12 0 0 0 0 0 0 0 0 0 0 0\n   1      13 ram13 0 0 0 0 0 0 0 0 0 0 0\n   1      14 ram14 0 0 0 0 0 0 0 0 0 0 0\n   1      15 ram15 0 0 0 0 0 0 0 0 0 0 0\n   7       0 loop0 0 0 0 0 0 0 0 0 0 0 0\n   7       1 loop1 0 0 0 0 0 0 0 0 0 0 0\n   7       2 loop2 0 0 0 0 0 0 0 0 0 0 0\n   7       3 loop3 0 0 0 0 0 0 0 0 0 0 0\n   7       4 loop4 0 0 0 0 0 0 0 0 0 0 0\n   7       5 loop5 0 0 0 0 0 0 0 0 0 0 0\n   7       6 loop6 0 0 0 0 0 0 0 0 0 0 0\n   7       7 loop7 0 0 0 0 0 0 0 0 0 0 0\n 253       0 vda 30776 0 1622010 24212 33581 58653 1325256 3039220 0 2769408 3064580\n 253       1 vda1 30604 0 1611314 24096 33284 58653 1325256 2956772 0 2689808 2982076\n 253       2 vda2 4 0 8 4 0 0 0 0 0 4 4\n 253       5 vda5 78 0 6512 0 0 0 0 0 0 0 0\n
1511836309.002718793 0.000005502 mongod triton8 10007 7fdc17917700 read 0 30 NON_SOCKET /proc/diskstats
1511836310.001354477 0.000062509 mongod triton8 10007 7fdc17917700 read 1324 30 NON_SOCKET /proc/stat  cpu  63604 634 32957 20466917 268532 0 2090 1034 0 0\ncpu0 15050 95 9001 5151094 32823 0 210 185 0 0\ncpu1 15786 71 7746 5120275 69710 0 67 170 0 0\ncpu2 16095 69 6424 5082854 112579 0 16 138 0 0\ncpu3 16672 398 9785 5112692 53419 0 1796 540 0 0\nintr 22371496 6 9 0 0 0 0 3 0 0 0 121 0 15 0 0 0 0 0 0 0 0 0 0 0 0 6 0 58235 0 2150429 1 343 0 0 0 0 0 0 0 0 0 0 0 0 0 0 0 0 0 0 0 0 0 0 0 0 0 0 0 0 0 0 0 0 0 0 0 0 0 0 0 0 0 0 0 0 0 0 0 0 0 0 0 0 0 0 0 0 0 0 0 0 0 0 0 0 0 0 0 0 0 0 0 0 0 0 0 0 0 0 0 0 0 0 0 0 0 0 0 0 0 0 0 0 0 0 0 0 0 0 0 0 0 0 0 0 0 0 0 0 0 0 0 0 0 0 0 0 0 0 0 0 0 0 0 0 0 0 0 0 0 0 0 0 0 0 0 0 0 0 0 0 0 0 0 0 0 0 0 0 0 0 0 0 0 0 0 0 0 0 0 0 0 0 0 0 0 0 0 0 0 0 0 0 0 0 0 0 0 0 0 0 0 0 0 0 0 0 0 0 0 0 0 0 0 0 0 0 0 0 0 0 0 0 0 0 0 0 0 0 0 0 0 0 0 0 0 0 0 0 0 0 0 0 0 0 0 0 0 0 0 0 0 0 0 0 0 0 0 0 0 0 0 0 0 0 0 0 0 0 0 0 0 0 0 0 0 0 0 0 0 0 0 0 0 0 0 0 0 0 0 0 0 0 0 0 0 0 0 0 0 0 0 0 0 0 0 0 0 0 0 0 0 0 0 0 0 0 0 0 0 0 0 0 0 0 0 0 0 0 0 0 0 0 0 0 0 0 0 0 0 0 0 0 0 0 0 0 0 0 0 0 0 0 0 0 0 0 0 0 0 0 0 0 0 0 0 0 0 0 0 0 0 0 0 0 0 0 0 0 0 0 0 0 0 0 0 0 0 0 0 0 0 0 0 0 0 0 0 0 0 0 0 0 0 0 0 0 0 0 0 0 0 0 0 0 0 0 0 0 0 0 0 0 0 0 0 0 0 0 0 0 0 0 0 0 0 0 0 0 0 0 0 0 0 0\nctxt 39533899\nbtime 1511783897\nprocesses 10028\nprocs_running 1\nprocs_blocked 0\nsoftirq 11723132 4 3762210 2 2151177 0 0 70 2517833 0 3291836\n
1511836310.001627945 0.000003171 mongod triton8 10007 7fdc17917700 read 0 30 NON_SOCKET /proc/stat
1511836310.001771927 0.000026330 mongod triton8 10007 7fdc17917700 read 1251 30 NON_SOCKET /proc/meminfo  MemTotal:        6110600 kB\nMemFree:         2867956 kB\nMemAvailable:    3597004 kB\nBuffers:          121324 kB\nCached:           826648 kB\nSwapCached:            0 kB\nActive:           844188 kB\nInactive:         459344 kB\nActive(anon):     384368 kB\nInactive(anon):    22028 kB\nActive(file):     459820 kB\nInactive(file):   437316 kB\nUnevictable:     1755928 kB\nMlocked:         1755928 kB\nSwapTotal:       8385532 kB\nSwapFree:        8385532 kB\nDirty:                80 kB\nWriteback:             0 kB\nAnonPages:       2111600 kB\nMapped:           205596 kB\nShmem:             24344 kB\nSlab:             120112 kB\nSReclaimable:      90580 kB\nSUnreclaim:        29532 kB\nKernelStack:        5504 kB\nPageTables:        15076 kB\nNFS_Unstable:          0 kB\nBounce:                0 kB\nWritebackTmp:          0 kB\nCommitLimit:    11440832 kB\nCommitted_AS:    3415092 kB\nVmallocTotal:   34359738367 kB\nVmallocUsed:           0 kB\nVmallocChunk:          0 kB\nHardwareCorrupted:     0 kB\nAnonHugePages:   1910784 kB\nCmaTotal:              0 kB\nCmaFree:               0 kB\nHugePages_Total:       0\nHugePages_Free:        0\nHugePages_Rsvd:        0\nHugePages_Surp:        0\nHugepagesize:       2048 kB\nDirectMap4k:       83836 kB\nDirectMap2M:     6207488 kB\n
1511836310.001922909 0.000002259 mongod triton8 10007 7fdc17917700 read 0 30 NON_SOCKET /proc/meminfo
1511836310.002216787 0.000150386 mongod triton8 10007 7fdc17917700 read 1229 30 NON_SOCKET /proc/diskstats     1       0 ram0 0 0 0 0 0 0 0 0 0 0 0\n   1       1 ram1 0 0 0 0 0 0 0 0 0 0 0\n   1       2 ram2 0 0 0 0 0 0 0 0 0 0 0\n   1       3 ram3 0 0 0 0 0 0 0 0 0 0 0\n   1       4 ram4 0 0 0 0 0 0 0 0 0 0 0\n   1       5 ram5 0 0 0 0 0 0 0 0 0 0 0\n   1       6 ram6 0 0 0 0 0 0 0 0 0 0 0\n   1       7 ram7 0 0 0 0 0 0 0 0 0 0 0\n   1       8 ram8 0 0 0 0 0 0 0 0 0 0 0\n   1       9 ram9 0 0 0 0 0 0 0 0 0 0 0\n   1      10 ram10 0 0 0 0 0 0 0 0 0 0 0\n   1      11 ram11 0 0 0 0 0 0 0 0 0 0 0\n   1      12 ram12 0 0 0 0 0 0 0 0 0 0 0\n   1      13 ram13 0 0 0 0 0 0 0 0 0 0 0\n   1      14 ram14 0 0 0 0 0 0 0 0 0 0 0\n   1      15 ram15 0 0 0 0 0 0 0 0 0 0 0\n   7       0 loop0 0 0 0 0 0 0 0 0 0 0 0\n   7       1 loop1 0 0 0 0 0 0 0 0 0 0 0\n   7       2 loop2 0 0 0 0 0 0 0 0 0 0 0\n   7       3 loop3 0 0 0 0 0 0 0 0 0 0 0\n   7       4 loop4 0 0 0 0 0 0 0 0 0 0 0\n   7       5 loop5 0 0 0 0 0 0 0 0 0 0 0\n   7       6 loop6 0 0 0 0 0 0 0 0 0 0 0\n   7       7 loop7 0 0 0 0 0 0 0 0 0 0 0\n 253       0 vda 30776 0 1622010 24212 33581 58653 1325256 3039220 0 2769408 3064580\n 253       1 vda1 30604 0 1611314 24096 33284 58653 1325256 2956772 0 2689808 2982076\n 253       2 vda2 4 0 8 4 0 0 0 0 0 4 4\n 253       5 vda5 78 0 6512 0 0 0 0 0 0 0 0\n
1511836310.002461183 0.000004814 mongod triton8 10007 7fdc17917700 read 0 30 NON_SOCKET /proc/diskstats
1511836311.001448226 0.000057263 mongod triton8 10007 7fdc17917700 read 1324 30 NON_SOCKET /proc/stat  cpu  63604 634 32958 20467312 268532 0 2090 1034 0 0\ncpu0 15050 95 9001 5151192 32823 0 210 185 0 0\ncpu1 15786 71 7746 5120375 69710 0 67 170 0 0\ncpu2 16095 69 6424 5082953 112579 0 16 138 0 0\ncpu3 16672 398 9785 5112791 53419 0 1796 540 0 0\nintr 22371949 6 9 0 0 0 0 3 0 0 0 121 0 15 0 0 0 0 0 0 0 0 0 0 0 0 6 0 58235 0 2150474 1 343 0 0 0 0 0 0 0 0 0 0 0 0 0 0 0 0 0 0 0 0 0 0 0 0 0 0 0 0 0 0 0 0 0 0 0 0 0 0 0 0 0 0 0 0 0 0 0 0 0 0 0 0 0 0 0 0 0 0 0 0 0 0 0 0 0 0 0 0 0 0 0 0 0 0 0 0 0 0 0 0 0 0 0 0 0 0 0 0 0 0 0 0 0 0 0 0 0 0 0 0 0 0 0 0 0 0 0 0 0 0 0 0 0 0 0 0 0 0 0 0 0 0 0 0 0 0 0 0 0 0 0 0 0 0 0 0 0 0 0 0 0 0 0 0 0 0 0 0 0 0 0 0 0 0 0 0 0 0 0 0 0 0 0 0 0 0 0 0 0 0 0 0 0 0 0 0 0 0 0 0 0 0 0 0 0 0 0 0 0 0 0 0 0 0 0 0 0 0 0 0 0 0 0 0 0 0 0 0 0 0 0 0 0 0 0 0 0 0 0 0 0 0 0 0 0 0 0 0 0 0 0 0 0 0 0 0 0 0 0 0 0 0 0 0 0 0 0 0 0 0 0 0 0 0 0 0 0 0 0 0 0 0 0 0 0 0 0 0 0 0 0 0 0 0 0 0 0 0 0 0 0 0 0 0 0 0 0 0 0 0 0 0 0 0 0 0 0 0 0 0 0 0 0 0 0 0 0 0 0 0 0 0 0 0 0 0 0 0 0 0 0 0 0 0 0 0 0 0 0 0 0 0 0 0 0 0 0 0 0 0 0 0 0 0 0 0 0 0 0 0 0 0 0 0 0 0 0 0 0 0 0 0 0 0 0 0 0 0 0 0 0 0 0 0 0 0 0 0 0 0 0 0 0 0 0 0 0 0 0 0 0 0 0 0 0 0 0 0 0 0 0 0 0 0 0 0 0 0 0 0 0 0 0 0 0 0 0 0 0 0 0 0 0 0\nctxt 39534725\nbtime 1511783897\nprocesses 10028\nprocs_running 1\nprocs_blocked 0\nsoftirq 11723357 4 3762279 2 2151222 0 0 70 2517883 0 3291897\n
1511836311.001716212 0.000002873 mongod triton8 10007 7fdc17917700 read 0 30 NON_SOCKET /proc/stat
1511836311.001863306 0.000026327 mongod triton8 10007 7fdc17917700 read 1251 30 NON_SOCKET /proc/meminfo  MemTotal:        6110600 kB\nMemFree:         2867828 kB\nMemAvailable:    3596896 kB\nBuffers:          121324 kB\nCached:           826652 kB\nSwapCached:            0 kB\nActive:           844244 kB\nInactive:         459344 kB\nActive(anon):     384404 kB\nInactive(anon):    22028 kB\nActive(file):     459840 kB\nInactive(file):   437316 kB\nUnevictable:     1755928 kB\nMlocked:         1755928 kB\nSwapTotal:       8385532 kB\nSwapFree:        8385532 kB\nDirty:                84 kB\nWriteback:             0 kB\nAnonPages:       2111648 kB\nMapped:           205596 kB\nShmem:             24344 kB\nSlab:             120112 kB\nSReclaimable:      90580 kB\nSUnreclaim:        29532 kB\nKernelStack:        5504 kB\nPageTables:        15076 kB\nNFS_Unstable:          0 kB\nBounce:                0 kB\nWritebackTmp:          0 kB\nCommitLimit:    11440832 kB\nCommitted_AS:    3415092 kB\nVmallocTotal:   34359738367 kB\nVmallocUsed:           0 kB\nVmallocChunk:          0 kB\nHardwareCorrupted:     0 kB\nAnonHugePages:   1910784 kB\nCmaTotal:              0 kB\nCmaFree:               0 kB\nHugePages_Total:       0\nHugePages_Free:        0\nHugePages_Rsvd:        0\nHugePages_Surp:        0\nHugepagesize:       2048 kB\nDirectMap4k:       83836 kB\nDirectMap2M:     6207488 kB\n
1511836311.002189851 0.000003996 mongod triton8 10007 7fdc17917700 read 0 30 NON_SOCKET /proc/meminfo
1511836311.002432053 0.000251738 mongod triton8 10007 7fdc17917700 read 1229 30 NON_SOCKET /proc/diskstats     1       0 ram0 0 0 0 0 0 0 0 0 0 0 0\n   1       1 ram1 0 0 0 0 0 0 0 0 0 0 0\n   1       2 ram2 0 0 0 0 0 0 0 0 0 0 0\n   1       3 ram3 0 0 0 0 0 0 0 0 0 0 0\n   1       4 ram4 0 0 0 0 0 0 0 0 0 0 0\n   1       5 ram5 0 0 0 0 0 0 0 0 0 0 0\n   1       6 ram6 0 0 0 0 0 0 0 0 0 0 0\n   1       7 ram7 0 0 0 0 0 0 0 0 0 0 0\n   1       8 ram8 0 0 0 0 0 0 0 0 0 0 0\n   1       9 ram9 0 0 0 0 0 0 0 0 0 0 0\n   1      10 ram10 0 0 0 0 0 0 0 0 0 0 0\n   1      11 ram11 0 0 0 0 0 0 0 0 0 0 0\n   1      12 ram12 0 0 0 0 0 0 0 0 0 0 0\n   1      13 ram13 0 0 0 0 0 0 0 0 0 0 0\n   1      14 ram14 0 0 0 0 0 0 0 0 0 0 0\n   1      15 ram15 0 0 0 0 0 0 0 0 0 0 0\n   7       0 loop0 0 0 0 0 0 0 0 0 0 0 0\n   7       1 loop1 0 0 0 0 0 0 0 0 0 0 0\n   7       2 loop2 0 0 0 0 0 0 0 0 0 0 0\n   7       3 loop3 0 0 0 0 0 0 0 0 0 0 0\n   7       4 loop4 0 0 0 0 0 0 0 0 0 0 0\n   7       5 loop5 0 0 0 0 0 0 0 0 0 0 0\n   7       6 loop6 0 0 0 0 0 0 0 0 0 0 0\n   7       7 loop7 0 0 0 0 0 0 0 0 0 0 0\n 253       0 vda 30776 0 1622010 24212 33581 58653 1325256 3039220 0 2769408 3064580\n 253       1 vda1 30604 0 1611314 24096 33284 58653 1325256 2956772 0 2689808 2982076\n 253       2 vda2 4 0 8 4 0 0 0 0 0 4 4\n 253       5 vda5 78 0 6512 0 0 0 0 0 0 0 0\n
1511836311.002852077 0.000006044 mongod triton8 10007 7fdc17917700 read 0 30 NON_SOCKET /proc/diskstats
1511836312.001466834 0.000061248 mongod triton8 10007 7fdc17917700 read 1324 30 NON_SOCKET /proc/stat  cpu  63604 634 32959 20467708 268532 0 2091 1034 0 0\ncpu0 15050 95 9002 5151292 32823 0 210 185 0 0\ncpu1 15787 71 7746 5120474 69710 0 67 170 0 0\ncpu2 16095 69 6424 5083051 112579 0 16 138 0 0\ncpu3 16672 398 9786 5112890 53419 0 1796 540 0 0\nintr 22372441 6 9 0 0 0 0 3 0 0 0 121 0 15 0 0 0 0 0 0 0 0 0 0 0 0 6 0 58235 0 2150525 1 343 0 0 0 0 0 0 0 0 0 0 0 0 0 0 0 0 0 0 0 0 0 0 0 0 0 0 0 0 0 0 0 0 0 0 0 0 0 0 0 0 0 0 0 0 0 0 0 0 0 0 0 0 0 0 0 0 0 0 0 0 0 0 0 0 0 0 0 0 0 0 0 0 0 0 0 0 0 0 0 0 0 0 0 0 0 0 0 0 0 0 0 0 0 0 0 0 0 0 0 0 0 0 0 0 0 0 0 0 0 0 0 0 0 0 0 0 0 0 0 0 0 0 0 0 0 0 0 0 0 0 0 0 0 0 0 0 0 0 0 0 0 0 0 0 0 0 0 0 0 0 0 0 0 0 0 0 0 0 0 0 0 0 0 0 0 0 0 0 0 0 0 0 0 0 0 0 0 0 0 0 0 0 0 0 0 0 0 0 0 0 0 0 0 0 0 0 0 0 0 0 0 0 0 0 0 0 0 0 0 0 0 0 0 0 0 0 0 0 0 0 0 0 0 0 0 0 0 0 0 0 0 0 0 0 0 0 0 0 0 0 0 0 0 0 0 0 0 0 0 0 0 0 0 0 0 0 0 0 0 0 0 0 0 0 0 0 0 0 0 0 0 0 0 0 0 0 0 0 0 0 0 0 0 0 0 0 0 0 0 0 0 0 0 0 0 0 0 0 0 0 0 0 0 0 0 0 0 0 0 0 0 0 0 0 0 0 0 0 0 0 0 0 0 0 0 0 0 0 0 0 0 0 0 0 0 0 0 0 0 0 0 0 0 0 0 0 0 0 0 0 0 0 0 0 0 0 0 0 0 0 0 0 0 0 0 0 0 0 0 0 0 0 0 0 0 0 0 0 0 0 0 0 0 0 0 0 0 0 0 0 0 0 0 0 0 0 0 0 0 0 0 0 0 0 0 0 0 0 0 0 0 0 0 0 0 0 0 0 0 0 0 0 0 0\nctxt 39535560\nbtime 1511783897\nprocesses 10028\nprocs_running 1\nprocs_blocked 0\nsoftirq 11723635 4 3762368 2 2151273 0 0 70 2517943 0 3291975\n
1511836312.001751855 0.000004419 mongod triton8 10007 7fdc17917700 read 0 30 NON_SOCKET /proc/stat
1511836312.002063256 0.000040969 mongod triton8 10007 7fdc17917700 read 1251 30 NON_SOCKET /proc/meminfo  MemTotal:        6110600 kB\nMemFree:         2867892 kB\nMemAvailable:    3596960 kB\nBuffers:          121324 kB\nCached:           826656 kB\nSwapCached:            0 kB\nActive:           844244 kB\nInactive:         459344 kB\nActive(anon):     384404 kB\nInactive(anon):    22028 kB\nActive(file):     459840 kB\nInactive(file):   437316 kB\nUnevictable:     1755928 kB\nMlocked:         1755928 kB\nSwapTotal:       8385532 kB\nSwapFree:        8385532 kB\nDirty:                88 kB\nWriteback:             0 kB\nAnonPages:       2111648 kB\nMapped:           205596 kB\nShmem:             24344 kB\nSlab:             120112 kB\nSReclaimable:      90580 kB\nSUnreclaim:        29532 kB\nKernelStack:        5504 kB\nPageTables:        15076 kB\nNFS_Unstable:          0 kB\nBounce:                0 kB\nWritebackTmp:          0 kB\nCommitLimit:    11440832 kB\nCommitted_AS:    3415092 kB\nVmallocTotal:   34359738367 kB\nVmallocUsed:           0 kB\nVmallocChunk:          0 kB\nHardwareCorrupted:     0 kB\nAnonHugePages:   1910784 kB\nCmaTotal:              0 kB\nCmaFree:               0 kB\nHugePages_Total:       0\nHugePages_Free:        0\nHugePages_Rsvd:        0\nHugePages_Surp:        0\nHugepagesize:       2048 kB\nDirectMap4k:       83836 kB\nDirectMap2M:     6207488 kB\n
1511836312.002302480 0.000003084 mongod triton8 10007 7fdc17917700 read 0 30 NON_SOCKET /proc/meminfo
1511836312.002475562 0.000262156 mongod triton8 10007 7fdc17917700 read 1229 30 NON_SOCKET /proc/diskstats     1       0 ram0 0 0 0 0 0 0 0 0 0 0 0\n   1       1 ram1 0 0 0 0 0 0 0 0 0 0 0\n   1       2 ram2 0 0 0 0 0 0 0 0 0 0 0\n   1       3 ram3 0 0 0 0 0 0 0 0 0 0 0\n   1       4 ram4 0 0 0 0 0 0 0 0 0 0 0\n   1       5 ram5 0 0 0 0 0 0 0 0 0 0 0\n   1       6 ram6 0 0 0 0 0 0 0 0 0 0 0\n   1       7 ram7 0 0 0 0 0 0 0 0 0 0 0\n   1       8 ram8 0 0 0 0 0 0 0 0 0 0 0\n   1       9 ram9 0 0 0 0 0 0 0 0 0 0 0\n   1      10 ram10 0 0 0 0 0 0 0 0 0 0 0\n   1      11 ram11 0 0 0 0 0 0 0 0 0 0 0\n   1      12 ram12 0 0 0 0 0 0 0 0 0 0 0\n   1      13 ram13 0 0 0 0 0 0 0 0 0 0 0\n   1      14 ram14 0 0 0 0 0 0 0 0 0 0 0\n   1      15 ram15 0 0 0 0 0 0 0 0 0 0 0\n   7       0 loop0 0 0 0 0 0 0 0 0 0 0 0\n   7       1 loop1 0 0 0 0 0 0 0 0 0 0 0\n   7       2 loop2 0 0 0 0 0 0 0 0 0 0 0\n   7       3 loop3 0 0 0 0 0 0 0 0 0 0 0\n   7       4 loop4 0 0 0 0 0 0 0 0 0 0 0\n   7       5 loop5 0 0 0 0 0 0 0 0 0 0 0\n   7       6 loop6 0 0 0 0 0 0 0 0 0 0 0\n   7       7 loop7 0 0 0 0 0 0 0 0 0 0 0\n 253       0 vda 30776 0 1622010 24212 33581 58653 1325256 3039220 0 2769408 3064580\n 253       1 vda1 30604 0 1611314 24096 33284 58653 1325256 2956772 0 2689808 2982076\n 253       2 vda2 4 0 8 4 0 0 0 0 0 4 4\n 253       5 vda5 78 0 6512 0 0 0 0 0 0 0 0\n
1511836312.002853973 0.000007089 mongod triton8 10007 7fdc17917700 read 0 30 NON_SOCKET /proc/diskstats
1511836312.005492975 0.000038480 mongod triton8 10007 7fdc17917700 writev 6573 30 NON_SOCKET /var/lib/mongodb/diagnostic.data/metrics.interim.temp  ....\t_id..:w.`....type......data......._..x..<m...U..g...&]o]HBZ.....]......z.4.x...&nK.r.............?.E...J.*(..Q.E Q\n..Ri.R@... ...H.J.P..?....9...z..y...s.9s?....3f..Lx..?}`..R............}..C..~(.6..Kb/\t...\t....6..s......Q.v..l.@.0.....<.....~.4J..P7......e..=..2...zM..<......a.... .7...D..h..E/.yL.s.<....n.R_.......C..b...A :\t.H.s..I.X....[..y...\.n.0..b,.{...;I.7.....p..B...p....Jg...N{..|.t.x.."...]....C......v6.o.D.ch.......z..T.......1\t....m.B...0.-..{@,..3.\tY.f}S.....R..%......b....<.6f.5..6;l.o..3..U..6.b<....Uv gq8g.......y..\.\t4/.....q...xa{ ..0.d.6.w.!...U.V.$.D.]..P^....J$A:X...B.U....u....\t.~...".:=.S.n."....\v..p0..._.S..\tE....y........]...4rQK\t.\n_...H.a.o...8........L..T.Z.....a...t..h.V.].z`.fd.E!..E.....U......J.C.f"4r2A;.`..3.`5:......@.^..a....v4..$-..~.5..<.........*.i........d..;\n\ri0.Q...1....i.F...otx....'Oe].......\n........a.p.^h}r.\t41.dW...{_A..G...y....G.1...X..\rWth.h\M...Wc\r<\r.........]^.~}e..G...t.....O;.....s..w..C..x..N.-3L..:..%c.6........,1pN..Ta....J98Z.e...3..\:w.08[a....)..........T.aV.v\.^<}....\h.*<d......]2.rfh<J...6.....L....gO.?{..y.L....N...(a..r....Bw.6.N...~...O.......%\t..5.8...Q......y1u.....##...cC_.L..?w.S..E..Z.G.8g..\t.....N.;..^..fH./.........U5....,.2.?...g:.".....p..oy......8~.....%..\t.......s.N.'..L,..N....M.5.2.i..#...n...:.......~...^n....@4.D:.......y.....&..hq.-..uqyx...@].v_...LG........^....I..DS..`l{I......a..."..._.~..,......6.bGt...S..../.R....b.w.A:................E.K...D.q..i....]G;e\S\u.. 4....S.....CM.P...0.[.......yW.0....B/..M.....h......BM...6t..6...\n......T`5..AG..0\\n.w..p.........$.^...i.%.t.X..C.b...0.)...... /.#...................Ea(C....E....1..c?<\.}...2.d^.q8@..D...#E..W....v.........YP..xh.P1S.g.#.u.....~..s.1....=.........!.mL\t.S..a@.l....-..4.\tcO.`x..Q..=7......$..ur\r5wJ..;.L8.P..1.C+.27b.%...qx...;..)r...j....~#...A..\n.b+;YR......+p=R.b?..0.I.E..4.#.
1511836313.000555760 0.000024817 mongod triton8 10007 7fdc17917700 read 1324 30 NON_SOCKET /proc/stat  cpu  63608 634 32961 20468099 268535 0 2091 1034 0 0\ncpu0 15050 95 9002 5151390 32823 0 210 185 0 0\ncpu1 15787 71 7747 5120572 69710 0 67 170 0 0\ncpu2 16098 69 6425 5083146 112581 0 16 138 0 0\ncpu3 16672 398 9786 5112989 53419 0 1796 540 0 0\nintr 22372901 6 9 0 0 0 0 3 0 0 0 121 0 15 0 0 0 0 0 0 0 0 0 0 0 0 6 0 58239 0 2150569 1 343 0 0 0 0 0 0 0 0 0 0 0 0 0 0 0 0 0 0 0 0 0 0 0 0 0 0 0 0 0 0 0 0 0 0 0 0 0 0 0 0 0 0 0 0 0 0 0 0 0 0 0 0 0 0 0 0 0 0 0 0 0 0 0 0 0 0 0 0 0 0 0 0 0 0 0 0 0 0 0 0 0 0 0 0 0 0 0 0 0 0 0 0 0 0 0 0 0 0 0 0 0 0 0 0 0 0 0 0 0 0 0 0 0 0 0 0 0 0 0 0 0 0 0 0 0 0 0 0 0 0 0 0 0 0 0 0 0 0 0 0 0 0 0 0 0 0 0 0 0 0 0 0 0 0 0 0 0 0 0 0 0 0 0 0 0 0 0 0 0 0 0 0 0 0 0 0 0 0 0 0 0 0 0 0 0 0 0 0 0 0 0 0 0 0 0 0 0 0 0 0 0 0 0 0 0 0 0 0 0 0 0 0 0 0 0 0 0 0 0 0 0 0 0 0 0 0 0 0 0 0 0 0 0 0 0 0 0 0 0 0 0 0 0 0 0 0 0 0 0 0 0 0 0 0 0 0 0 0 0 0 0 0 0 0 0 0 0 0 0 0 0 0 0 0 0 0 0 0 0 0 0 0 0 0 0 0 0 0 0 0 0 0 0 0 0 0 0 0 0 0 0 0 0 0 0 0 0 0 0 0 0 0 0 0 0 0 0 0 0 0 0 0 0 0 0 0 0 0 0 0 0 0 0 0 0 0 0 0 0 0 0 0 0 0 0 0 0 0 0 0 0 0 0 0 0 0 0 0 0 0 0 0 0 0 0 0 0 0 0 0 0 0 0 0 0 0 0 0 0 0 0 0 0 0 0 0 0 0 0 0 0 0 0 0 0 0 0 0 0 0 0 0 0 0 0 0 0 0 0 0 0 0 0 0 0 0 0 0 0 0 0 0 0 0\nctxt 39536406\nbtime 1511783897\nprocesses 10028\nprocs_running 1\nprocs_blocked 0\nsoftirq 11723875 4 3762444 2 2151317 0 0 70 2517996 0 3292042\n
1511836313.000793529 0.000001480 mongod triton8 10007 7fdc17917700 read 0 30 NON_SOCKET /proc/stat
1511836313.000895814 0.000012268 mongod triton8 10007 7fdc17917700 read 1251 30 NON_SOCKET /proc/meminfo  MemTotal:        6110600 kB\nMemFree:         2867580 kB\nMemAvailable:    3596688 kB\nBuffers:          121332 kB\nCached:           826672 kB\nSwapCached:            0 kB\nActive:           844636 kB\nInactive:         459344 kB\nActive(anon):     384756 kB\nInactive(anon):    22028 kB\nActive(file):     459880 kB\nInactive(file):   437316 kB\nUnevictable:     1755928 kB\nMlocked:         1755928 kB\nSwapTotal:       8385532 kB\nSwapFree:        8385532 kB\nDirty:               104 kB\nWriteback:             0 kB\nAnonPages:       2112032 kB\nMapped:           205596 kB\nShmem:             24344 kB\nSlab:             120112 kB\nSReclaimable:      90580 kB\nSUnreclaim:        29532 kB\nKernelStack:        5504 kB\nPageTables:        15076 kB\nNFS_Unstable:          0 kB\nBounce:                0 kB\nWritebackTmp:          0 kB\nCommitLimit:    11440832 kB\nCommitted_AS:    3415092 kB\nVmallocTotal:   34359738367 kB\nVmallocUsed:           0 kB\nVmallocChunk:          0 kB\nHardwareCorrupted:     0 kB\nAnonHugePages:   1910784 kB\nCmaTotal:              0 kB\nCmaFree:               0 kB\nHugePages_Total:       0\nHugePages_Free:        0\nHugePages_Rsvd:        0\nHugePages_Surp:        0\nHugepagesize:       2048 kB\nDirectMap4k:       83836 kB\nDirectMap2M:     6207488 kB\n
1511836313.001004399 0.000001329 mongod triton8 10007 7fdc17917700 read 0 30 NON_SOCKET /proc/meminfo
1511836313.001101166 0.000058874 mongod triton8 10007 7fdc17917700 read 1229 30 NON_SOCKET /proc/diskstats     1       0 ram0 0 0 0 0 0 0 0 0 0 0 0\n   1       1 ram1 0 0 0 0 0 0 0 0 0 0 0\n   1       2 ram2 0 0 0 0 0 0 0 0 0 0 0\n   1       3 ram3 0 0 0 0 0 0 0 0 0 0 0\n   1       4 ram4 0 0 0 0 0 0 0 0 0 0 0\n   1       5 ram5 0 0 0 0 0 0 0 0 0 0 0\n   1       6 ram6 0 0 0 0 0 0 0 0 0 0 0\n   1       7 ram7 0 0 0 0 0 0 0 0 0 0 0\n   1       8 ram8 0 0 0 0 0 0 0 0 0 0 0\n   1       9 ram9 0 0 0 0 0 0 0 0 0 0 0\n   1      10 ram10 0 0 0 0 0 0 0 0 0 0 0\n   1      11 ram11 0 0 0 0 0 0 0 0 0 0 0\n   1      12 ram12 0 0 0 0 0 0 0 0 0 0 0\n   1      13 ram13 0 0 0 0 0 0 0 0 0 0 0\n   1      14 ram14 0 0 0 0 0 0 0 0 0 0 0\n   1      15 ram15 0 0 0 0 0 0 0 0 0 0 0\n   7       0 loop0 0 0 0 0 0 0 0 0 0 0 0\n   7       1 loop1 0 0 0 0 0 0 0 0 0 0 0\n   7       2 loop2 0 0 0 0 0 0 0 0 0 0 0\n   7       3 loop3 0 0 0 0 0 0 0 0 0 0 0\n   7       4 loop4 0 0 0 0 0 0 0 0 0 0 0\n   7       5 loop5 0 0 0 0 0 0 0 0 0 0 0\n   7       6 loop6 0 0 0 0 0 0 0 0 0 0 0\n   7       7 loop7 0 0 0 0 0 0 0 0 0 0 0\n 253       0 vda 30776 0 1622010 24212 33583 58659 1325320 3039260 0 2769448 3064620\n 253       1 vda1 30604 0 1611314 24096 33286 58659 1325320 2956812 0 2689848 2982116\n 253       2 vda2 4 0 8 4 0 0 0 0 0 4 4\n 253       5 vda5 78 0 6512 0 0 0 0 0 0 0 0\n
1511836313.001263576 0.000002768 mongod triton8 10007 7fdc17917700 read 0 30 NON_SOCKET /proc/diskstats
1511836314.001226828 0.000064581 mongod triton8 10007 7fdc17917700 read 1324 30 NON_SOCKET /proc/stat  cpu  63608 634 32962 20468496 268535 0 2091 1034 0 0\ncpu0 15050 95 9002 5151489 32823 0 210 185 0 0\ncpu1 15788 71 7747 5120672 69710 0 67 170 0 0\ncpu2 16098 69 6425 5083246 112581 0 16 138 0 0\ncpu3 16672 398 9786 5113088 53419 0 1796 540 0 0\nintr 22373342 6 9 0 0 0 0 3 0 0 0 121 0 15 0 0 0 0 0 0 0 0 0 0 0 0 6 0 58239 0 2150596 1 343 0 0 0 0 0 0 0 0 0 0 0 0 0 0 0 0 0 0 0 0 0 0 0 0 0 0 0 0 0 0 0 0 0 0 0 0 0 0 0 0 0 0 0 0 0 0 0 0 0 0 0 0 0 0 0 0 0 0 0 0 0 0 0 0 0 0 0 0 0 0 0 0 0 0 0 0 0 0 0 0 0 0 0 0 0 0 0 0 0 0 0 0 0 0 0 0 0 0 0 0 0 0 0 0 0 0 0 0 0 0 0 0 0 0 0 0 0 0 0 0 0 0 0 0 0 0 0 0 0 0 0 0 0 0 0 0 0 0 0 0 0 0 0 0 0 0 0 0 0 0 0 0 0 0 0 0 0 0 0 0 0 0 0 0 0 0 0 0 0 0 0 0 0 0 0 0 0 0 0 0 0 0 0 0 0 0 0 0 0 0 0 0 0 0 0 0 0 0 0 0 0 0 0 0 0 0 0 0 0 0 0 0 0 0 0 0 0 0 0 0 0 0 0 0 0 0 0 0 0 0 0 0 0 0 0 0 0 0 0 0 0 0 0 0 0 0 0 0 0 0 0 0 0 0 0 0 0 0 0 0 0 0 0 0 0 0 0 0 0 0 0 0 0 0 0 0 0 0 0 0 0 0 0 0 0 0 0 0 0 0 0 0 0 0 0 0 0 0 0 0 0 0 0 0 0 0 0 0 0 0 0 0 0 0 0 0 0 0 0 0 0 0 0 0 0 0 0 0 0 0 0 0 0 0 0 0 0 0 0 0 0 0 0 0 0 0 0 0 0 0 0 0 0 0 0 0 0 0 0 0 0 0 0 0 0 0 0 0 0 0 0 0 0 0 0 0 0 0 0 0 0 0 0 0 0 0 0 0 0 0 0 0 0 0 0 0 0 0 0 0 0 0 0 0 0 0 0 0 0 0 0 0 0 0 0 0 0 0 0 0 0 0 0 0\nctxt 39537244\nbtime 1511783897\nprocesses 10028\nprocs_running 1\nprocs_blocked 0\nsoftirq 11724075 4 3762513 2 2151344 0 0 70 2518043 0 3292099\n
1511836314.001802417 0.000003631 mongod triton8 10007 7fdc17917700 read 0 30 NON_SOCKET /proc/stat
1511836314.002113257 0.000023814 mongod triton8 10007 7fdc17917700 read 1251 30 NON_SOCKET /proc/meminfo  MemTotal:        6110600 kB\nMemFree:         2867644 kB\nMemAvailable:    3596752 kB\nBuffers:          121332 kB\nCached:           826676 kB\nSwapCached:            0 kB\nActive:           844636 kB\nInactive:         459344 kB\nActive(anon):     384756 kB\nInactive(anon):    22028 kB\nActive(file):     459880 kB\nInactive(file):   437316 kB\nUnevictable:     1755928 kB\nMlocked:         1755928 kB\nSwapTotal:       8385532 kB\nSwapFree:        8385532 kB\nDirty:               132 kB\nWriteback:             0 kB\nAnonPages:       2112032 kB\nMapped:           205596 kB\nShmem:             24344 kB\nSlab:             120112 kB\nSReclaimable:      90580 kB\nSUnreclaim:        29532 kB\nKernelStack:        5504 kB\nPageTables:        15076 kB\nNFS_Unstable:          0 kB\nBounce:                0 kB\nWritebackTmp:          0 kB\nCommitLimit:    11440832 kB\nCommitted_AS:    3415092 kB\nVmallocTotal:   34359738367 kB\nVmallocUsed:           0 kB\nVmallocChunk:          0 kB\nHardwareCorrupted:     0 kB\nAnonHugePages:   1910784 kB\nCmaTotal:              0 kB\nCmaFree:               0 kB\nHugePages_Total:       0\nHugePages_Free:        0\nHugePages_Rsvd:        0\nHugePages_Surp:        0\nHugepagesize:       2048 kB\nDirectMap4k:       83836 kB\nDirectMap2M:     6207488 kB\n
1511836314.002372068 0.000003057 mongod triton8 10007 7fdc17917700 read 0 30 NON_SOCKET /proc/meminfo
1511836314.002612335 0.000170356 mongod triton8 10007 7fdc17917700 read 1229 30 NON_SOCKET /proc/diskstats     1       0 ram0 0 0 0 0 0 0 0 0 0 0 0\n   1       1 ram1 0 0 0 0 0 0 0 0 0 0 0\n   1       2 ram2 0 0 0 0 0 0 0 0 0 0 0\n   1       3 ram3 0 0 0 0 0 0 0 0 0 0 0\n   1       4 ram4 0 0 0 0 0 0 0 0 0 0 0\n   1       5 ram5 0 0 0 0 0 0 0 0 0 0 0\n   1       6 ram6 0 0 0 0 0 0 0 0 0 0 0\n   1       7 ram7 0 0 0 0 0 0 0 0 0 0 0\n   1       8 ram8 0 0 0 0 0 0 0 0 0 0 0\n   1       9 ram9 0 0 0 0 0 0 0 0 0 0 0\n   1      10 ram10 0 0 0 0 0 0 0 0 0 0 0\n   1      11 ram11 0 0 0 0 0 0 0 0 0 0 0\n   1      12 ram12 0 0 0 0 0 0 0 0 0 0 0\n   1      13 ram13 0 0 0 0 0 0 0 0 0 0 0\n   1      14 ram14 0 0 0 0 0 0 0 0 0 0 0\n   1      15 ram15 0 0 0 0 0 0 0 0 0 0 0\n   7       0 loop0 0 0 0 0 0 0 0 0 0 0 0\n   7       1 loop1 0 0 0 0 0 0 0 0 0 0 0\n   7       2 loop2 0 0 0 0 0 0 0 0 0 0 0\n   7       3 loop3 0 0 0 0 0 0 0 0 0 0 0\n   7       4 loop4 0 0 0 0 0 0 0 0 0 0 0\n   7       5 loop5 0 0 0 0 0 0 0 0 0 0 0\n   7       6 loop6 0 0 0 0 0 0 0 0 0 0 0\n   7       7 loop7 0 0 0 0 0 0 0 0 0 0 0\n 253       0 vda 30776 0 1622010 24212 33583 58659 1325320 3039260 0 2769448 3064620\n 253       1 vda1 30604 0 1611314 24096 33286 58659 1325320 2956812 0 2689848 2982116\n 253       2 vda2 4 0 8 4 0 0 0 0 0 4 4\n 253       5 vda5 78 0 6512 0 0 0 0 0 0 0 0\n
1511836314.003079954 0.000006586 mongod triton8 10007 7fdc17917700 read 0 30 NON_SOCKET /proc/diskstats
1511836315.001217620 0.000061784 mongod triton8 10007 7fdc17917700 read 1324 30 NON_SOCKET /proc/stat  cpu  63610 634 32963 20468891 268535 0 2091 1034 0 0\ncpu0 15050 95 9002 5151587 32823 0 210 185 0 0\ncpu1 15788 71 7747 5120770 69710 0 67 170 0 0\ncpu2 16098 69 6425 5083346 112581 0 16 138 0 0\ncpu3 16672 398 9787 5113187 53419 0 1797 540 0 0\nintr 22373787 6 9 0 0 0 0 3 0 0 0 121 0 15 0 0 0 0 0 0 0 0 0 0 0 0 6 0 58239 0 2150631 1 343 0 0 0 0 0 0 0 0 0 0 0 0 0 0 0 0 0 0 0 0 0 0 0 0 0 0 0 0 0 0 0 0 0 0 0 0 0 0 0 0 0 0 0 0 0 0 0 0 0 0 0 0 0 0 0 0 0 0 0 0 0 0 0 0 0 0 0 0 0 0 0 0 0 0 0 0 0 0 0 0 0 0 0 0 0 0 0 0 0 0 0 0 0 0 0 0 0 0 0 0 0 0 0 0 0 0 0 0 0 0 0 0 0 0 0 0 0 0 0 0 0 0 0 0 0 0 0 0 0 0 0 0 0 0 0 0 0 0 0 0 0 0 0 0 0 0 0 0 0 0 0 0 0 0 0 0 0 0 0 0 0 0 0 0 0 0 0 0 0 0 0 0 0 0 0 0 0 0 0 0 0 0 0 0 0 0 0 0 0 0 0 0 0 0 0 0 0 0 0 0 0 0 0 0 0 0 0 0 0 0 0 0 0 0 0 0 0 0 0 0 0 0 0 0 0 0 0 0 0 0 0 0 0 0 0 0 0 0 0 0 0 0 0 0 0 0 0 0 0 0 0 0 0 0 0 0 0 0 0 0 0 0 0 0 0 0 0 0 0 0 0 0 0 0 0 0 0 0 0 0 0 0 0 0 0 0 0 0 0 0 0 0 0 0 0 0 0 0 0 0 0 0 0 0 0 0 0 0 0 0 0 0 0 0 0 0 0 0 0 0 0 0 0 0 0 0 0 0 0 0 0 0 0 0 0 0 0 0 0 0 0 0 0 0 0 0 0 0 0 0 0 0 0 0 0 0 0 0 0 0 0 0 0 0 0 0 0 0 0 0 0 0 0 0 0 0 0 0 0 0 0 0 0 0 0 0 0 0 0 0 0 0 0 0 0 0 0 0 0 0 0 0 0 0 0 0 0 0 0 0 0 0 0 0 0 0 0 0 0 0 0 0 0 0\nctxt 39538078\nbtime 1511783897\nprocesses 10028\nprocs_running 1\nprocs_blocked 0\nsoftirq 11724294 4 3762584 2 2151379 0 0 70 2518093 0 3292162\n
1511836315.001830024 0.000003783 mongod triton8 10007 7fdc17917700 read 0 30 NON_SOCKET /proc/stat
1511836315.002217222 0.000024527 mongod triton8 10007 7fdc17917700 read 1251 30 NON_SOCKET /proc/meminfo  MemTotal:        6110600 kB\nMemFree:         2867708 kB\nMemAvailable:    3596816 kB\nBuffers:          121332 kB\nCached:           826680 kB\nSwapCached:            0 kB\nActive:           844692 kB\nInactive:         459344 kB\nActive(anon):     384812 kB\nInactive(anon):    22028 kB\nActive(file):     459880 kB\nInactive(file):   437316 kB\nUnevictable:     1755928 kB\nMlocked:         1755928 kB\nSwapTotal:       8385532 kB\nSwapFree:        8385532 kB\nDirty:               136 kB\nWriteback:             0 kB\nAnonPages:       2112052 kB\nMapped:           205596 kB\nShmem:             24344 kB\nSlab:             120112 kB\nSReclaimable:      90580 kB\nSUnreclaim:        29532 kB\nKernelStack:        5504 kB\nPageTables:        15076 kB\nNFS_Unstable:          0 kB\nBounce:                0 kB\nWritebackTmp:          0 kB\nCommitLimit:    11440832 kB\nCommitted_AS:    3415092 kB\nVmallocTotal:   34359738367 kB\nVmallocUsed:           0 kB\nVmallocChunk:          0 kB\nHardwareCorrupted:     0 kB\nAnonHugePages:   1910784 kB\nCmaTotal:              0 kB\nCmaFree:               0 kB\nHugePages_Total:       0\nHugePages_Free:        0\nHugePages_Rsvd:        0\nHugePages_Surp:        0\nHugepagesize:       2048 kB\nDirectMap4k:       83836 kB\nDirectMap2M:     6207488 kB\n
1511836315.002499009 0.000003184 mongod triton8 10007 7fdc17917700 read 0 30 NON_SOCKET /proc/meminfo
