1511699211.308291329 0.001138237 mongod triton8 26882 7f02ef801d00 read 8191 5 NON_SOCKET ..C~M....W...n...[....T...%...."H.n.@\t...i8./.2,4..oi....S......2...,....Q...:..].=....H.H'>.\r...,..5....XH..l..-..=&..aG:[s..(..IG-.is..W...........i.........j.L....b.I0.?.7E....d&....S..).i...#..r.....b.B..Y|...5QQ..<B...<#m.S.U.Z.\r.L.....^..\t.$.........0XS..\t.\Dc......gz..U..X.l.Ti.CD..~.S......@\(x..A...\r.Bnj...Q...Z.'.X.../.\n~..|.&.....Ai.Qnk`...+v..{..k%O.N0...TZ...6....1.....n.q1%..."..]...j.}_..=....j')Q.<..o$...T,b.4.'.....@"...........d...........cI\t..2.0..1...A..\r..%.......v.%h..6........\nD\t...B..EBS/.#...q.T.!.D..n.M..{.....tC..0.....*...C......H..}\tf.Tm..M<.!:HT......C..)>..'q....*.{caQ.T..(t....+E..3iF..b..\nVr......P...^DAW..'.*0@.\n.V...na.=q-...]...q.G...}...f.">n..n.0.g.*..6m.yH...k...,..!.M.."....7..CI....~.'\n"E..w..z.X.X..c.$7G.v.*.......9..J.......`.W..]:....Q.t...l..>h..Z.dY..0...=1.Q!.'In...5\..9"...l....j2...!u..t..>.h....S.c.J.~.S..I...3....R;.E..M.......` .)b.].)..)........`4.x......e.[...-u+.TLv....{.(.\r......+.cBT...Vc..N.b...2..>.g.x.*...p..zfj...ASo...+...........Xs......\n^5..:.$....f"G'mt.c...\t..w..t.....)..X.?....DX!\tv).@..}.I!....\t7$9.r..*..Xl...!.~N......S./i..k}t......G-k:...<.km..51A..VlZY...?.8*.*.h..5.....b!.....0.5..w..R...7..].....3.m...,...$.r\n\r2..W....39 ...r....R.....J,.8...g......=%.A..C.m|N..Zw7..J..;k.......0...y...jlrE...;.7....WI1..L.....2|...=..E..J.v.5..`.]ju...}<....HP6..u+\5YO.T....\rUL...wW....]-i.....P..L......>k..3."+..Wb&...-a... .ODkL...*.0..3...x..&..R.....j.......o...zro..R$>....eI...Z....Frj.}.L&0.Hdy&....z..m..u"..4c...M..t...c.O......w.[2.."e......u..}S.O{.;j.(.I6.L..L......#...g...C..Y.:.O...P.@.(.} m....#%...X.S...\k|...lsC.=\.NM.e:..Y..&_......X<.U].E\r.$...[.l4.B.(../nx.H..:hC..tJ/>.+..........Z...(......V....,..|......s.N.......$..D].]....4^.|.'}...hm.a..r.:$..b.T.@....&d..Ekw........Tg....d.....A.!n.....>eE.....L..=?..u..H.wD..;...^..K.Om.OrI....\t.l3.\t*...~.^..gw..@I......V.q./...\H.....N...J\n.Ur.d$ ...."..#U...U....S.....2
1511699211.314264700 0.000003895 mongod triton8 26882 7f02ef801d00 read 16 5 NON_SOCKET !...............
1511699211.320100081 0.000003961 mongod triton8 26882 7f02ef801d00 fwrite 28 1 NON_SOCKET 2017-11-26T21:26:51.320+0900
1511699211.320218259 0.000001093 mongod triton8 26882 7f02ef801d00 fwrite 1 1 NON_SOCKET
1511699211.320249608 0.000000905 mongod triton8 26882 7f02ef801d00 fwrite 1 1 NON_SOCKET I
1511699211.320273685 0.000000669 mongod triton8 26882 7f02ef801d00 fwrite 1 1 NON_SOCKET
1511699211.320296499 0.000000837 mongod triton8 26882 7f02ef801d00 fwrite 8 1 NON_SOCKET CONTROL
1511699211.320319206 0.000000695 mongod triton8 26882 7f02ef801d00 fwrite 1 1 NON_SOCKET
1511699211.320354797 0.000000642 mongod triton8 26882 7f02ef801d00 fwrite 1 1 NON_SOCKET [
1511699211.320389055 0.000112932 mongod triton8 26882 7f02ef801d00 fwrite 4 1 NON_SOCKET main
1511699211.320549474 0.000001028 mongod triton8 26882 7f02ef801d00 fwrite 2 1 NON_SOCKET ]
1511699211.320576809 0.000001024 mongod triton8 26882 7f02ef801d00 fwrite 56 1 NON_SOCKET ** WARNING --jsonp is specified without --httpinterface,
1511699211.320608266 0.000132481 mongod triton8 26882 7f02ef801d00 fwrite 1 1 NON_SOCKET \n
1511699211.320816966 0.000000836 mongod triton8 26882 7f02ef801d00 fwrite 28 1 NON_SOCKET 2017-11-26T21:26:51.320+0900
1511699211.320849536 0.000000782 mongod triton8 26882 7f02ef801d00 fwrite 1 1 NON_SOCKET
1511699211.320872392 0.000000673 mongod triton8 26882 7f02ef801d00 fwrite 1 1 NON_SOCKET I
1511699211.320897400 0.000000647 mongod triton8 26882 7f02ef801d00 fwrite 1 1 NON_SOCKET
1511699211.321018644 0.000001072 mongod triton8 26882 7f02ef801d00 fwrite 8 1 NON_SOCKET CONTROL
1511699211.321045049 0.000000731 mongod triton8 26882 7f02ef801d00 fwrite 1 1 NON_SOCKET
1511699211.321066636 0.000000656 mongod triton8 26882 7f02ef801d00 fwrite 1 1 NON_SOCKET [
1511699211.321088683 0.000000797 mongod triton8 26882 7f02ef801d00 fwrite 4 1 NON_SOCKET main
1511699211.321110585 0.000000787 mongod triton8 26882 7f02ef801d00 fwrite 2 1 NON_SOCKET ]
1511699211.321154132 0.000001060 mongod triton8 26882 7f02ef801d00 fwrite 34 1 NON_SOCKET **         enabling http interface
1511699211.321277916 0.000017274 mongod triton8 26882 7f02ef801d00 fwrite 1 1 NON_SOCKET \n
1511699211.321795325 0.000994330 mongod triton8 26882 7f02ef801d00 read 8191 5 NON_SOCKET d.O.=.... .W82.;%..jQ..&..F.a u...g.C%.I.,.TW..)...m.D=.....F!........:.........!i.+..cE+I.;..r.>G.....hm......r6.'.+....7._.y..3X.@8.........].~&.#......\r..vJ..c...N&2...?........\V,_..4....4I.../.|.V.8.,.>9.SQ..[~.r...."....cZ..x[X.k4X.b......vQi...>........_:.B..\n..c.....C...:..._\t.y...s....X@Vh....S........3.K.....y./..Rw2w...p.[,; p.1X%..2...Uy.x......3d..?.0...S..2p.Sf...Z..4.S|\t..g }.xC.,Ux.~..P.7...O.M.T.<~b.;%......k..+.Z....}.g.....F.....*.z.....p.../..d}a0G.fF.o?_.83....w.G......*EY..ec<2HMv..QO.5\&.%..!..\nJ..i...i#....*0-..u..Z.9...l..+..~..$.{..'x..?..FJ...0..}......m.4..4...R..Z.?.\tY\n..4SQ.c..K. 9........m58G.3].\rA{......q.<.`.X.7lK.n....,..C...#l..Z.. ...0[Cy.."|....8I.?r.......]6..:..r......#P.P..r^..>>].S.0j...=m......n..l......E{...}.'.....+...T.t(e.@...w..x.K.....j......C..M.>d.7i..>#.\r:.=..=..y..I..2..a.S\f..a.\n%J.2.0..z.C.....KN..v..J.o..'RQ(P.yU..J}...c........\n.pu..*$xx..BOM..V...x3'.{R6..Scb.....c..D..W.....g|...j....J\+..RD.p.....p.....Xq...}4Ye....N.<...1.7.O..<.aEB......ZNR.M.5....61..(.......i.....(0\n..^......_H.&.Zu..A.Z...<....D....+.y..VJ....~E.....f.....Cgw...u...t......)..m..M.......*..1X.....m..E*..g".....[.D....4...;on~2Gl|r....._v.rpU.T@.....VK..[....N..=.' p..p......0)../.A+e.LyD.K.0@..P..........W=.Fr...J.1f....hX.iGr._.R..(...Z%.>...."Ct..5~O..1>.L.......5.wg..,.%...1.A.m.....G..>D^..r.u1..../,F..H=...%...w..U..%..v.h9.....'i$....d$........W.......)Fl..)RV.1V|..Zr-.....?.Y@\........q.A\..f.\.......M..|U.*,?........[...jd....,8U.....%.b..u....n..!G.Zwk...e.p.hi..{..'*>....!.Z\.Y....p..a|.._.Q..|.]}]./.c.?]....'..a5.....Lxi...V}.^.O."....'..l..E..].%..U./2xK3(.1.....t.....6=a..l..........+..P...i\n..%<^.Q.*..zE`_^'.b.h.7mg..g.6.&...&W...T02\t...j,...&~..cD.=$w!).\r...../.H.o!....c.u..`.I7.R.a..W.].s..R...H[`..)D..."6...y._,.sa..H.{....C...v...H"(J.Z.A..a..B.*<..9a.. ..z.!t..4..r.$..5:..l[..%{8T..v..........tM...9.n.....Q..+e...K.}Oq.........:[F.g.6$H./..nV....%
1511699211.322958654 0.000017803 mongod triton8 26882 7f02ef801d00 write 76 5 NON_SOCKET 2017-11-26T21:26:51.322+0900 I CONTROL  [main] ***** SERVER RESTARTED *****\n
1511699211.326854917 0.001041535 mongod triton8 26882 7f02ef801d00 read 8191 7 NON_SOCKET <CWx..\nO~..i.5..9.n.C...sfU.g!.>..E.....+...@.....`..E6.:.....NG...h..Sy...5.i.......U.X....$.....m../k....u..g.Hm..K..9..A....;..0.}.I...%.`%._T..Y..(e..#.......\t.....5.M..r.L*0r.n../I...|.)..K....*.?..W......v.?.*...o}].r.TC.M..c..9L......I.A.^..n[..).2L..<$..^.m.Y.,~N...,}8.5v......V...U.i........T..m...-.4........@..E.2S...~....#(....T.A.d8?^.:g.]..>...M..BmT..\t#.8......S..a.A.BI=J...@.U~.\r...d1...+...2..XwY.........{-.,.......-..n`j......qzj-'RX.V.\tY.../~E.6.......t.;.3xjg...nQ....DY..AH..........q;.:L."C..~...O(u.......\M#M.....\.]......'..s...3FE.Pa.ts...qU..q'.Q...E....)`..e2K;H,....N.......\r.!2..}.C./.y..y..]..a8u...+6..H.v..1.U...7.g.+.$.].f.2....,.P#r._s...L;o4.>.....7.....]2.I~.J.I[..............S2..}JM2C.-c...)U....c....8.y.....F...EL=.....-.\r..UE.....n..M..3../DU'9...Hl.....\rc.}K....b.#.O.y.........R...Y..].XEs..~.F.....s.f5.h..aL.aRw.$u>G....y..oR.cw.aU".....Q...032.]DC.-eJ.l.B...V.u2.?E.kj'.=K.z.6..9.q.N.X..ba.~P#....F...5...T.t]\nxsE.1.n......+..$..}s9.r.....+.9._...^..k.9..........J.}......^...3..........sd.02O.Ov.......3..t.....~.H..h>..V.\X..)#......mS^4....IM.....PX...D.&...vt.......o...a"H.S...Rn.d........@.....}g.)...5"M..x.....W".T..\n..-.....j<....y...`......?T.\t.)G.TfB.....i)..f...[...\..\n.gCI.....\n.4,...V....Y...7=s.-Z..$Z......n...F...q....?d..k*..\t.m...?e..E.|D.bo....!....m...Nd..l<...C....|t?.7v=\nA.......rTRY.q..c..x................f..j..e..=..Kk...v..l........x.zv^AK....o..lS .. 1+.v.8v..*|......j.+.u...%:t.U^...z3."........zO1.4.=*+..?.=.s..`.4\nz.x8..[....C..2......$Z......2.=.....}...&`.2p.s.zO..O.E...9...a.....~..Z.{<2..L!....5...\tS0&.w_....T.{/N.+ ...\M...Q.|.g>..&N.|..'...iJ.1'......P'.^`(/$./..\t...C. 0....Ir.,......|.......#N.`.0...9%..+...{...B..o...............nkP...v...%.....U.ll\n1M..C:A!.q......"nz......\.5.h..\ni...\rX.H.!K.j.<.z.Y.#..+..7.;&|..og5H.5C..>....;:.....2..g....F.....\...XXB...(...AagKV.I.tA......B)X...?.c*K........]..A.............YgLT...MEt
1511699211.331021672 0.000015368 mongod triton8 26882 7f02ef801d00 write 140 5 NON_SOCKET 2017-11-26T21:26:51.331+0900 I CONTROL  [initandlisten] MongoDB starting : pid=26882 port=27017 dbpath=/var/lib/mongodb 64-bit host=triton8\n
1511699211.331121975 0.000007655 mongod triton8 26882 7f02ef801d00 write 74 5 NON_SOCKET 2017-11-26T21:26:51.331+0900 I CONTROL  [initandlisten] db version v3.4.9\n
1511699211.331181565 0.000005787 mongod triton8 26882 7f02ef801d00 write 110 5 NON_SOCKET 2017-11-26T21:26:51.331+0900 I CONTROL  [initandlisten] git version: 876ebee8c7dd0e2d992f36a848ff4dc50ee6603e\n
1511699211.331236673 0.000006094 mongod triton8 26882 7f02ef801d00 write 100 5 NON_SOCKET 2017-11-26T21:26:51.331+0900 I CONTROL  [initandlisten] OpenSSL version: OpenSSL 1.0.2g  1 Mar 2016\n
1511699211.331409698 0.000009195 mongod triton8 26882 7f02ef801d00 write 76 5 NON_SOCKET 2017-11-26T21:26:51.331+0900 I CONTROL  [initandlisten] allocator: tcmalloc\n
1511699211.331555739 0.000008657 mongod triton8 26882 7f02ef801d00 write 70 5 NON_SOCKET 2017-11-26T21:26:51.331+0900 I CONTROL  [initandlisten] modules: none\n
1511699211.331709809 0.000009353 mongod triton8 26882 7f02ef801d00 write 75 5 NON_SOCKET 2017-11-26T21:26:51.331+0900 I CONTROL  [initandlisten] build environment:\n
1511699211.331783228 0.000007081 mongod triton8 26882 7f02ef801d00 write 80 5 NON_SOCKET 2017-11-26T21:26:51.331+0900 I CONTROL  [initandlisten]     distmod: ubuntu1604\n
1511699211.331839195 0.000005687 mongod triton8 26882 7f02ef801d00 write 77 5 NON_SOCKET 2017-11-26T21:26:51.331+0900 I CONTROL  [initandlisten]     distarch: x86_64\n
1511699211.331892141 0.000005578 mongod triton8 26882 7f02ef801d00 write 80 5 NON_SOCKET 2017-11-26T21:26:51.331+0900 I CONTROL  [initandlisten]     target_arch: x86_64\n
1511699211.332086543 0.000009609 mongod triton8 26882 7f02ef801d00 write 371 5 NON_SOCKET 2017-11-26T21:26:51.332+0900 I CONTROL  [initandlisten] options: { config: "/etc/mongod.conf", net: { bindIp: "127.0.0.1", http: { JSONPEnabled: true, RESTInterfaceEnabled: true, enabled: true }, port: 27017 }, storage: { dbPath: "/var/lib/mongodb", journal: { enabled: true } }, systemLog: { destination: "file", logAppend: true, path: "/var/log/mongodb/mongod.log" } }\n
1511699211.372404715 0.000007892 mongod triton8 26882 7f02ef801d00 read 95 12 NON_SOCKET _....storage.Q....engine.....wiredTiger..options.,....directoryPerDB...directoryForIndexes.....
1511699211.372526122 0.000007748 mongod triton8 26882 7f02ef801d00 write 194 5 NON_SOCKET 2017-11-26T21:26:51.372+0900 I -        [initandlisten] Detected data files in /var/lib/mongodb created by the 'wiredTiger' storage engine, so setting the active storage engine to 'wiredTiger'.\n
1511699211.372587486 0.000001726 mongod triton8 26882 7f02ef801d00 read 95 12 NON_SOCKET _....storage.Q....engine.....wiredTiger..options.,....directoryPerDB...directoryForIndexes.....
1511699211.372833179 0.000009644 mongod triton8 26882 7f02ef801d00 write 57 5 NON_SOCKET 2017-11-26T21:26:51.372+0900 I STORAGE  [initandlisten] \n
1511699211.372901747 0.000006328 mongod triton8 26882 7f02ef801d00 write 152 5 NON_SOCKET 2017-11-26T21:26:51.372+0900 I STORAGE  [initandlisten] ** WARNING: Using the XFS filesystem is strongly recommended with the WiredTiger storage engine\n
1511699211.372951271 0.000004811 mongod triton8 26882 7f02ef801d00 write 124 5 NON_SOCKET 2017-11-26T21:26:51.372+0900 I STORAGE  [initandlisten] **          See http://dochub.mongodb.org/core/prodnotes-filesystem\n
1511699211.373091844 0.000007772 mongod triton8 26882 7f02ef801d00 write 357 5 NON_SOCKET 2017-11-26T21:26:51.373+0900 I STORAGE  [initandlisten] wiredtiger_open config: create,cache_size=2471M,session_max=20000,eviction=(threads_min=4,threads_max=4),config_base=false,statistics=(fast),log=(enabled=true,archive=true,path=journal,compressor=snappy),file_manager=(close_idle_time=100000),checkpoint=(wait=60,log_size=2GB),statistics_log=(wait=0),\n
1511699211.403951731 0.000020542 mongod triton8 26882 7f02ef801d00 pwrite 128 15 NON_SOCKET .....7..........d.........@.....................................................................................................
1511699211.943667381 0.000027152 mongod triton8 26882 7f02ef801d00 pwrite 4096 13 NON_SOCKET ................3...............3.5.......0.......Y..............................................................................................................................................................................................................................................................................................................................................................................................................................................................................................................................................................................................................................................................................................................................................................................................................................................................................................................................................................................................................................................................................................................................................................................................................................................................................................................................................................................................................................................................................................................................................................................................................................................................................................................................................................................................................................................................................................................................................................................
1511699211.943922153 0.000003531 mongod triton8 26882 7f02ef801d00 pwrite 4096 13 NON_SOCKET ................9.................Q..............O..O...........................................................................................................................................................................................................................................................................................................................................................................................................................................................................................................................................................................................................................................................................................................................................................................................................................................................................................................................................................................................................................................................................................................................................................................................................................................................................................................................................................................................................................................................................................................................................................................................................................................................................................................................................................................................................................................................................................................................................................................
1511699211.944123417 0.000003365 mongod triton8 26882 7f02ef801d00 pwrite 4096 13 NON_SOCKET ................8................<...........?...................................................................................................................................................................................................................................................................................................................................................................................................................................................................................................................................................................................................................................................................................................................................................................................................................................................................................................................................................................................................................................................................................................................................................................................................................................................................................................................................................................................................................................................................................................................................................................................................................................................................................................................................................................................................................................................................................................................................................................................
1511699211.977934116 0.000030126 mongod triton8 26882 7f02ef801d00 pwrite 999 16 NON_SOCKET WiredTiger version string\nWiredTiger 2.9.2: (December 23, 2016)\nWiredTiger version\nmajor=2,minor=9,patch=2\nfile:WiredTiger.wt\naccess_pattern_hint=none,allocation_size=4KB,app_metadata=,block_allocation=best,block_compressor=,cache_resident=false,checkpoint=(WiredTigerCheckpoint.139=(addr="018381e4a335c2f38481e4e450fd678581e4b2841c4c808080e2bfc0e24fc0",order=139,time=1511699211,size=32768,write_gen=258)),checkpoint_lsn=(21,128),checksum=uncompressed,collator=,columns=,dictionary=0,encryption=(keyid=,name=),format=btree,huffman_key=,huffman_value=,id=0,ignore_in_memory_cache_size=false,internal_item_max=0,internal_key_max=0,internal_key_truncate=true,internal_page_max=4KB,key_format=S,key_gap=10,leaf_item_max=0,leaf_key_max=0,leaf_page_max=32KB,leaf_value_max=0,log=(enabled=true),memory_page_max=5MB,os_cache_dirty_max=0,os_cache_max=0,prefix_compression=false,prefix_compression_min=4,split_deepen_min_child=0,split_deepen_per_child=0,split_pct=90,value_format=S,version=(major=1,minor=1)\n
1511699212.070061658 0.000046844 mongod triton8 26882 7f02ef801d00 pwrite 128 15 NON_SOCKET .....30k...........@............................................................................................................
1511699212.122190060 0.000033492 mongod triton8 26882 7f02ef801d00 pwrite 256 15 NON_SOCKET .....n...............file:WiredTigerLAS.wt..........................................................................................q.S.........................................................................................................................
1511699212.122864108 0.000021960 mongod triton8 26882 7f02ebe26700 pwrite 128 16 NON_SOCKET .....7..........d.........@.....................................................................................................
1511699212.280056055 0.000496659 mongod triton8 26882 7f02ef801d00 pwrite 4096 17 NON_SOCKET A.........#......................................................................................................................................................................................................................................................................................................................................................................................................................................................................................................................................................................................................................................................................................................................................................................................................................................................................................................................................................................................................................................................................................................................................................................................................................................................................................................................................................................................................................................................................................................................................................................................................................................................................................................................................................................................................................................................................................................................................................................................................................
1511699212.347786142 0.000041868 mongod triton8 26882 7f02ebe26700 pwrite 128 16 NON_SOCKET .....7..........d.........@.....................................................................................................
1511699212.393793560 0.000022207 mongod triton8 26882 7f02ef801d00 pwrite 768 15 NON_SOCKET ...........................^.......file:WiredTigerLAS.wt.access_pattern_hint=none,allocation_size=4KB,app_metadata=,block_a.(.=best\r..compressor=,cache_resident=false,checkpoint=,..._lsn\r..sum=un.H ed,collat.Qholumns=,dictionary=0,encryp...=(keyid=,name=),format=btree,huffman_key=.\rtvalue=,id=51,ignore_in_memory_\t.%.\t..in!-0al_item_max=0...keyN..0truncate=true...page./.4KB,.;\r..IuQQu..(gap=10,leaf.p....1\t....M.32KB\t....$,og=(enabled=...),\r..9.5MB,os\r..dirt....\to.prefix5..ion-.F..D_min=4,split_deepe..._child=06...per:...pct=90,\t.-..QIu,ver.wD(major=1,minor=1)................................................................................q.S.........................................................................................................................
1511699212.508607331 0.001130207 mongod triton8 26882 7f02ef801d00 read 8191 20 NON_SOCKET \V......t..t.a...D....yV......+\@...+.6.<}.2.}.\r-zw.....6.=...h.a.[nm1..R}.C....c.(=.yS.w1NT_...W_..........S}.. .....H..a......J.w....F.<...4.\r...49.5+W..%......xM.....M.I.w&@Q......s..==A.E..W#....o.N.|.N....^.I.eW6.@|b.\n...,..'Z2.~.,....].~...U..jd..L3.....VXn........\r....3d6@......:.R.~.}....UT]......{.lU....._.c..Fq...1E}..m....0....d.R..t..J......s.Q..nu.WyH^fJ.uo.5#!`...F......E^1..........e.|.'..`T..~...:...\I.hZ....j.v.rp...+l/.........'a..{.0..Q.y#4.7\nWuu..Qt..'y^9..(*6....j......a.G.*.sg3.>....('..:.!.?.......-4....5..U.E<...lcU.@h.S...P.........5.m..3..&.+8".]h&....!C\n.b1I.Z....iP...e..t...&+hJ...k.&.#....-`....iO..,.3..Z.=........PS...~...^.%....6.d...........g..K^:.p.xPt.(s..O2./.K.w..q.....h..ng.P.+mt..e......Z1wj.E.Q0`&..k.........m.3..F:....I...c..4,l.G....o.......o.i.\n...L/&...7M..z....z.0...{..:...OC*..R.....Z..s06..)....-....".)h.c.!&?...a...0_y.\n?.B8..\rem........NF..V;?5..?.\r0{Vu.g.`.t...O"....A=9.T........}.\n.Q..N~...."!L........r.J.[e!.....6*.........aM.rgs.\n...g..s\r.T......M..-0P.....G.z..A..{.Do..|irY.6.v.E.e... ...'\t[}.*....K.k....C1|qV.^C...C....s.w.-Ti...\r._$.y.q........2....D...S.S.aY...#.?.k=.\n.`...eb....."..\n..|..\t..\tj2....F..n$@Z..n\n..p5.x.n...F.....{m{.^2.{.i......WMn.7.2.JX..\t..+V......D....AR..jrFnEo...........9..9....l.g.'H"1{....^...B....E.eQ...{.J..a.h.d"|..9...>..."b.."x.( ...a.."J0..B..5..c...t5....4.u1B`.c....P<..tT......?\..xT.jo\>h..z....Cq&...i^.W...+#B;C..l@]...v..].v[..".6@..&H.n.K+.XV.5.fD....{.9.OX.^IT8.f......q?h-ke(...>+.iJI......I&..\nwt]b.w....P....k.t...v#...v<..e.H....H..........s/...P..n[...Q|....c....>Z.6D.....!.'1....://..<..*zG..rv.q&.=G...k.f./C..........#.2.!.k..L.........h.......u.%.51.jY.9."L....K..`......n.@..2..H..Ls..L_ -."..h....."..._B..d..[...A..-A..I+..<X..1.3\n.....KT9..b.-....j.....i.^.#ht\...y....3.....:....h........h.).....l:;Q..E.C..E%...!mz..4.biq%F),.H..B...f..N...[.g1.......2/n..../a..t.."...F..W...U...6...gh...3.....B
1511699212.552341147 0.000019843 mongod triton8 26882 7f02ef801d00 write 6 8 NON_SOCKET 26882\n
1511699212.617285163 0.000037879 mongod triton8 26882 7f02ef801d00 write 57 5 NON_SOCKET 2017-11-26T21:26:52.617+0900 I CONTROL  [initandlisten] \n
1511699212.617546074 0.000015079 mongod triton8 26882 7f02ef801d00 write 116 5 NON_SOCKET 2017-11-26T21:26:52.617+0900 I CONTROL  [initandlisten] ** WARNING: Access control is not enabled for the database.\n
1511699212.617698990 0.000012874 mongod triton8 26882 7f02ef801d00 write 133 5 NON_SOCKET 2017-11-26T21:26:52.617+0900 I CONTROL  [initandlisten] **          Read and write access to data and configuration is unrestricted.\n
1511699212.617815179 0.000005660 mongod triton8 26882 7f02ef801d00 write 141 5 NON_SOCKET 2017-11-26T21:26:52.617+0900 I CONTROL  [initandlisten] ** WARNING: You are running this process as the root user, which is not recommended.\n
1511699212.617900124 0.000006258 mongod triton8 26882 7f02ef801d00 write 57 5 NON_SOCKET 2017-11-26T21:26:52.617+0900 I CONTROL  [initandlisten] \n
1511699212.618015058 0.000005813 mongod triton8 26882 7f02ef801d00 read 2 16 NON_SOCKET 0\n
1511699212.618108666 0.000002247 mongod triton8 26882 7f02ef801d00 read 2 16 NON_SOCKET 0\n
1511699212.618196696 0.000004686 mongod triton8 26882 7f02ef801d00 read 23 16 NON_SOCKET [always] madvise never\n
1511699212.618271085 0.000006461 mongod triton8 26882 7f02ef801d00 write 57 5 NON_SOCKET 2017-11-26T21:26:52.618+0900 I CONTROL  [initandlisten] \n
1511699212.618337350 0.000005621 mongod triton8 26882 7f02ef801d00 write 125 5 NON_SOCKET 2017-11-26T21:26:52.618+0900 I CONTROL  [initandlisten] ** WARNING: /sys/kernel/mm/transparent_hugepage/enabled is 'always'.\n
1511699212.618409510 0.000005933 mongod triton8 26882 7f02ef801d00 write 99 5 NON_SOCKET 2017-11-26T21:26:52.618+0900 I CONTROL  [initandlisten] **        We suggest setting it to 'never'\n
1511699212.618493829 0.000002568 mongod triton8 26882 7f02ef801d00 read 23 16 NON_SOCKET [always] madvise never\n
1511699212.618570338 0.000006702 mongod triton8 26882 7f02ef801d00 write 57 5 NON_SOCKET 2017-11-26T21:26:52.618+0900 I CONTROL  [initandlisten] \n
1511699212.618636799 0.000005658 mongod triton8 26882 7f02ef801d00 write 124 5 NON_SOCKET 2017-11-26T21:26:52.618+0900 I CONTROL  [initandlisten] ** WARNING: /sys/kernel/mm/transparent_hugepage/defrag is 'always'.\n
1511699212.618707384 0.000005999 mongod triton8 26882 7f02ef801d00 write 99 5 NON_SOCKET 2017-11-26T21:26:52.618+0900 I CONTROL  [initandlisten] **        We suggest setting it to 'never'\n
1511699212.618780210 0.000005707 mongod triton8 26882 7f02ef801d00 write 57 5 NON_SOCKET 2017-11-26T21:26:52.618+0900 I CONTROL  [initandlisten] \n
1511699212.619023325 0.000004997 mongod triton8 26882 7f02ef801d00 read 8 16 NON_SOCKET ..`.G{F/
1511699212.619112357 0.000002532 mongod triton8 26882 7f02ef801d00 read 8 16 NON_SOCKET ......Vt
1511699212.619168392 0.000002215 mongod triton8 26882 7f02ef801d00 read 8 16 NON_SOCKET ....*.J>
1511699212.629466800 0.000025812 mongod triton8 26882 7f02e6e1c700 write 105 5 NON_SOCKET 2017-11-26T21:26:52.629+0900 I NETWORK  [websvr] admin web console waiting for connections on port 28017\n
1511699212.631180052 0.000031605 mongod triton8 26882 7f02ef801d00 write 153 5 NON_SOCKET 2017-11-26T21:26:52.631+0900 I FTDC     [initandlisten] Initializing full-time diagnostic data capture with directory '/var/lib/mongodb/diagnostic.data'\n
1511699212.631900443 0.000017887 mongod triton8 26882 7f02e3e16700 write 88 5 NON_SOCKET 2017-11-26T21:26:52.631+0900 I NETWORK  [thread1] waiting for connections on port 27017\n
1511699212.694972340 0.000058135 mongod triton8 26882 7f02ebe26700 pwrite 1536 15 NON_SOCKET ....x.(.........l........\r.....R........_id.....triton8-1511699212629..hostname....$P.\tstartTime..fK._......tLocal.....Sun Nov 26 21:26:52..U$.cmdLine.".9Xconfig...../etc/mongod....R..net.`....bindIp.\n...127.0.0.1..http.5....JSONPEnabled...RESTInterfaceEnabled...en\r\nT..port..i....storage.:.i.dbPath\t..var/lib/\t.,b..journal...s.M0..systemLog.M.E.estination.....file..logAppend...path.....e.og.e\r.0.log....pid......Hbuildinfo......vers.b8....3.4.9..gitV\r..)...876ebee8c7dd0e2d992f36a848ff4dc50ee6603e..modules..0..allocator.\tA..cm..8..javascriptEng!..{(mozjs..sysI..@....deprecated..v\t.4Array.!....0.....1.....2.d..3..,...openssl.V!H.running.....OpenSSL 1.0.2g  1 Mar 2016..compi!.z)...)C,Environment.....distmod..$ubuntu1604\t.Parch.....x86_64..cc.2!..opt-..Fbtoolchain/v2/bin/gcc: gcc (GCC) 5.4.0..ccflags.+...-fno-omit-frame-poiA.. -...cstrict-aliasing -ggdb -pthread -Wall -Wsign-compare -Wno-unknown-pragmas -Winvalid-pch -Werror -O2 -\t/.used-!. l-typedef.5.n.J...funcA.\t_9..-declarE.62.,but-set-varian\t:.mis..`-braces -fstack-protector...o....A.8tin-memcmp..cxx.s..++: g++:s..xxf%tX9...-Woverloaded-virtua!G.no-maybe-uninitialized -std=c++11..link\tH.....=.Ll,-z,now -rdynamic -..$-fatal-warA..sn..$use-ld=gol!..l,-%..d-i\r..`.exec%2\r^.X.-:..<z,relro..target_B..\r..ose.4linux...bits.@..`debug...maxBsonObjectSizea.....'i..s.La..0....devnull..1.....ephemeralForTest..2.....mmapv1..3..$$wiredTiger._.....<V..................................................................................................................................
1511699213.001349497 0.000041874 mongod triton8 26882 7f02e661b700 writev 2727 29 NON_SOCKET .\n..\t_id..jK._....type......doc..\n..\tstart..jK._....buildInfo.....\tstart..jK._....version.....3.4.9..gitVersion.)...876ebee8c7dd0e2d992f36a848ff4dc50ee6603e..modules.......allocator.\t...tcmalloc..javascriptEngine.....mozjs..sysInfo.....deprecated..versionArray.!....0......1......2.\t....3.......openssl.V....running.....OpenSSL 1.0.2g  1 Mar 2016..compiled.....OpenSSL 1.0.2g  1 Mar 2016...buildEnvironment......distmod.....ubuntu1604..distarch.....x86_64..cc.2.../opt/mongodbtoolchain/v2/bin/gcc: gcc (GCC) 5.4.0..ccflags.+...-fno-omit-frame-pointer -fno-strict-aliasing -ggdb -pthread -Wall -Wsign-compare -Wno-unknown-pragmas -Winvalid-pch -Werror -O2 -Wno-unused-local-typedefs -Wno-unused-function -Wno-deprecated-declarations -Wno-unused-but-set-variable -Wno-missing-braces -fstack-protector-strong -fno-builtin-memcmp..cxx.2.../opt/mongodbtoolchain/v2/bin/g++: g++ (GCC) 5.4.0..cxxflags.9...-Woverloaded-virtual -Wno-maybe-uninitialized -std=c++11..linkflags.....-pthread -Wl,-z,now -rdynamic -Wl,--fatal-warnings -fstack-protector-strong -fuse-ld=gold -Wl,--build-id -Wl,-z,noexecstack -Wl,--warn-execstack -Wl,-z,relro..target_arch.....x86_64..target_os.....linux...bits.@....debug...maxBsonObjectSize......storageEngines.L....0.....devnull..1.....ephemeralForTest..2.....mmapv1..3.....wiredTiger...ok........?\tend..jK._.....getCmdLineOpts.....\tstart..jK._....argv.;....0.....mongod..1.\t...--config..2...../etc/mongod.conf...parsed."....config...../etc/mongod.conf..net.`....bindIp.\n...127.0.0.1..http.5....JSONPEnabled...RESTInterfaceEnabled...enabled....port..i....storage.:....dbPath...../var/lib/mongodb..journal......enabled.....systemLog.M....destination.....file..logAppend...path...../var/log/mongodb/mongod.log....ok........?\tend..jK._.....hostInfo.....\tstart..jK._....system.....\tcurrentTime..jK._....hostname.....triton8..cpuAddrSize.@....memSizeMB.O....numCores......cpuArch.....x86_64..numaEnabled....os.9....type...
1511699213.002603020 0.000052909 mongod triton8 26882 7f02e661b700 read 1358 30 NON_SOCKET cpu  374668 2089 209801 81414757 938543 0 8570 7076 0 0\ncpu0 92954 262 52477 20373150 230934 0 1484 1496 0 0\ncpu1 94158 1131 51688 20345715 255482 0 590 1578 0 0\ncpu2 91281 353 52362 20358576 240696 0 124 1567 0 0\ncpu3 96273 342 53273 20337314 211430 0 6370 2433 0 0\nintr 95776855 15 71 0 0 0 0 3 0 0 0 210 0 690 0 0 0 0 0 0 0 0 0 0 0 0 4 0 218433 0 8182091 3 537 0 0 0 0 0 0 0 0 0 0 0 0 0 0 0 0 0 0 0 0 0 0 0 0 0 0 0 0 0 0 0 0 0 0 0 0 0 0 0 0 0 0 0 0 0 0 0 0 0 0 0 0 0 0 0 0 0 0 0 0 0 0 0 0 0 0 0 0 0 0 0 0 0 0 0 0 0 0 0 0 0 0 0 0 0 0 0 0 0 0 0 0 0 0 0 0 0 0 0 0 0 0 0 0 0 0 0 0 0 0 0 0 0 0 0 0 0 0 0 0 0 0 0 0 0 0 0 0 0 0 0 0 0 0 0 0 0 0 0 0 0 0 0 0 0 0 0 0 0 0 0 0 0 0 0 0 0 0 0 0 0 0 0 0 0 0 0 0 0 0 0 0 0 0 0 0 0 0 0 0 0 0 0 0 0 0 0 0 0 0 0 0 0 0 0 0 0 0 0 0 0 0 0 0 0 0 0 0 0 0 0 0 0 0 0 0 0 0 0 0 0 0 0 0 0 0 0 0 0 0 0 0 0 0 0 0 0 0 0 0 0 0 0 0 0 0 0 0 0 0 0 0 0 0 0 0 0 0 0 0 0 0 0 0 0 0 0 0 0 0 0 0 0 0 0 0 0 0 0 0 0 0 0 0 0 0 0 0 0 0 0 0 0 0 0 0 0 0 0 0 0 0 0 0 0 0 0 0 0 0 0 0 0 0 0 0 0 0 0 0 0 0 0 0 0 0 0 0 0 0 0 0 0 0 0 0 0 0 0 0 0 0 0 0 0 0 0 0 0 0 0 0 0 0 0 0 0 0 0 0 0 0 0 0 0 0 0 0 0 0 0 0 0 0 0 0 0 0 0 0 0 0 0 0 0 0 0 0 0 0 0 0 0 0 0 0 0 0 0 0 0 0 0 0 0 0 0 0 0 0 0 0 0 0 0 0 0 0 0 0 0 0 0 0\nctxt 168526429\nbtime 1511491063\nprocesses 26877\nprocs_running 1\nprocs_blocked 0\nsoftirq 51299532 4 16987307 5 8185086 0 0 131 11463689 0 14663310\n
1511699213.002717500 0.000001113 mongod triton8 26882 7f02e661b700 read 0 30 NON_SOCKET
1511699213.002770056 0.000019814 mongod triton8 26882 7f02e661b700 read 1251 30 NON_SOCKET MemTotal:        6110600 kB\nMemFree:          517996 kB\nMemAvailable:     949044 kB\nBuffers:          142092 kB\nCached:           514104 kB\nSwapCached:        17244 kB\nActive:          2803240 kB\nInactive:         864816 kB\nActive(anon):    2426404 kB\nInactive(anon):   625324 kB\nActive(file):     376836 kB\nInactive(file):   239492 kB\nUnevictable:     1750864 kB\nMlocked:         1750864 kB\nSwapTotal:       8385532 kB\nSwapFree:        8257940 kB\nDirty:              1224 kB\nWriteback:             0 kB\nAnonPages:       4757464 kB\nMapped:           217456 kB\nShmem:             13424 kB\nSlab:              87252 kB\nSReclaimable:      56196 kB\nSUnreclaim:        31056 kB\nKernelStack:        9568 kB\nPageTables:        34552 kB\nNFS_Unstable:          0 kB\nBounce:                0 kB\nWritebackTmp:          0 kB\nCommitLimit:    11440832 kB\nCommitted_AS:    7922240 kB\nVmallocTotal:   34359738367 kB\nVmallocUsed:           0 kB\nVmallocChunk:          0 kB\nHardwareCorrupted:     0 kB\nAnonHugePages:   4370432 kB\nCmaTotal:              0 kB\nCmaFree:               0 kB\nHugePages_Total:       0\nHugePages_Free:        0\nHugePages_Rsvd:        0\nHugePages_Surp:        0\nHugepagesize:       2048 kB\nDirectMap4k:      104316 kB\nDirectMap2M:     6187008 kB\n
1511699213.002818427 0.000000718 mongod triton8 26882 7f02e661b700 read 0 30 NON_SOCKET
1511699213.002865368 0.000111118 mongod triton8 26882 7f02e661b700 read 1285 30 NON_SOCKET    1       0 ram0 0 0 0 0 0 0 0 0 0 0 0\n   1       1 ram1 0 0 0 0 0 0 0 0 0 0 0\n   1       2 ram2 0 0 0 0 0 0 0 0 0 0 0\n   1       3 ram3 0 0 0 0 0 0 0 0 0 0 0\n   1       4 ram4 0 0 0 0 0 0 0 0 0 0 0\n   1       5 ram5 0 0 0 0 0 0 0 0 0 0 0\n   1       6 ram6 0 0 0 0 0 0 0 0 0 0 0\n   1       7 ram7 0 0 0 0 0 0 0 0 0 0 0\n   1       8 ram8 0 0 0 0 0 0 0 0 0 0 0\n   1       9 ram9 0 0 0 0 0 0 0 0 0 0 0\n   1      10 ram10 0 0 0 0 0 0 0 0 0 0 0\n   1      11 ram11 0 0 0 0 0 0 0 0 0 0 0\n   1      12 ram12 0 0 0 0 0 0 0 0 0 0 0\n   1      13 ram13 0 0 0 0 0 0 0 0 0 0 0\n   1      14 ram14 0 0 0 0 0 0 0 0 0 0 0\n   1      15 ram15 0 0 0 0 0 0 0 0 0 0 0\n   7       0 loop0 0 0 0 0 0 0 0 0 0 0 0\n   7       1 loop1 0 0 0 0 0 0 0 0 0 0 0\n   7       2 loop2 0 0 0 0 0 0 0 0 0 0 0\n   7       3 loop3 0 0 0 0 0 0 0 0 0 0 0\n   7       4 loop4 0 0 0 0 0 0 0 0 0 0 0\n   7       5 loop5 0 0 0 0 0 0 0 0 0 0 0\n   7       6 loop6 0 0 0 0 0 0 0 0 0 0 0\n   7       7 loop7 0 0 0 0 0 0 0 0 0 0 0\n 253       0 vda 95842 26896 3842714 948800 166493 746531 9232104 10670896 0 9483864 11625376\n 253       1 vda1 71167 3 3420850 812148 139488 222467 4831840 10395788 0 9293476 11213388\n 253       2 vda2 4 0 8 0 0 0 0 0 0 0 0\n 253       5 vda5 24581 26893 417680 136488 25969 524064 4400264 63716 0 51916 200188\n
1511699213.003017430 0.000003551 mongod triton8 26882 7f02e661b700 read 0 30 NON_SOCKET
1511699214.000561722 0.000021462 mongod triton8 26882 7f02e661b700 read 1358 30 NON_SOCKET cpu  374669 2089 209802 81415150 938543 0 8570 7076 0 0\ncpu0 92954 262 52478 20373249 230934 0 1484 1496 0 0\ncpu1 94160 1131 51688 20345813 255482 0 590 1578 0 0\ncpu2 91281 353 52362 20358674 240696 0 124 1567 0 0\ncpu3 96274 342 53273 20337412 211430 0 6370 2433 0 0\nintr 95777392 15 71 0 0 0 0 3 0 0 0 210 0 690 0 0 0 0 0 0 0 0 0 0 0 0 4 0 218433 0 8182151 3 537 0 0 0 0 0 0 0 0 0 0 0 0 0 0 0 0 0 0 0 0 0 0 0 0 0 0 0 0 0 0 0 0 0 0 0 0 0 0 0 0 0 0 0 0 0 0 0 0 0 0 0 0 0 0 0 0 0 0 0 0 0 0 0 0 0 0 0 0 0 0 0 0 0 0 0 0 0 0 0 0 0 0 0 0 0 0 0 0 0 0 0 0 0 0 0 0 0 0 0 0 0 0 0 0 0 0 0 0 0 0 0 0 0 0 0 0 0 0 0 0 0 0 0 0 0 0 0 0 0 0 0 0 0 0 0 0 0 0 0 0 0 0 0 0 0 0 0 0 0 0 0 0 0 0 0 0 0 0 0 0 0 0 0 0 0 0 0 0 0 0 0 0 0 0 0 0 0 0 0 0 0 0 0 0 0 0 0 0 0 0 0 0 0 0 0 0 0 0 0 0 0 0 0 0 0 0 0 0 0 0 0 0 0 0 0 0 0 0 0 0 0 0 0 0 0 0 0 0 0 0 0 0 0 0 0 0 0 0 0 0 0 0 0 0 0 0 0 0 0 0 0 0 0 0 0 0 0 0 0 0 0 0 0 0 0 0 0 0 0 0 0 0 0 0 0 0 0 0 0 0 0 0 0 0 0 0 0 0 0 0 0 0 0 0 0 0 0 0 0 0 0 0 0 0 0 0 0 0 0 0 0 0 0 0 0 0 0 0 0 0 0 0 0 0 0 0 0 0 0 0 0 0 0 0 0 0 0 0 0 0 0 0 0 0 0 0 0 0 0 0 0 0 0 0 0 0 0 0 0 0 0 0 0 0 0 0 0 0 0 0 0 0 0 0 0 0 0 0 0 0 0 0 0 0 0 0 0 0 0 0 0 0 0 0 0 0 0 0 0 0 0 0 0 0 0 0 0 0 0 0 0 0 0 0 0 0 0 0 0 0 0 0 0 0\nctxt 168527342\nbtime 1511491063\nprocesses 26877\nprocs_running 1\nprocs_blocked 0\nsoftirq 51299867 4 16987420 5 8185146 0 0 131 11463760 0 14663401\n
1511699214.000613459 0.000000518 mongod triton8 26882 7f02e661b700 read 0 30 NON_SOCKET
1511699214.000673921 0.000010602 mongod triton8 26882 7f02e661b700 read 1251 30 NON_SOCKET MemTotal:        6110600 kB\nMemFree:          515864 kB\nMemAvailable:     947020 kB\nBuffers:          142092 kB\nCached:           514216 kB\nSwapCached:        17244 kB\nActive:          2804172 kB\nInactive:         864712 kB\nActive(anon):    2427120 kB\nInactive(anon):   625328 kB\nActive(file):     377052 kB\nInactive(file):   239384 kB\nUnevictable:     1750864 kB\nMlocked:         1750864 kB\nSwapTotal:       8385532 kB\nSwapFree:        8257940 kB\nDirty:              1292 kB\nWriteback:             0 kB\nAnonPages:       4760280 kB\nMapped:           217460 kB\nShmem:             13428 kB\nSlab:              87256 kB\nSReclaimable:      56196 kB\nSUnreclaim:        31060 kB\nKernelStack:        9840 kB\nPageTables:        34744 kB\nNFS_Unstable:          0 kB\nBounce:                0 kB\nWritebackTmp:          0 kB\nCommitLimit:    11440832 kB\nCommitted_AS:    7922240 kB\nVmallocTotal:   34359738367 kB\nVmallocUsed:           0 kB\nVmallocChunk:          0 kB\nHardwareCorrupted:     0 kB\nAnonHugePages:   4372480 kB\nCmaTotal:              0 kB\nCmaFree:               0 kB\nHugePages_Total:       0\nHugePages_Free:        0\nHugePages_Rsvd:        0\nHugePages_Surp:        0\nHugepagesize:       2048 kB\nDirectMap4k:      104316 kB\nDirectMap2M:     6187008 kB\n
1511699214.000695905 0.000000361 mongod triton8 26882 7f02e661b700 read 0 30 NON_SOCKET
1511699214.000715354 0.000048242 mongod triton8 26882 7f02e661b700 read 1285 30 NON_SOCKET    1       0 ram0 0 0 0 0 0 0 0 0 0 0 0\n   1       1 ram1 0 0 0 0 0 0 0 0 0 0 0\n   1       2 ram2 0 0 0 0 0 0 0 0 0 0 0\n   1       3 ram3 0 0 0 0 0 0 0 0 0 0 0\n   1       4 ram4 0 0 0 0 0 0 0 0 0 0 0\n   1       5 ram5 0 0 0 0 0 0 0 0 0 0 0\n   1       6 ram6 0 0 0 0 0 0 0 0 0 0 0\n   1       7 ram7 0 0 0 0 0 0 0 0 0 0 0\n   1       8 ram8 0 0 0 0 0 0 0 0 0 0 0\n   1       9 ram9 0 0 0 0 0 0 0 0 0 0 0\n   1      10 ram10 0 0 0 0 0 0 0 0 0 0 0\n   1      11 ram11 0 0 0 0 0 0 0 0 0 0 0\n   1      12 ram12 0 0 0 0 0 0 0 0 0 0 0\n   1      13 ram13 0 0 0 0 0 0 0 0 0 0 0\n   1      14 ram14 0 0 0 0 0 0 0 0 0 0 0\n   1      15 ram15 0 0 0 0 0 0 0 0 0 0 0\n   7       0 loop0 0 0 0 0 0 0 0 0 0 0 0\n   7       1 loop1 0 0 0 0 0 0 0 0 0 0 0\n   7       2 loop2 0 0 0 0 0 0 0 0 0 0 0\n   7       3 loop3 0 0 0 0 0 0 0 0 0 0 0\n   7       4 loop4 0 0 0 0 0 0 0 0 0 0 0\n   7       5 loop5 0 0 0 0 0 0 0 0 0 0 0\n   7       6 loop6 0 0 0 0 0 0 0 0 0 0 0\n   7       7 loop7 0 0 0 0 0 0 0 0 0 0 0\n 253       0 vda 95842 26896 3842714 948800 166493 746531 9232104 10670896 0 9483864 11625376\n 253       1 vda1 71167 3 3420850 812148 139488 222467 4831840 10395788 0 9293476 11213388\n 253       2 vda2 4 0 8 0 0 0 0 0 0 0 0\n 253       5 vda5 24581 26893 417680 136488 25969 524064 4400264 63716 0 51916 200188\n
1511699214.000777844 0.000001674 mongod triton8 26882 7f02e661b700 read 0 30 NON_SOCKET
1511699215.001454518 0.000057524 mongod triton8 26882 7f02e661b700 read 1358 30 NON_SOCKET cpu  374670 2089 209804 81415546 938543 0 8570 7076 0 0\ncpu0 92954 262 52478 20373349 230934 0 1484 1496 0 0\ncpu1 94160 1131 51688 20345911 255482 0 590 1578 0 0\ncpu2 91282 353 52363 20358774 240696 0 124 1567 0 0\ncpu3 96274 342 53274 20337511 211430 0 6370 2433 0 0\nintr 95777942 15 71 0 0 0 0 3 0 0 0 210 0 690 0 0 0 0 0 0 0 0 0 0 0 0 4 0 218433 0 8182206 3 537 0 0 0 0 0 0 0 0 0 0 0 0 0 0 0 0 0 0 0 0 0 0 0 0 0 0 0 0 0 0 0 0 0 0 0 0 0 0 0 0 0 0 0 0 0 0 0 0 0 0 0 0 0 0 0 0 0 0 0 0 0 0 0 0 0 0 0 0 0 0 0 0 0 0 0 0 0 0 0 0 0 0 0 0 0 0 0 0 0 0 0 0 0 0 0 0 0 0 0 0 0 0 0 0 0 0 0 0 0 0 0 0 0 0 0 0 0 0 0 0 0 0 0 0 0 0 0 0 0 0 0 0 0 0 0 0 0 0 0 0 0 0 0 0 0 0 0 0 0 0 0 0 0 0 0 0 0 0 0 0 0 0 0 0 0 0 0 0 0 0 0 0 0 0 0 0 0 0 0 0 0 0 0 0 0 0 0 0 0 0 0 0 0 0 0 0 0 0 0 0 0 0 0 0 0 0 0 0 0 0 0 0 0 0 0 0 0 0 0 0 0 0 0 0 0 0 0 0 0 0 0 0 0 0 0 0 0 0 0 0 0 0 0 0 0 0 0 0 0 0 0 0 0 0 0 0 0 0 0 0 0 0 0 0 0 0 0 0 0 0 0 0 0 0 0 0 0 0 0 0 0 0 0 0 0 0 0 0 0 0 0 0 0 0 0 0 0 0 0 0 0 0 0 0 0 0 0 0 0 0 0 0 0 0 0 0 0 0 0 0 0 0 0 0 0 0 0 0 0 0 0 0 0 0 0 0 0 0 0 0 0 0 0 0 0 0 0 0 0 0 0 0 0 0 0 0 0 0 0 0 0 0 0 0 0 0 0 0 0 0 0 0 0 0 0 0 0 0 0 0 0 0 0 0 0 0 0 0 0 0 0 0 0 0 0 0 0 0 0 0 0 0 0 0 0 0 0 0 0 0 0 0 0 0 0 0 0 0 0 0 0 0 0 0\nctxt 168528276\nbtime 1511491063\nprocesses 26877\nprocs_running 1\nprocs_blocked 0\nsoftirq 51300251 4 16987555 5 8185201 0 0 131 11463842 0 14663513\n
1511699215.001599132 0.000001250 mongod triton8 26882 7f02e661b700 read 0 30 NON_SOCKET
1511699215.001673752 0.000022663 mongod triton8 26882 7f02e661b700 read 1251 30 NON_SOCKET MemTotal:        6110600 kB\nMemFree:          516456 kB\nMemAvailable:     947624 kB\nBuffers:          142092 kB\nCached:           514220 kB\nSwapCached:        17244 kB\nActive:          2803500 kB\nInactive:         864712 kB\nActive(anon):    2426440 kB\nInactive(anon):   625324 kB\nActive(file):     377060 kB\nInactive(file):   239388 kB\nUnevictable:     1750864 kB\nMlocked:         1750864 kB\nSwapTotal:       8385532 kB\nSwapFree:        8257940 kB\nDirty:              1300 kB\nWriteback:             0 kB\nAnonPages:       4759580 kB\nMapped:           217456 kB\nShmem:             13424 kB\nSlab:              87256 kB\nSReclaimable:      56196 kB\nSUnreclaim:        31060 kB\nKernelStack:        9840 kB\nPageTables:        34600 kB\nNFS_Unstable:          0 kB\nBounce:                0 kB\nWritebackTmp:          0 kB\nCommitLimit:    11440832 kB\nCommitted_AS:    7916208 kB\nVmallocTotal:   34359738367 kB\nVmallocUsed:           0 kB\nVmallocChunk:          0 kB\nHardwareCorrupted:     0 kB\nAnonHugePages:   4372480 kB\nCmaTotal:              0 kB\nCmaFree:               0 kB\nHugePages_Total:       0\nHugePages_Free:        0\nHugePages_Rsvd:        0\nHugePages_Surp:        0\nHugepagesize:       2048 kB\nDirectMap4k:      104316 kB\nDirectMap2M:     6187008 kB\n
1511699215.001732486 0.000001085 mongod triton8 26882 7f02e661b700 read 0 30 NON_SOCKET
1511699215.001791243 0.000114667 mongod triton8 26882 7f02e661b700 read 1285 30 NON_SOCKET    1       0 ram0 0 0 0 0 0 0 0 0 0 0 0\n   1       1 ram1 0 0 0 0 0 0 0 0 0 0 0\n   1       2 ram2 0 0 0 0 0 0 0 0 0 0 0\n   1       3 ram3 0 0 0 0 0 0 0 0 0 0 0\n   1       4 ram4 0 0 0 0 0 0 0 0 0 0 0\n   1       5 ram5 0 0 0 0 0 0 0 0 0 0 0\n   1       6 ram6 0 0 0 0 0 0 0 0 0 0 0\n   1       7 ram7 0 0 0 0 0 0 0 0 0 0 0\n   1       8 ram8 0 0 0 0 0 0 0 0 0 0 0\n   1       9 ram9 0 0 0 0 0 0 0 0 0 0 0\n   1      10 ram10 0 0 0 0 0 0 0 0 0 0 0\n   1      11 ram11 0 0 0 0 0 0 0 0 0 0 0\n   1      12 ram12 0 0 0 0 0 0 0 0 0 0 0\n   1      13 ram13 0 0 0 0 0 0 0 0 0 0 0\n   1      14 ram14 0 0 0 0 0 0 0 0 0 0 0\n   1      15 ram15 0 0 0 0 0 0 0 0 0 0 0\n   7       0 loop0 0 0 0 0 0 0 0 0 0 0 0\n   7       1 loop1 0 0 0 0 0 0 0 0 0 0 0\n   7       2 loop2 0 0 0 0 0 0 0 0 0 0 0\n   7       3 loop3 0 0 0 0 0 0 0 0 0 0 0\n   7       4 loop4 0 0 0 0 0 0 0 0 0 0 0\n   7       5 loop5 0 0 0 0 0 0 0 0 0 0 0\n   7       6 loop6 0 0 0 0 0 0 0 0 0 0 0\n   7       7 loop7 0 0 0 0 0 0 0 0 0 0 0\n 253       0 vda 95842 26896 3842714 948800 166493 746531 9232104 10670896 0 9483864 11625376\n 253       1 vda1 71167 3 3420850 812148 139488 222467 4831840 10395788 0 9293476 11213388\n 253       2 vda2 4 0 8 0 0 0 0 0 0 0 0\n 253       5 vda5 24581 26893 417680 136488 25969 524064 4400264 63716 0 51916 200188\n
1511699215.001936238 0.000003287 mongod triton8 26882 7f02e661b700 read 0 30 NON_SOCKET
1511699216.001888581 0.000088728 mongod triton8 26882 7f02e661b700 read 1358 30 NON_SOCKET cpu  374673 2089 209807 81415938 938543 0 8570 7076 0 0\ncpu0 92954 262 52478 20373448 230934 0 1484 1496 0 0\ncpu1 94160 1131 51689 20346007 255482 0 590 1578 0 0\ncpu2 91282 353 52364 20358873 240696 0 124 1567 0 0\ncpu3 96275 342 53275 20337608 211430 0 6370 2433 0 0\nintr 95778567 15 71 0 0 0 0 3 0 0 0 210 0 690 0 0 0 0 0 0 0 0 0 0 0 0 4 0 218433 0 8182256 3 537 0 0 0 0 0 0 0 0 0 0 0 0 0 0 0 0 0 0 0 0 0 0 0 0 0 0 0 0 0 0 0 0 0 0 0 0 0 0 0 0 0 0 0 0 0 0 0 0 0 0 0 0 0 0 0 0 0 0 0 0 0 0 0 0 0 0 0 0 0 0 0 0 0 0 0 0 0 0 0 0 0 0 0 0 0 0 0 0 0 0 0 0 0 0 0 0 0 0 0 0 0 0 0 0 0 0 0 0 0 0 0 0 0 0 0 0 0 0 0 0 0 0 0 0 0 0 0 0 0 0 0 0 0 0 0 0 0 0 0 0 0 0 0 0 0 0 0 0 0 0 0 0 0 0 0 0 0 0 0 0 0 0 0 0 0 0 0 0 0 0 0 0 0 0 0 0 0 0 0 0 0 0 0 0 0 0 0 0 0 0 0 0 0 0 0 0 0 0 0 0 0 0 0 0 0 0 0 0 0 0 0 0 0 0 0 0 0 0 0 0 0 0 0 0 0 0 0 0 0 0 0 0 0 0 0 0 0 0 0 0 0 0 0 0 0 0 0 0 0 0 0 0 0 0 0 0 0 0 0 0 0 0 0 0 0 0 0 0 0 0 0 0 0 0 0 0 0 0 0 0 0 0 0 0 0 0 0 0 0 0 0 0 0 0 0 0 0 0 0 0 0 0 0 0 0 0 0 0 0 0 0 0 0 0 0 0 0 0 0 0 0 0 0 0 0 0 0 0 0 0 0 0 0 0 0 0 0 0 0 0 0 0 0 0 0 0 0 0 0 0 0 0 0 0 0 0 0 0 0 0 0 0 0 0 0 0 0 0 0 0 0 0 0 0 0 0 0 0 0 0 0 0 0 0 0 0 0 0 0 0 0 0 0 0 0 0 0 0 0 0 0 0 0 0 0 0 0 0 0 0 0 0 0 0 0 0 0 0 0 0 0 0 0 0\nctxt 168529321\nbtime 1511491063\nprocesses 26879\nprocs_running 1\nprocs_blocked 0\nsoftirq 51300661 4 16987696 5 8185251 0 0 131 11463932 0 14663642\n
1511699216.002070999 0.000002637 mongod triton8 26882 7f02e661b700 read 0 30 NON_SOCKET
1511699216.002139265 0.000023522 mongod triton8 26882 7f02e661b700 read 1251 30 NON_SOCKET MemTotal:        6110600 kB\nMemFree:          517120 kB\nMemAvailable:     948292 kB\nBuffers:          142092 kB\nCached:           514224 kB\nSwapCached:        17244 kB\nActive:          2804904 kB\nInactive:         864708 kB\nActive(anon):    2427840 kB\nInactive(anon):   625320 kB\nActive(file):     377064 kB\nInactive(file):   239388 kB\nUnevictable:     1750864 kB\nMlocked:         1750864 kB\nSwapTotal:       8385532 kB\nSwapFree:        8257940 kB\nDirty:              1304 kB\nWriteback:             0 kB\nAnonPages:       4758956 kB\nMapped:           217456 kB\nShmem:             13424 kB\nSlab:              87212 kB\nSReclaimable:      56196 kB\nSUnreclaim:        31016 kB\nKernelStack:        9824 kB\nPageTables:        34256 kB\nNFS_Unstable:          0 kB\nBounce:                0 kB\nWritebackTmp:          0 kB\nCommitLimit:    11440832 kB\nCommitted_AS:    7909704 kB\nVmallocTotal:   34359738367 kB\nVmallocUsed:           0 kB\nVmallocChunk:          0 kB\nHardwareCorrupted:     0 kB\nAnonHugePages:   4372480 kB\nCmaTotal:              0 kB\nCmaFree:               0 kB\nHugePages_Total:       0\nHugePages_Free:        0\nHugePages_Rsvd:        0\nHugePages_Surp:        0\nHugepagesize:       2048 kB\nDirectMap4k:      104316 kB\nDirectMap2M:     6187008 kB\n
1511699216.002193588 0.000000809 mongod triton8 26882 7f02e661b700 read 0 30 NON_SOCKET
1511699216.002244671 0.000120321 mongod triton8 26882 7f02e661b700 read 1285 30 NON_SOCKET    1       0 ram0 0 0 0 0 0 0 0 0 0 0 0\n   1       1 ram1 0 0 0 0 0 0 0 0 0 0 0\n   1       2 ram2 0 0 0 0 0 0 0 0 0 0 0\n   1       3 ram3 0 0 0 0 0 0 0 0 0 0 0\n   1       4 ram4 0 0 0 0 0 0 0 0 0 0 0\n   1       5 ram5 0 0 0 0 0 0 0 0 0 0 0\n   1       6 ram6 0 0 0 0 0 0 0 0 0 0 0\n   1       7 ram7 0 0 0 0 0 0 0 0 0 0 0\n   1       8 ram8 0 0 0 0 0 0 0 0 0 0 0\n   1       9 ram9 0 0 0 0 0 0 0 0 0 0 0\n   1      10 ram10 0 0 0 0 0 0 0 0 0 0 0\n   1      11 ram11 0 0 0 0 0 0 0 0 0 0 0\n   1      12 ram12 0 0 0 0 0 0 0 0 0 0 0\n   1      13 ram13 0 0 0 0 0 0 0 0 0 0 0\n   1      14 ram14 0 0 0 0 0 0 0 0 0 0 0\n   1      15 ram15 0 0 0 0 0 0 0 0 0 0 0\n   7       0 loop0 0 0 0 0 0 0 0 0 0 0 0\n   7       1 loop1 0 0 0 0 0 0 0 0 0 0 0\n   7       2 loop2 0 0 0 0 0 0 0 0 0 0 0\n   7       3 loop3 0 0 0 0 0 0 0 0 0 0 0\n   7       4 loop4 0 0 0 0 0 0 0 0 0 0 0\n   7       5 loop5 0 0 0 0 0 0 0 0 0 0 0\n   7       6 loop6 0 0 0 0 0 0 0 0 0 0 0\n   7       7 loop7 0 0 0 0 0 0 0 0 0 0 0\n 253       0 vda 95842 26896 3842714 948800 166493 746531 9232104 10670896 0 9483864 11625376\n 253       1 vda1 71167 3 3420850 812148 139488 222467 4831840 10395788 0 9293476 11213388\n 253       2 vda2 4 0 8 0 0 0 0 0 0 0 0\n 253       5 vda5 24581 26893 417680 136488 25969 524064 4400264 63716 0 51916 200188\n
1511699216.002405998 0.000003805 mongod triton8 26882 7f02e661b700 read 0 30 NON_SOCKET
1511699217.001507534 0.000061412 mongod triton8 26882 7f02e661b700 read 1358 30 NON_SOCKET cpu  374674 2089 209809 81416331 938543 0 8570 7076 0 0\ncpu0 92954 262 52479 20373547 230934 0 1484 1496 0 0\ncpu1 94161 1131 51690 20346104 255482 0 590 1578 0 0\ncpu2 91283 353 52364 20358972 240696 0 124 1567 0 0\ncpu3 96275 342 53275 20337707 211430 0 6370 2433 0 0\nintr 95779129 15 71 0 0 0 0 3 0 0 0 210 0 690 0 0 0 0 0 0 0 0 0 0 0 0 4 0 218433 0 8182297 3 537 0 0 0 0 0 0 0 0 0 0 0 0 0 0 0 0 0 0 0 0 0 0 0 0 0 0 0 0 0 0 0 0 0 0 0 0 0 0 0 0 0 0 0 0 0 0 0 0 0 0 0 0 0 0 0 0 0 0 0 0 0 0 0 0 0 0 0 0 0 0 0 0 0 0 0 0 0 0 0 0 0 0 0 0 0 0 0 0 0 0 0 0 0 0 0 0 0 0 0 0 0 0 0 0 0 0 0 0 0 0 0 0 0 0 0 0 0 0 0 0 0 0 0 0 0 0 0 0 0 0 0 0 0 0 0 0 0 0 0 0 0 0 0 0 0 0 0 0 0 0 0 0 0 0 0 0 0 0 0 0 0 0 0 0 0 0 0 0 0 0 0 0 0 0 0 0 0 0 0 0 0 0 0 0 0 0 0 0 0 0 0 0 0 0 0 0 0 0 0 0 0 0 0 0 0 0 0 0 0 0 0 0 0 0 0 0 0 0 0 0 0 0 0 0 0 0 0 0 0 0 0 0 0 0 0 0 0 0 0 0 0 0 0 0 0 0 0 0 0 0 0 0 0 0 0 0 0 0 0 0 0 0 0 0 0 0 0 0 0 0 0 0 0 0 0 0 0 0 0 0 0 0 0 0 0 0 0 0 0 0 0 0 0 0 0 0 0 0 0 0 0 0 0 0 0 0 0 0 0 0 0 0 0 0 0 0 0 0 0 0 0 0 0 0 0 0 0 0 0 0 0 0 0 0 0 0 0 0 0 0 0 0 0 0 0 0 0 0 0 0 0 0 0 0 0 0 0 0 0 0 0 0 0 0 0 0 0 0 0 0 0 0 0 0 0 0 0 0 0 0 0 0 0 0 0 0 0 0 0 0 0 0 0 0 0 0 0 0 0 0 0 0 0 0 0 0 0 0 0 0 0 0 0 0 0 0 0 0 0 0 0 0 0 0\nctxt 168530290\nbtime 1511491063\nprocesses 26879\nprocs_running 1\nprocs_blocked 0\nsoftirq 51300967 4 16987801 5 8185292 0 0 131 11464003 0 14663731\n
1511699217.001660331 0.000001697 mongod triton8 26882 7f02e661b700 read 0 30 NON_SOCKET
1511699217.001736959 0.000021462 mongod triton8 26882 7f02e661b700 read 1251 30 NON_SOCKET MemTotal:        6110600 kB\nMemFree:          516984 kB\nMemAvailable:     948160 kB\nBuffers:          142092 kB\nCached:           514228 kB\nSwapCached:        17244 kB\nActive:          2805108 kB\nInactive:         864704 kB\nActive(anon):    2428032 kB\nInactive(anon):   625324 kB\nActive(file):     377076 kB\nInactive(file):   239380 kB\nUnevictable:     1750864 kB\nMlocked:         1750864 kB\nSwapTotal:       8385532 kB\nSwapFree:        8257940 kB\nDirty:              1308 kB\nWriteback:             0 kB\nAnonPages:       4759096 kB\nMapped:           217460 kB\nShmem:             13424 kB\nSlab:              87212 kB\nSReclaimable:      56196 kB\nSUnreclaim:        31016 kB\nKernelStack:        9808 kB\nPageTables:        34400 kB\nNFS_Unstable:          0 kB\nBounce:                0 kB\nWritebackTmp:          0 kB\nCommitLimit:    11440832 kB\nCommitted_AS:    7909704 kB\nVmallocTotal:   34359738367 kB\nVmallocUsed:           0 kB\nVmallocChunk:          0 kB\nHardwareCorrupted:     0 kB\nAnonHugePages:   4372480 kB\nCmaTotal:              0 kB\nCmaFree:               0 kB\nHugePages_Total:       0\nHugePages_Free:        0\nHugePages_Rsvd:        0\nHugePages_Surp:        0\nHugepagesize:       2048 kB\nDirectMap4k:      104316 kB\nDirectMap2M:     6187008 kB\n
1511699217.001790938 0.000000812 mongod triton8 26882 7f02e661b700 read 0 30 NON_SOCKET
1511699217.001842395 0.000124033 mongod triton8 26882 7f02e661b700 read 1285 30 NON_SOCKET    1       0 ram0 0 0 0 0 0 0 0 0 0 0 0\n   1       1 ram1 0 0 0 0 0 0 0 0 0 0 0\n   1       2 ram2 0 0 0 0 0 0 0 0 0 0 0\n   1       3 ram3 0 0 0 0 0 0 0 0 0 0 0\n   1       4 ram4 0 0 0 0 0 0 0 0 0 0 0\n   1       5 ram5 0 0 0 0 0 0 0 0 0 0 0\n   1       6 ram6 0 0 0 0 0 0 0 0 0 0 0\n   1       7 ram7 0 0 0 0 0 0 0 0 0 0 0\n   1       8 ram8 0 0 0 0 0 0 0 0 0 0 0\n   1       9 ram9 0 0 0 0 0 0 0 0 0 0 0\n   1      10 ram10 0 0 0 0 0 0 0 0 0 0 0\n   1      11 ram11 0 0 0 0 0 0 0 0 0 0 0\n   1      12 ram12 0 0 0 0 0 0 0 0 0 0 0\n   1      13 ram13 0 0 0 0 0 0 0 0 0 0 0\n   1      14 ram14 0 0 0 0 0 0 0 0 0 0 0\n   1      15 ram15 0 0 0 0 0 0 0 0 0 0 0\n   7       0 loop0 0 0 0 0 0 0 0 0 0 0 0\n   7       1 loop1 0 0 0 0 0 0 0 0 0 0 0\n   7       2 loop2 0 0 0 0 0 0 0 0 0 0 0\n   7       3 loop3 0 0 0 0 0 0 0 0 0 0 0\n   7       4 loop4 0 0 0 0 0 0 0 0 0 0 0\n   7       5 loop5 0 0 0 0 0 0 0 0 0 0 0\n   7       6 loop6 0 0 0 0 0 0 0 0 0 0 0\n   7       7 loop7 0 0 0 0 0 0 0 0 0 0 0\n 253       0 vda 95842 26896 3842714 948800 166493 746531 9232104 10670896 0 9483864 11625376\n 253       1 vda1 71167 3 3420850 812148 139488 222467 4831840 10395788 0 9293476 11213388\n 253       2 vda2 4 0 8 0 0 0 0 0 0 0 0\n 253       5 vda5 24581 26893 417680 136488 25969 524064 4400264 63716 0 51916 200188\n
1511699217.002007317 0.000003723 mongod triton8 26882 7f02e661b700 read 0 30 NON_SOCKET
1511699218.001353263 0.000052066 mongod triton8 26882 7f02e661b700 read 1358 30 NON_SOCKET cpu  374678 2089 209810 81416722 938543 0 8570 7076 0 0\ncpu0 92955 262 52479 20373646 230934 0 1484 1496 0 0\ncpu1 94162 1131 51690 20346202 255482 0 590 1578 0 0\ncpu2 91284 353 52364 20359071 240696 0 124 1567 0 0\ncpu3 96277 342 53276 20337802 211430 0 6371 2433 0 0\nintr 95779731 15 71 0 0 0 0 3 0 0 0 210 0 690 0 0 0 0 0 0 0 0 0 0 0 0 4 0 218433 0 8182338 3 537 0 0 0 0 0 0 0 0 0 0 0 0 0 0 0 0 0 0 0 0 0 0 0 0 0 0 0 0 0 0 0 0 0 0 0 0 0 0 0 0 0 0 0 0 0 0 0 0 0 0 0 0 0 0 0 0 0 0 0 0 0 0 0 0 0 0 0 0 0 0 0 0 0 0 0 0 0 0 0 0 0 0 0 0 0 0 0 0 0 0 0 0 0 0 0 0 0 0 0 0 0 0 0 0 0 0 0 0 0 0 0 0 0 0 0 0 0 0 0 0 0 0 0 0 0 0 0 0 0 0 0 0 0 0 0 0 0 0 0 0 0 0 0 0 0 0 0 0 0 0 0 0 0 0 0 0 0 0 0 0 0 0 0 0 0 0 0 0 0 0 0 0 0 0 0 0 0 0 0 0 0 0 0 0 0 0 0 0 0 0 0 0 0 0 0 0 0 0 0 0 0 0 0 0 0 0 0 0 0 0 0 0 0 0 0 0 0 0 0 0 0 0 0 0 0 0 0 0 0 0 0 0 0 0 0 0 0 0 0 0 0 0 0 0 0 0 0 0 0 0 0 0 0 0 0 0 0 0 0 0 0 0 0 0 0 0 0 0 0 0 0 0 0 0 0 0 0 0 0 0 0 0 0 0 0 0 0 0 0 0 0 0 0 0 0 0 0 0 0 0 0 0 0 0 0 0 0 0 0 0 0 0 0 0 0 0 0 0 0 0 0 0 0 0 0 0 0 0 0 0 0 0 0 0 0 0 0 0 0 0 0 0 0 0 0 0 0 0 0 0 0 0 0 0 0 0 0 0 0 0 0 0 0 0 0 0 0 0 0 0 0 0 0 0 0 0 0 0 0 0 0 0 0 0 0 0 0 0 0 0 0 0 0 0 0 0 0 0 0 0 0 0 0 0 0 0 0 0 0 0 0 0 0 0 0 0 0 0 0 0 0 0 0 0\nctxt 168531324\nbtime 1511491063\nprocesses 26881\nprocs_running 1\nprocs_blocked 0\nsoftirq 51301379 4 16987946 5 8185333 0 0 131 11464100 0 14663860\n
1511699218.001484316 0.000001631 mongod triton8 26882 7f02e661b700 read 0 30 NON_SOCKET
1511699218.001546047 0.000021699 mongod triton8 26882 7f02e661b700 read 1251 30 NON_SOCKET MemTotal:        6110600 kB\nMemFree:          517156 kB\nMemAvailable:     948332 kB\nBuffers:          142092 kB\nCached:           514232 kB\nSwapCached:        17244 kB\nActive:          2804904 kB\nInactive:         864704 kB\nActive(anon):    2427828 kB\nInactive(anon):   625324 kB\nActive(file):     377076 kB\nInactive(file):   239380 kB\nUnevictable:     1750864 kB\nMlocked:         1750864 kB\nSwapTotal:       8385532 kB\nSwapFree:        8257940 kB\nDirty:              1312 kB\nWriteback:             0 kB\nAnonPages:       4759048 kB\nMapped:           217468 kB\nShmem:             13424 kB\nSlab:              87184 kB\nSReclaimable:      56196 kB\nSUnreclaim:        30988 kB\nKernelStack:        9824 kB\nPageTables:        34264 kB\nNFS_Unstable:          0 kB\nBounce:                0 kB\nWritebackTmp:          0 kB\nCommitLimit:    11440832 kB\nCommitted_AS:    7915776 kB\nVmallocTotal:   34359738367 kB\nVmallocUsed:           0 kB\nVmallocChunk:          0 kB\nHardwareCorrupted:     0 kB\nAnonHugePages:   4372480 kB\nCmaTotal:              0 kB\nCmaFree:               0 kB\nHugePages_Total:       0\nHugePages_Free:        0\nHugePages_Rsvd:        0\nHugePages_Surp:        0\nHugepagesize:       2048 kB\nDirectMap4k:      104316 kB\nDirectMap2M:     6187008 kB\n
1511699218.001599531 0.000000889 mongod triton8 26882 7f02e661b700 read 0 30 NON_SOCKET
1511699218.001651283 0.000102669 mongod triton8 26882 7f02e661b700 read 1285 30 NON_SOCKET    1       0 ram0 0 0 0 0 0 0 0 0 0 0 0\n   1       1 ram1 0 0 0 0 0 0 0 0 0 0 0\n   1       2 ram2 0 0 0 0 0 0 0 0 0 0 0\n   1       3 ram3 0 0 0 0 0 0 0 0 0 0 0\n   1       4 ram4 0 0 0 0 0 0 0 0 0 0 0\n   1       5 ram5 0 0 0 0 0 0 0 0 0 0 0\n   1       6 ram6 0 0 0 0 0 0 0 0 0 0 0\n   1       7 ram7 0 0 0 0 0 0 0 0 0 0 0\n   1       8 ram8 0 0 0 0 0 0 0 0 0 0 0\n   1       9 ram9 0 0 0 0 0 0 0 0 0 0 0\n   1      10 ram10 0 0 0 0 0 0 0 0 0 0 0\n   1      11 ram11 0 0 0 0 0 0 0 0 0 0 0\n   1      12 ram12 0 0 0 0 0 0 0 0 0 0 0\n   1      13 ram13 0 0 0 0 0 0 0 0 0 0 0\n   1      14 ram14 0 0 0 0 0 0 0 0 0 0 0\n   1      15 ram15 0 0 0 0 0 0 0 0 0 0 0\n   7       0 loop0 0 0 0 0 0 0 0 0 0 0 0\n   7       1 loop1 0 0 0 0 0 0 0 0 0 0 0\n   7       2 loop2 0 0 0 0 0 0 0 0 0 0 0\n   7       3 loop3 0 0 0 0 0 0 0 0 0 0 0\n   7       4 loop4 0 0 0 0 0 0 0 0 0 0 0\n   7       5 loop5 0 0 0 0 0 0 0 0 0 0 0\n   7       6 loop6 0 0 0 0 0 0 0 0 0 0 0\n   7       7 loop7 0 0 0 0 0 0 0 0 0 0 0\n 253       0 vda 95842 26896 3842714 948800 166493 746531 9232104 10670896 0 9483864 11625376\n 253       1 vda1 71167 3 3420850 812148 139488 222467 4831840 10395788 0 9293476 11213388\n 253       2 vda2 4 0 8 0 0 0 0 0 0 0 0\n 253       5 vda5 24581 26893 417680 136488 25969 524064 4400264 63716 0 51916 200188\n
1511699218.001790021 0.000003288 mongod triton8 26882 7f02e661b700 read 0 30 NON_SOCKET
1511699219.001654361 0.000060747 mongod triton8 26882 7f02e661b700 read 1358 30 NON_SOCKET cpu  374683 2089 209813 81417109 938547 0 8570 7076 0 0\ncpu0 92956 262 52480 20373743 230934 0 1484 1496 0 0\ncpu1 94162 1131 51690 20346297 255486 0 590 1578 0 0\ncpu2 91285 353 52364 20359170 240696 0 124 1567 0 0\ncpu3 96279 342 53278 20337898 211430 0 6371 2433 0 0\nintr 95780386 15 71 0 0 0 0 3 0 0 0 210 0 690 0 0 0 0 0 0 0 0 0 0 0 0 4 0 218437 0 8182388 3 537 0 0 0 0 0 0 0 0 0 0 0 0 0 0 0 0 0 0 0 0 0 0 0 0 0 0 0 0 0 0 0 0 0 0 0 0 0 0 0 0 0 0 0 0 0 0 0 0 0 0 0 0 0 0 0 0 0 0 0 0 0 0 0 0 0 0 0 0 0 0 0 0 0 0 0 0 0 0 0 0 0 0 0 0 0 0 0 0 0 0 0 0 0 0 0 0 0 0 0 0 0 0 0 0 0 0 0 0 0 0 0 0 0 0 0 0 0 0 0 0 0 0 0 0 0 0 0 0 0 0 0 0 0 0 0 0 0 0 0 0 0 0 0 0 0 0 0 0 0 0 0 0 0 0 0 0 0 0 0 0 0 0 0 0 0 0 0 0 0 0 0 0 0 0 0 0 0 0 0 0 0 0 0 0 0 0 0 0 0 0 0 0 0 0 0 0 0 0 0 0 0 0 0 0 0 0 0 0 0 0 0 0 0 0 0 0 0 0 0 0 0 0 0 0 0 0 0 0 0 0 0 0 0 0 0 0 0 0 0 0 0 0 0 0 0 0 0 0 0 0 0 0 0 0 0 0 0 0 0 0 0 0 0 0 0 0 0 0 0 0 0 0 0 0 0 0 0 0 0 0 0 0 0 0 0 0 0 0 0 0 0 0 0 0 0 0 0 0 0 0 0 0 0 0 0 0 0 0 0 0 0 0 0 0 0 0 0 0 0 0 0 0 0 0 0 0 0 0 0 0 0 0 0 0 0 0 0 0 0 0 0 0 0 0 0 0 0 0 0 0 0 0 0 0 0 0 0 0 0 0 0 0 0 0 0 0 0 0 0 0 0 0 0 0 0 0 0 0 0 0 0 0 0 0 0 0 0 0 0 0 0 0 0 0 0 0 0 0 0 0 0 0 0 0 0 0 0 0 0 0 0 0 0 0 0 0 0 0 0 0 0 0 0 0\nctxt 168532413\nbtime 1511491063\nprocesses 26883\nprocs_running 1\nprocs_blocked 0\nsoftirq 51301857 4 16988115 5 8185383 0 0 131 11464208 0 14664011\n
1511699219.001805260 0.000001530 mongod triton8 26882 7f02e661b700 read 0 30 NON_SOCKET
1511699219.001874364 0.000025137 mongod triton8 26882 7f02e661b700 read 1251 30 NON_SOCKET MemTotal:        6110600 kB\nMemFree:          517328 kB\nMemAvailable:     948512 kB\nBuffers:          142096 kB\nCached:           514240 kB\nSwapCached:        17244 kB\nActive:          2804992 kB\nInactive:         864704 kB\nActive(anon):    2427908 kB\nInactive(anon):   625324 kB\nActive(file):     377084 kB\nInactive(file):   239380 kB\nUnevictable:     1750864 kB\nMlocked:         1750864 kB\nSwapTotal:       8385532 kB\nSwapFree:        8257940 kB\nDirty:              1316 kB\nWriteback:             0 kB\nAnonPages:       4759036 kB\nMapped:           217480 kB\nShmem:             13428 kB\nSlab:              87220 kB\nSReclaimable:      56196 kB\nSUnreclaim:        31024 kB\nKernelStack:        9824 kB\nPageTables:        34376 kB\nNFS_Unstable:          0 kB\nBounce:                0 kB\nWritebackTmp:          0 kB\nCommitLimit:    11440832 kB\nCommitted_AS:    7915776 kB\nVmallocTotal:   34359738367 kB\nVmallocUsed:           0 kB\nVmallocChunk:          0 kB\nHardwareCorrupted:     0 kB\nAnonHugePages:   4372480 kB\nCmaTotal:              0 kB\nCmaFree:               0 kB\nHugePages_Total:       0\nHugePages_Free:        0\nHugePages_Rsvd:        0\nHugePages_Surp:        0\nHugepagesize:       2048 kB\nDirectMap4k:      104316 kB\nDirectMap2M:     6187008 kB\n
1511699219.001934848 0.000000886 mongod triton8 26882 7f02e661b700 read 0 30 NON_SOCKET
1511699219.001995105 0.000127881 mongod triton8 26882 7f02e661b700 read 1285 30 NON_SOCKET    1       0 ram0 0 0 0 0 0 0 0 0 0 0 0\n   1       1 ram1 0 0 0 0 0 0 0 0 0 0 0\n   1       2 ram2 0 0 0 0 0 0 0 0 0 0 0\n   1       3 ram3 0 0 0 0 0 0 0 0 0 0 0\n   1       4 ram4 0 0 0 0 0 0 0 0 0 0 0\n   1       5 ram5 0 0 0 0 0 0 0 0 0 0 0\n   1       6 ram6 0 0 0 0 0 0 0 0 0 0 0\n   1       7 ram7 0 0 0 0 0 0 0 0 0 0 0\n   1       8 ram8 0 0 0 0 0 0 0 0 0 0 0\n   1       9 ram9 0 0 0 0 0 0 0 0 0 0 0\n   1      10 ram10 0 0 0 0 0 0 0 0 0 0 0\n   1      11 ram11 0 0 0 0 0 0 0 0 0 0 0\n   1      12 ram12 0 0 0 0 0 0 0 0 0 0 0\n   1      13 ram13 0 0 0 0 0 0 0 0 0 0 0\n   1      14 ram14 0 0 0 0 0 0 0 0 0 0 0\n   1      15 ram15 0 0 0 0 0 0 0 0 0 0 0\n   7       0 loop0 0 0 0 0 0 0 0 0 0 0 0\n   7       1 loop1 0 0 0 0 0 0 0 0 0 0 0\n   7       2 loop2 0 0 0 0 0 0 0 0 0 0 0\n   7       3 loop3 0 0 0 0 0 0 0 0 0 0 0\n   7       4 loop4 0 0 0 0 0 0 0 0 0 0 0\n   7       5 loop5 0 0 0 0 0 0 0 0 0 0 0\n   7       6 loop6 0 0 0 0 0 0 0 0 0 0 0\n   7       7 loop7 0 0 0 0 0 0 0 0 0 0 0\n 253       0 vda 95842 26896 3842714 948800 166495 746539 9232184 10670932 0 9483900 11625412\n 253       1 vda1 71167 3 3420850 812148 139490 222475 4831920 10395824 0 9293512 11213424\n 253       2 vda2 4 0 8 0 0 0 0 0 0 0 0\n 253       5 vda5 24581 26893 417680 136488 25969 524064 4400264 63716 0 51916 200188\n
1511699219.002167040 0.000003558 mongod triton8 26882 7f02e661b700 read 0 30 NON_SOCKET
1511699220.003045327 0.000042554 mongod triton8 26882 7f02e661b700 read 1358 30 NON_SOCKET cpu  374687 2089 209815 81417498 938547 0 8570 7076 0 0\ncpu0 92956 262 52480 20373842 230934 0 1484 1496 0 0\ncpu1 94163 1131 51691 20346394 255486 0 590 1578 0 0\ncpu2 91286 353 52364 20359268 240696 0 124 1568 0 0\ncpu3 96281 342 53279 20337994 211430 0 6371 2433 0 0\nintr 95781084 15 71 0 0 0 0 3 0 0 0 210 0 690 0 0 0 0 0 0 0 0 0 0 0 0 4 0 218437 0 8182441 3 537 0 0 0 0 0 0 0 0 0 0 0 0 0 0 0 0 0 0 0 0 0 0 0 0 0 0 0 0 0 0 0 0 0 0 0 0 0 0 0 0 0 0 0 0 0 0 0 0 0 0 0 0 0 0 0 0 0 0 0 0 0 0 0 0 0 0 0 0 0 0 0 0 0 0 0 0 0 0 0 0 0 0 0 0 0 0 0 0 0 0 0 0 0 0 0 0 0 0 0 0 0 0 0 0 0 0 0 0 0 0 0 0 0 0 0 0 0 0 0 0 0 0 0 0 0 0 0 0 0 0 0 0 0 0 0 0 0 0 0 0 0 0 0 0 0 0 0 0 0 0 0 0 0 0 0 0 0 0 0 0 0 0 0 0 0 0 0 0 0 0 0 0 0 0 0 0 0 0 0 0 0 0 0 0 0 0 0 0 0 0 0 0 0 0 0 0 0 0 0 0 0 0 0 0 0 0 0 0 0 0 0 0 0 0 0 0 0 0 0 0 0 0 0 0 0 0 0 0 0 0 0 0 0 0 0 0 0 0 0 0 0 0 0 0 0 0 0 0 0 0 0 0 0 0 0 0 0 0 0 0 0 0 0 0 0 0 0 0 0 0 0 0 0 0 0 0 0 0 0 0 0 0 0 0 0 0 0 0 0 0 0 0 0 0 0 0 0 0 0 0 0 0 0 0 0 0 0 0 0 0 0 0 0 0 0 0 0 0 0 0 0 0 0 0 0 0 0 0 0 0 0 0 0 0 0 0 0 0 0 0 0 0 0 0 0 0 0 0 0 0 0 0 0 0 0 0 0 0 0 0 0 0 0 0 0 0 0 0 0 0 0 0 0 0 0 0 0 0 0 0 0 0 0 0 0 0 0 0 0 0 0 0 0 0 0 0 0 0 0 0 0 0 0 0 0 0 0 0 0 0 0 0 0 0 0 0 0 0 0 0 0 0 0 0\nctxt 168533597\nbtime 1511491063\nprocesses 26885\nprocs_running 3\nprocs_blocked 0\nsoftirq 51302372 4 16988296 5 8185436 0 0 131 11464325 0 14664175\n
1511699220.003143723 0.000000942 mongod triton8 26882 7f02e661b700 read 0 30 NON_SOCKET
1511699220.003185034 0.000017069 mongod triton8 26882 7f02e661b700 read 1251 30 NON_SOCKET MemTotal:        6110600 kB\nMemFree:          517448 kB\nMemAvailable:     948640 kB\nBuffers:          142096 kB\nCached:           514244 kB\nSwapCached:        17244 kB\nActive:          2805248 kB\nInactive:         864708 kB\nActive(anon):    2428156 kB\nInactive(anon):   625328 kB\nActive(file):     377092 kB\nInactive(file):   239380 kB\nUnevictable:     1750864 kB\nMlocked:         1750864 kB\nSwapTotal:       8385532 kB\nSwapFree:        8257940 kB\nDirty:              1328 kB\nWriteback:             0 kB\nAnonPages:       4759076 kB\nMapped:           217484 kB\nShmem:             13428 kB\nSlab:              87236 kB\nSReclaimable:      56196 kB\nSUnreclaim:        31040 kB\nKernelStack:        9824 kB\nPageTables:        34320 kB\nNFS_Unstable:          0 kB\nBounce:                0 kB\nWritebackTmp:          0 kB\nCommitLimit:    11440832 kB\nCommitted_AS:    7922408 kB\nVmallocTotal:   34359738367 kB\nVmallocUsed:           0 kB\nVmallocChunk:          0 kB\nHardwareCorrupted:     0 kB\nAnonHugePages:   4372480 kB\nCmaTotal:              0 kB\nCmaFree:               0 kB\nHugePages_Total:       0\nHugePages_Free:        0\nHugePages_Rsvd:        0\nHugePages_Surp:        0\nHugepagesize:       2048 kB\nDirectMap4k:      104316 kB\nDirectMap2M:     6187008 kB\n
1511699220.003224524 0.000000764 mongod triton8 26882 7f02e661b700 read 0 30 NON_SOCKET
1511699220.003262087 0.000103355 mongod triton8 26882 7f02e661b700 read 1285 30 NON_SOCKET    1       0 ram0 0 0 0 0 0 0 0 0 0 0 0\n   1       1 ram1 0 0 0 0 0 0 0 0 0 0 0\n   1       2 ram2 0 0 0 0 0 0 0 0 0 0 0\n   1       3 ram3 0 0 0 0 0 0 0 0 0 0 0\n   1       4 ram4 0 0 0 0 0 0 0 0 0 0 0\n   1       5 ram5 0 0 0 0 0 0 0 0 0 0 0\n   1       6 ram6 0 0 0 0 0 0 0 0 0 0 0\n   1       7 ram7 0 0 0 0 0 0 0 0 0 0 0\n   1       8 ram8 0 0 0 0 0 0 0 0 0 0 0\n   1       9 ram9 0 0 0 0 0 0 0 0 0 0 0\n   1      10 ram10 0 0 0 0 0 0 0 0 0 0 0\n   1      11 ram11 0 0 0 0 0 0 0 0 0 0 0\n   1      12 ram12 0 0 0 0 0 0 0 0 0 0 0\n   1      13 ram13 0 0 0 0 0 0 0 0 0 0 0\n   1      14 ram14 0 0 0 0 0 0 0 0 0 0 0\n   1      15 ram15 0 0 0 0 0 0 0 0 0 0 0\n   7       0 loop0 0 0 0 0 0 0 0 0 0 0 0\n   7       1 loop1 0 0 0 0 0 0 0 0 0 0 0\n   7       2 loop2 0 0 0 0 0 0 0 0 0 0 0\n   7       3 loop3 0 0 0 0 0 0 0 0 0 0 0\n   7       4 loop4 0 0 0 0 0 0 0 0 0 0 0\n   7       5 loop5 0 0 0 0 0 0 0 0 0 0 0\n   7       6 loop6 0 0 0 0 0 0 0 0 0 0 0\n   7       7 loop7 0 0 0 0 0 0 0 0 0 0 0\n 253       0 vda 95842 26896 3842714 948800 166495 746539 9232184 10670932 0 9483900 11625412\n 253       1 vda1 71167 3 3420850 812148 139490 222475 4831920 10395824 0 9293512 11213424\n 253       2 vda2 4 0 8 0 0 0 0 0 0 0 0\n 253       5 vda5 24581 26893 417680 136488 25969 524064 4400264 63716 0 51916 200188\n
1511699220.003397019 0.000003019 mongod triton8 26882 7f02e661b700 read 0 30 NON_SOCKET
1511699221.001518983 0.000060808 mongod triton8 26882 7f02e661b700 read 1358 30 NON_SOCKET cpu  374690 2089 209816 81417890 938547 0 8570 7076 0 0\ncpu0 92957 262 52480 20373940 230934 0 1484 1496 0 0\ncpu1 94164 1131 51691 20346492 255486 0 590 1578 0 0\ncpu2 91286 353 52364 20359366 240696 0 124 1568 0 0\ncpu3 96282 342 53280 20338090 211430 0 6371 2433 0 0\nintr 95781665 15 71 0 0 0 0 3 0 0 0 210 0 690 0 0 0 0 0 0 0 0 0 0 0 0 4 0 218437 0 8182477 3 537 0 0 0 0 0 0 0 0 0 0 0 0 0 0 0 0 0 0 0 0 0 0 0 0 0 0 0 0 0 0 0 0 0 0 0 0 0 0 0 0 0 0 0 0 0 0 0 0 0 0 0 0 0 0 0 0 0 0 0 0 0 0 0 0 0 0 0 0 0 0 0 0 0 0 0 0 0 0 0 0 0 0 0 0 0 0 0 0 0 0 0 0 0 0 0 0 0 0 0 0 0 0 0 0 0 0 0 0 0 0 0 0 0 0 0 0 0 0 0 0 0 0 0 0 0 0 0 0 0 0 0 0 0 0 0 0 0 0 0 0 0 0 0 0 0 0 0 0 0 0 0 0 0 0 0 0 0 0 0 0 0 0 0 0 0 0 0 0 0 0 0 0 0 0 0 0 0 0 0 0 0 0 0 0 0 0 0 0 0 0 0 0 0 0 0 0 0 0 0 0 0 0 0 0 0 0 0 0 0 0 0 0 0 0 0 0 0 0 0 0 0 0 0 0 0 0 0 0 0 0 0 0 0 0 0 0 0 0 0 0 0 0 0 0 0 0 0 0 0 0 0 0 0 0 0 0 0 0 0 0 0 0 0 0 0 0 0 0 0 0 0 0 0 0 0 0 0 0 0 0 0 0 0 0 0 0 0 0 0 0 0 0 0 0 0 0 0 0 0 0 0 0 0 0 0 0 0 0 0 0 0 0 0 0 0 0 0 0 0 0 0 0 0 0 0 0 0 0 0 0 0 0 0 0 0 0 0 0 0 0 0 0 0 0 0 0 0 0 0 0 0 0 0 0 0 0 0 0 0 0 0 0 0 0 0 0 0 0 0 0 0 0 0 0 0 0 0 0 0 0 0 0 0 0 0 0 0 0 0 0 0 0 0 0 0 0 0 0 0 0 0 0 0 0 0 0 0 0 0 0 0 0 0 0 0 0 0 0 0 0 0 0 0 0\nctxt 168534625\nbtime 1511491063\nprocesses 26885\nprocs_running 2\nprocs_blocked 0\nsoftirq 51302775 4 16988443 5 8185472 0 0 131 11464418 0 14664302\n
1511699221.001668362 0.000002001 mongod triton8 26882 7f02e661b700 read 0 30 NON_SOCKET
1511699221.001737001 0.000024355 mongod triton8 26882 7f02e661b700 read 1251 30 NON_SOCKET MemTotal:        6110600 kB\nMemFree:          516988 kB\nMemAvailable:     948192 kB\nBuffers:          142096 kB\nCached:           514248 kB\nSwapCached:        17244 kB\nActive:          2805464 kB\nInactive:         864704 kB\nActive(anon):    2428360 kB\nInactive(anon):   625324 kB\nActive(file):     377104 kB\nInactive(file):   239380 kB\nUnevictable:     1750864 kB\nMlocked:         1750864 kB\nSwapTotal:       8385532 kB\nSwapFree:        8257940 kB\nDirty:              1336 kB\nWriteback:             0 kB\nAnonPages:       4759380 kB\nMapped:           217484 kB\nShmem:             13424 kB\nSlab:              87248 kB\nSReclaimable:      56196 kB\nSUnreclaim:        31052 kB\nKernelStack:        9808 kB\nPageTables:        34456 kB\nNFS_Unstable:          0 kB\nBounce:                0 kB\nWritebackTmp:          0 kB\nCommitLimit:    11440832 kB\nCommitted_AS:    7922408 kB\nVmallocTotal:   34359738367 kB\nVmallocUsed:           0 kB\nVmallocChunk:          0 kB\nHardwareCorrupted:     0 kB\nAnonHugePages:   4372480 kB\nCmaTotal:              0 kB\nCmaFree:               0 kB\nHugePages_Total:       0\nHugePages_Free:        0\nHugePages_Rsvd:        0\nHugePages_Surp:        0\nHugepagesize:       2048 kB\nDirectMap4k:      104316 kB\nDirectMap2M:     6187008 kB\n
1511699221.001801853 0.000000905 mongod triton8 26882 7f02e661b700 read 0 30 NON_SOCKET
1511699221.001859353 0.000120164 mongod triton8 26882 7f02e661b700 read 1285 30 NON_SOCKET    1       0 ram0 0 0 0 0 0 0 0 0 0 0 0\n   1       1 ram1 0 0 0 0 0 0 0 0 0 0 0\n   1       2 ram2 0 0 0 0 0 0 0 0 0 0 0\n   1       3 ram3 0 0 0 0 0 0 0 0 0 0 0\n   1       4 ram4 0 0 0 0 0 0 0 0 0 0 0\n   1       5 ram5 0 0 0 0 0 0 0 0 0 0 0\n   1       6 ram6 0 0 0 0 0 0 0 0 0 0 0\n   1       7 ram7 0 0 0 0 0 0 0 0 0 0 0\n   1       8 ram8 0 0 0 0 0 0 0 0 0 0 0\n   1       9 ram9 0 0 0 0 0 0 0 0 0 0 0\n   1      10 ram10 0 0 0 0 0 0 0 0 0 0 0\n   1      11 ram11 0 0 0 0 0 0 0 0 0 0 0\n   1      12 ram12 0 0 0 0 0 0 0 0 0 0 0\n   1      13 ram13 0 0 0 0 0 0 0 0 0 0 0\n   1      14 ram14 0 0 0 0 0 0 0 0 0 0 0\n   1      15 ram15 0 0 0 0 0 0 0 0 0 0 0\n   7       0 loop0 0 0 0 0 0 0 0 0 0 0 0\n   7       1 loop1 0 0 0 0 0 0 0 0 0 0 0\n   7       2 loop2 0 0 0 0 0 0 0 0 0 0 0\n   7       3 loop3 0 0 0 0 0 0 0 0 0 0 0\n   7       4 loop4 0 0 0 0 0 0 0 0 0 0 0\n   7       5 loop5 0 0 0 0 0 0 0 0 0 0 0\n   7       6 loop6 0 0 0 0 0 0 0 0 0 0 0\n   7       7 loop7 0 0 0 0 0 0 0 0 0 0 0\n 253       0 vda 95842 26896 3842714 948800 166495 746539 9232184 10670932 0 9483900 11625412\n 253       1 vda1 71167 3 3420850 812148 139490 222475 4831920 10395824 0 9293512 11213424\n 253       2 vda2 4 0 8 0 0 0 0 0 0 0 0\n 253       5 vda5 24581 26893 417680 136488 25969 524064 4400264 63716 0 51916 200188\n
1511699221.002021368 0.000003969 mongod triton8 26882 7f02e661b700 read 0 30 NON_SOCKET
1511699222.001400134 0.000056499 mongod triton8 26882 7f02e661b700 read 1358 30 NON_SOCKET cpu  374692 2089 209817 81418256 938574 0 8570 7076 0 0\ncpu0 92957 262 52480 20374040 230934 0 1484 1496 0 0\ncpu1 94164 1131 51691 20346564 255513 0 590 1578 0 0\ncpu2 91287 353 52365 20359464 240696 0 124 1568 0 0\ncpu3 96283 342 53280 20338187 211430 0 6371 2433 0 0\nintr 95782278 15 71 0 0 0 0 3 0 0 0 210 0 690 0 0 0 0 0 0 0 0 0 0 0 0 4 0 218441 0 8182529 3 537 0 0 0 0 0 0 0 0 0 0 0 0 0 0 0 0 0 0 0 0 0 0 0 0 0 0 0 0 0 0 0 0 0 0 0 0 0 0 0 0 0 0 0 0 0 0 0 0 0 0 0 0 0 0 0 0 0 0 0 0 0 0 0 0 0 0 0 0 0 0 0 0 0 0 0 0 0 0 0 0 0 0 0 0 0 0 0 0 0 0 0 0 0 0 0 0 0 0 0 0 0 0 0 0 0 0 0 0 0 0 0 0 0 0 0 0 0 0 0 0 0 0 0 0 0 0 0 0 0 0 0 0 0 0 0 0 0 0 0 0 0 0 0 0 0 0 0 0 0 0 0 0 0 0 0 0 0 0 0 0 0 0 0 0 0 0 0 0 0 0 0 0 0 0 0 0 0 0 0 0 0 0 0 0 0 0 0 0 0 0 0 0 0 0 0 0 0 0 0 0 0 0 0 0 0 0 0 0 0 0 0 0 0 0 0 0 0 0 0 0 0 0 0 0 0 0 0 0 0 0 0 0 0 0 0 0 0 0 0 0 0 0 0 0 0 0 0 0 0 0 0 0 0 0 0 0 0 0 0 0 0 0 0 0 0 0 0 0 0 0 0 0 0 0 0 0 0 0 0 0 0 0 0 0 0 0 0 0 0 0 0 0 0 0 0 0 0 0 0 0 0 0 0 0 0 0 0 0 0 0 0 0 0 0 0 0 0 0 0 0 0 0 0 0 0 0 0 0 0 0 0 0 0 0 0 0 0 0 0 0 0 0 0 0 0 0 0 0 0 0 0 0 0 0 0 0 0 0 0 0 0 0 0 0 0 0 0 0 0 0 0 0 0 0 0 0 0 0 0 0 0 0 0 0 0 0 0 0 0 0 0 0 0 0 0 0 0 0 0 0 0 0 0 0 0 0 0 0 0 0 0 0 0 0 0 0 0 0 0 0 0 0 0 0\nctxt 168535649\nbtime 1511491063\nprocesses 26885\nprocs_running 1\nprocs_blocked 0\nsoftirq 51303212 4 16988596 5 8185524 0 0 131 11464519 0 14664433\n
1511699222.001547479 0.000001197 mongod triton8 26882 7f02e661b700 read 0 30 NON_SOCKET
1511699222.001611643 0.000023516 mongod triton8 26882 7f02e661b700 read 1251 30 NON_SOCKET MemTotal:        6110600 kB\nMemFree:          516916 kB\nMemAvailable:     948120 kB\nBuffers:          142104 kB\nCached:           514248 kB\nSwapCached:        17244 kB\nActive:          2805520 kB\nInactive:         864704 kB\nActive(anon):    2428416 kB\nInactive(anon):   625324 kB\nActive(file):     377104 kB\nInactive(file):   239380 kB\nUnevictable:     1750864 kB\nMlocked:         1750864 kB\nSwapTotal:       8385532 kB\nSwapFree:        8257940 kB\nDirty:              1344 kB\nWriteback:             0 kB\nAnonPages:       4759436 kB\nMapped:           217484 kB\nShmem:             13424 kB\nSlab:              87248 kB\nSReclaimable:      56196 kB\nSUnreclaim:        31052 kB\nKernelStack:        9808 kB\nPageTables:        34456 kB\nNFS_Unstable:          0 kB\nBounce:                0 kB\nWritebackTmp:          0 kB\nCommitLimit:    11440832 kB\nCommitted_AS:    7922408 kB\nVmallocTotal:   34359738367 kB\nVmallocUsed:           0 kB\nVmallocChunk:          0 kB\nHardwareCorrupted:     0 kB\nAnonHugePages:   4372480 kB\nCmaTotal:              0 kB\nCmaFree:               0 kB\nHugePages_Total:       0\nHugePages_Free:        0\nHugePages_Rsvd:        0\nHugePages_Surp:        0\nHugepagesize:       2048 kB\nDirectMap4k:      104316 kB\nDirectMap2M:     6187008 kB\n
1511699222.001669257 0.000001039 mongod triton8 26882 7f02e661b700 read 0 30 NON_SOCKET
1511699222.001726436 0.000111988 mongod triton8 26882 7f02e661b700 read 1285 30 NON_SOCKET    1       0 ram0 0 0 0 0 0 0 0 0 0 0 0\n   1       1 ram1 0 0 0 0 0 0 0 0 0 0 0\n   1       2 ram2 0 0 0 0 0 0 0 0 0 0 0\n   1       3 ram3 0 0 0 0 0 0 0 0 0 0 0\n   1       4 ram4 0 0 0 0 0 0 0 0 0 0 0\n   1       5 ram5 0 0 0 0 0 0 0 0 0 0 0\n   1       6 ram6 0 0 0 0 0 0 0 0 0 0 0\n   1       7 ram7 0 0 0 0 0 0 0 0 0 0 0\n   1       8 ram8 0 0 0 0 0 0 0 0 0 0 0\n   1       9 ram9 0 0 0 0 0 0 0 0 0 0 0\n   1      10 ram10 0 0 0 0 0 0 0 0 0 0 0\n   1      11 ram11 0 0 0 0 0 0 0 0 0 0 0\n   1      12 ram12 0 0 0 0 0 0 0 0 0 0 0\n   1      13 ram13 0 0 0 0 0 0 0 0 0 0 0\n   1      14 ram14 0 0 0 0 0 0 0 0 0 0 0\n   1      15 ram15 0 0 0 0 0 0 0 0 0 0 0\n   7       0 loop0 0 0 0 0 0 0 0 0 0 0 0\n   7       1 loop1 0 0 0 0 0 0 0 0 0 0 0\n   7       2 loop2 0 0 0 0 0 0 0 0 0 0 0\n   7       3 loop3 0 0 0 0 0 0 0 0 0 0 0\n   7       4 loop4 0 0 0 0 0 0 0 0 0 0 0\n   7       5 loop5 0 0 0 0 0 0 0 0 0 0 0\n   7       6 loop6 0 0 0 0 0 0 0 0 0 0 0\n   7       7 loop7 0 0 0 0 0 0 0 0 0 0 0\n 253       0 vda 95842 26896 3842714 948800 166497 746543 9232232 10671208 0 9484176 11625688\n 253       1 vda1 71167 3 3420850 812148 139492 222479 4831968 10396100 0 9293788 11213700\n 253       2 vda2 4 0 8 0 0 0 0 0 0 0 0\n 253       5 vda5 24581 26893 417680 136488 25969 524064 4400264 63716 0 51916 200188\n
1511699222.001889114 0.000004155 mongod triton8 26882 7f02e661b700 read 0 30 NON_SOCKET
1511699223.001412123 0.000059696 mongod triton8 26882 7f02e661b700 read 1358 30 NON_SOCKET cpu  374694 2089 209818 81418650 938574 0 8571 7076 0 0\ncpu0 92958 262 52480 20374139 230934 0 1484 1496 0 0\ncpu1 94164 1131 51691 20346663 255513 0 590 1578 0 0\ncpu2 91287 353 52365 20359563 240696 0 124 1568 0 0\ncpu3 96284 342 53280 20338284 211430 0 6372 2433 0 0\nintr 95782882 15 71 0 0 0 0 3 0 0 0 210 0 690 0 0 0 0 0 0 0 0 0 0 0 0 4 0 218441 0 8182576 3 537 0 0 0 0 0 0 0 0 0 0 0 0 0 0 0 0 0 0 0 0 0 0 0 0 0 0 0 0 0 0 0 0 0 0 0 0 0 0 0 0 0 0 0 0 0 0 0 0 0 0 0 0 0 0 0 0 0 0 0 0 0 0 0 0 0 0 0 0 0 0 0 0 0 0 0 0 0 0 0 0 0 0 0 0 0 0 0 0 0 0 0 0 0 0 0 0 0 0 0 0 0 0 0 0 0 0 0 0 0 0 0 0 0 0 0 0 0 0 0 0 0 0 0 0 0 0 0 0 0 0 0 0 0 0 0 0 0 0 0 0 0 0 0 0 0 0 0 0 0 0 0 0 0 0 0 0 0 0 0 0 0 0 0 0 0 0 0 0 0 0 0 0 0 0 0 0 0 0 0 0 0 0 0 0 0 0 0 0 0 0 0 0 0 0 0 0 0 0 0 0 0 0 0 0 0 0 0 0 0 0 0 0 0 0 0 0 0 0 0 0 0 0 0 0 0 0 0 0 0 0 0 0 0 0 0 0 0 0 0 0 0 0 0 0 0 0 0 0 0 0 0 0 0 0 0 0 0 0 0 0 0 0 0 0 0 0 0 0 0 0 0 0 0 0 0 0 0 0 0 0 0 0 0 0 0 0 0 0 0 0 0 0 0 0 0 0 0 0 0 0 0 0 0 0 0 0 0 0 0 0 0 0 0 0 0 0 0 0 0 0 0 0 0 0 0 0 0 0 0 0 0 0 0 0 0 0 0 0 0 0 0 0 0 0 0 0 0 0 0 0 0 0 0 0 0 0 0 0 0 0 0 0 0 0 0 0 0 0 0 0 0 0 0 0 0 0 0 0 0 0 0 0 0 0 0 0 0 0 0 0 0 0 0 0 0 0 0 0 0 0 0 0 0 0 0 0 0 0 0 0 0 0 0 0 0 0 0 0 0 0 0 0 0 0\nctxt 168536700\nbtime 1511491063\nprocesses 26885\nprocs_running 1\nprocs_blocked 0\nsoftirq 51303600 4 16988733 5 8185571 0 0 131 11464606 0 14664550\n
1511699223.001569073 0.000001393 mongod triton8 26882 7f02e661b700 read 0 30 NON_SOCKET
1511699223.001645951 0.000024596 mongod triton8 26882 7f02e661b700 read 1251 30 NON_SOCKET MemTotal:        6110600 kB\nMemFree:          517012 kB\nMemAvailable:     948220 kB\nBuffers:          142104 kB\nCached:           514264 kB\nSwapCached:        17244 kB\nActive:          2805540 kB\nInactive:         864704 kB\nActive(anon):    2428432 kB\nInactive(anon):   625324 kB\nActive(file):     377108 kB\nInactive(file):   239380 kB\nUnevictable:     1750864 kB\nMlocked:         1750864 kB\nSwapTotal:       8385532 kB\nSwapFree:        8257940 kB\nDirty:              1352 kB\nWriteback:             0 kB\nAnonPages:       4759452 kB\nMapped:           217488 kB\nShmem:             13424 kB\nSlab:              87248 kB\nSReclaimable:      56196 kB\nSUnreclaim:        31052 kB\nKernelStack:        9808 kB\nPageTables:        34460 kB\nNFS_Unstable:          0 kB\nBounce:                0 kB\nWritebackTmp:          0 kB\nCommitLimit:    11440832 kB\nCommitted_AS:    7922408 kB\nVmallocTotal:   34359738367 kB\nVmallocUsed:           0 kB\nVmallocChunk:          0 kB\nHardwareCorrupted:     0 kB\nAnonHugePages:   4372480 kB\nCmaTotal:              0 kB\nCmaFree:               0 kB\nHugePages_Total:       0\nHugePages_Free:        0\nHugePages_Rsvd:        0\nHugePages_Surp:        0\nHugepagesize:       2048 kB\nDirectMap4k:      104316 kB\nDirectMap2M:     6187008 kB\n
1511699223.001708138 0.000000886 mongod triton8 26882 7f02e661b700 read 0 30 NON_SOCKET
1511699223.001769288 0.000127472 mongod triton8 26882 7f02e661b700 read 1285 30 NON_SOCKET    1       0 ram0 0 0 0 0 0 0 0 0 0 0 0\n   1       1 ram1 0 0 0 0 0 0 0 0 0 0 0\n   1       2 ram2 0 0 0 0 0 0 0 0 0 0 0\n   1       3 ram3 0 0 0 0 0 0 0 0 0 0 0\n   1       4 ram4 0 0 0 0 0 0 0 0 0 0 0\n   1       5 ram5 0 0 0 0 0 0 0 0 0 0 0\n   1       6 ram6 0 0 0 0 0 0 0 0 0 0 0\n   1       7 ram7 0 0 0 0 0 0 0 0 0 0 0\n   1       8 ram8 0 0 0 0 0 0 0 0 0 0 0\n   1       9 ram9 0 0 0 0 0 0 0 0 0 0 0\n   1      10 ram10 0 0 0 0 0 0 0 0 0 0 0\n   1      11 ram11 0 0 0 0 0 0 0 0 0 0 0\n   1      12 ram12 0 0 0 0 0 0 0 0 0 0 0\n   1      13 ram13 0 0 0 0 0 0 0 0 0 0 0\n   1      14 ram14 0 0 0 0 0 0 0 0 0 0 0\n   1      15 ram15 0 0 0 0 0 0 0 0 0 0 0\n   7       0 loop0 0 0 0 0 0 0 0 0 0 0 0\n   7       1 loop1 0 0 0 0 0 0 0 0 0 0 0\n   7       2 loop2 0 0 0 0 0 0 0 0 0 0 0\n   7       3 loop3 0 0 0 0 0 0 0 0 0 0 0\n   7       4 loop4 0 0 0 0 0 0 0 0 0 0 0\n   7       5 loop5 0 0 0 0 0 0 0 0 0 0 0\n   7       6 loop6 0 0 0 0 0 0 0 0 0 0 0\n   7       7 loop7 0 0 0 0 0 0 0 0 0 0 0\n 253       0 vda 95842 26896 3842714 948800 166497 746543 9232232 10671208 0 9484176 11625688\n 253       1 vda1 71167 3 3420850 812148 139492 222479 4831968 10396100 0 9293788 11213700\n 253       2 vda2 4 0 8 0 0 0 0 0 0 0 0\n 253       5 vda5 24581 26893 417680 136488 25969 524064 4400264 63716 0 51916 200188\n
1511699223.001951977 0.000005392 mongod triton8 26882 7f02e661b700 read 0 30 NON_SOCKET
1511699223.004359488 0.000032547 mongod triton8 26882 7f02e661b700 writev 6674 30 NON_SOCKET ....\t_id..jK._....type......data.......`..x..<m..Wuw.[{...Y/n.........3qR.^.mX.......h3..}.Mv..d..~D*,.....)H.T4..Ej..\n..*.........(U!|.j.@jhC.9..;_..w....9..3..{.....s[.cl.H.8a.|....,.....<^M.$........P$...Kb/\t...........'..<r.kDq..B.i.\r....l..\.....4J...7......e..=.>.[........3K......_C..........}6...wbB..t...z.f .E\n..*.}?.>H..N....@..;...4.y.Hlg..|..sv.\t.I.8.b.A<W...$v......p..B...p....\n{........N.\r......_.:...7.G.....)........P....W*1.T.Jy.....E..;....&LT.=.....}..E..5..5a....>^...cwI...^......7Q...T4s.l.....&y.w....>.....*..Y..Y,...yb..b2[f...<q\x.8..L..=..f.......\t.KA.*.+i.C....@).UQK\r%. .\...\$"..f.].]\n:...w..3"H.9.Z.s.aT$..2C.......E.:8N.\n..~.....m.:.o......VJ`..\_.x2.cu..<..*..q..-r.I..i].z^..=.....B%...w.y=..-.FQ..c....,.*....._\t|......\t...5......a......<.:........[X#ma..j.....\t.....'..>m.C~.0.1...Q.....'.r......F....Q.....g...#.Hc.n,M)/Pz4..........z.....N .<.n..\n.,>.H..sz....pFk..S..............X.........k.f...]ZY....S.O.y...'.Cxs..c..w..M.i{.\r..zf.bl.]K........O.=J...C.p.l.).{.kY2.....w..@\r.MC6...cG.8u.fr..D.....?.....&..CT..;q.......;r..D..=P..0#..........]...Nk...$.....s....{.q......#...:Z././. .$.WV.C..ck.;..$...IT.uQ.m.9.N.k..b.....v....<*..E.._&.&...p.... p.N.!....fj[."p...!....L.t.0....L...BS......9.,..'.......O..L.u.....9..4.....B>.........AF#.=... .M@(.#.f.K...w,..r'`c(...%.V.......U>..0p7E..Ma......6<.....K.....c...u.......0I..h....M/..o..>......'...a..>...D..].T..;ib.).Sn..PI ...Z8[. ......A.}...U.!.......%...5C...o.vm.(....s;...U....>8>.j..b.?.a...&L&.E..J.I.(....B6...J.....DH.*5..r.p....E0..`\nIQ~. ..ax.6.....;q.?...X...m.\r.!.r.......v..y?tP.n+..O1.......r...2~.a.6..FaGY.D.........>P)....A}....|o...2(.k$.....Z.:z%.<R.Kqe}Z.l.....8...I,(..<.m(......K\......~..s.1....=..p....o.A.cJ.O...1 .6d..?*..4..c.yzx..^..=w.4.0..$..ur..wR.Q.H&l.PY.f..0....(......B.c..Y."..\r.r.0h.nd..=.]^!.lE'K...Y.....#......qL.(.....).g\rry..8.b4.,nQ.&......&.%u.A.\..8.........b..X.....F.m.B](.Ip
1511699224.000796850 0.000027204 mongod triton8 26882 7f02e661b700 read 1358 30 NON_SOCKET cpu  374695 2089 209821 81419043 938574 0 8571 7077 0 0\ncpu0 92958 262 52482 20374237 230934 0 1484 1496 0 0\ncpu1 94164 1131 51692 20346762 255513 0 590 1578 0 0\ncpu2 91287 353 52365 20359661 240696 0 124 1568 0 0\ncpu3 96285 342 53281 20338382 211430 0 6372 2434 0 0\nintr 95783461 15 71 0 0 0 0 3 0 0 0 210 0 690 0 0 0 0 0 0 0 0 0 0 0 0 4 0 218441 0 8182618 3 537 0 0 0 0 0 0 0 0 0 0 0 0 0 0 0 0 0 0 0 0 0 0 0 0 0 0 0 0 0 0 0 0 0 0 0 0 0 0 0 0 0 0 0 0 0 0 0 0 0 0 0 0 0 0 0 0 0 0 0 0 0 0 0 0 0 0 0 0 0 0 0 0 0 0 0 0 0 0 0 0 0 0 0 0 0 0 0 0 0 0 0 0 0 0 0 0 0 0 0 0 0 0 0 0 0 0 0 0 0 0 0 0 0 0 0 0 0 0 0 0 0 0 0 0 0 0 0 0 0 0 0 0 0 0 0 0 0 0 0 0 0 0 0 0 0 0 0 0 0 0 0 0 0 0 0 0 0 0 0 0 0 0 0 0 0 0 0 0 0 0 0 0 0 0 0 0 0 0 0 0 0 0 0 0 0 0 0 0 0 0 0 0 0 0 0 0 0 0 0 0 0 0 0 0 0 0 0 0 0 0 0 0 0 0 0 0 0 0 0 0 0 0 0 0 0 0 0 0 0 0 0 0 0 0 0 0 0 0 0 0 0 0 0 0 0 0 0 0 0 0 0 0 0 0 0 0 0 0 0 0 0 0 0 0 0 0 0 0 0 0 0 0 0 0 0 0 0 0 0 0 0 0 0 0 0 0 0 0 0 0 0 0 0 0 0 0 0 0 0 0 0 0 0 0 0 0 0 0 0 0 0 0 0 0 0 0 0 0 0 0 0 0 0 0 0 0 0 0 0 0 0 0 0 0 0 0 0 0 0 0 0 0 0 0 0 0 0 0 0 0 0 0 0 0 0 0 0 0 0 0 0 0 0 0 0 0 0 0 0 0 0 0 0 0 0 0 0 0 0 0 0 0 0 0 0 0 0 0 0 0 0 0 0 0 0 0 0 0 0 0 0 0 0 0 0 0 0 0 0 0 0 0 0 0 0 0 0 0 0 0 0 0 0 0\nctxt 168537704\nbtime 1511491063\nprocesses 26885\nprocs_running 2\nprocs_blocked 0\nsoftirq 51303954 4 16988856 5 8185614 0 0 131 11464683 0 14664661\n
1511699224.000865887 0.000001180 mongod triton8 26882 7f02e661b700 read 0 30 NON_SOCKET
1511699224.000904675 0.000014622 mongod triton8 26882 7f02e661b700 read 1251 30 NON_SOCKET MemTotal:        6110600 kB\nMemFree:          518136 kB\nMemAvailable:     949364 kB\nBuffers:          142104 kB\nCached:           514276 kB\nSwapCached:        17244 kB\nActive:          2804524 kB\nInactive:         864704 kB\nActive(anon):    2427396 kB\nInactive(anon):   625324 kB\nActive(file):     377128 kB\nInactive(file):   239380 kB\nUnevictable:     1750864 kB\nMlocked:         1750864 kB\nSwapTotal:       8385532 kB\nSwapFree:        8257940 kB\nDirty:              1364 kB\nWriteback:             0 kB\nAnonPages:       4758428 kB\nMapped:           217488 kB\nShmem:             13424 kB\nSlab:              87248 kB\nSReclaimable:      56196 kB\nSUnreclaim:        31052 kB\nKernelStack:        9808 kB\nPageTables:        34240 kB\nNFS_Unstable:          0 kB\nBounce:                0 kB\nWritebackTmp:          0 kB\nCommitLimit:    11440832 kB\nCommitted_AS:    7916200 kB\nVmallocTotal:   34359738367 kB\nVmallocUsed:           0 kB\nVmallocChunk:          0 kB\nHardwareCorrupted:     0 kB\nAnonHugePages:   4372480 kB\nCmaTotal:              0 kB\nCmaFree:               0 kB\nHugePages_Total:       0\nHugePages_Free:        0\nHugePages_Rsvd:        0\nHugePages_Surp:        0\nHugepagesize:       2048 kB\nDirectMap4k:      104316 kB\nDirectMap2M:     6187008 kB\n
1511699224.000939412 0.000000993 mongod triton8 26882 7f02e661b700 read 0 30 NON_SOCKET
1511699224.000979666 0.000087759 mongod triton8 26882 7f02e661b700 read 1285 30 NON_SOCKET    1       0 ram0 0 0 0 0 0 0 0 0 0 0 0\n   1       1 ram1 0 0 0 0 0 0 0 0 0 0 0\n   1       2 ram2 0 0 0 0 0 0 0 0 0 0 0\n   1       3 ram3 0 0 0 0 0 0 0 0 0 0 0\n   1       4 ram4 0 0 0 0 0 0 0 0 0 0 0\n   1       5 ram5 0 0 0 0 0 0 0 0 0 0 0\n   1       6 ram6 0 0 0 0 0 0 0 0 0 0 0\n   1       7 ram7 0 0 0 0 0 0 0 0 0 0 0\n   1       8 ram8 0 0 0 0 0 0 0 0 0 0 0\n   1       9 ram9 0 0 0 0 0 0 0 0 0 0 0\n   1      10 ram10 0 0 0 0 0 0 0 0 0 0 0\n   1      11 ram11 0 0 0 0 0 0 0 0 0 0 0\n   1      12 ram12 0 0 0 0 0 0 0 0 0 0 0\n   1      13 ram13 0 0 0 0 0 0 0 0 0 0 0\n   1      14 ram14 0 0 0 0 0 0 0 0 0 0 0\n   1      15 ram15 0 0 0 0 0 0 0 0 0 0 0\n   7       0 loop0 0 0 0 0 0 0 0 0 0 0 0\n   7       1 loop1 0 0 0 0 0 0 0 0 0 0 0\n   7       2 loop2 0 0 0 0 0 0 0 0 0 0 0\n   7       3 loop3 0 0 0 0 0 0 0 0 0 0 0\n   7       4 loop4 0 0 0 0 0 0 0 0 0 0 0\n   7       5 loop5 0 0 0 0 0 0 0 0 0 0 0\n   7       6 loop6 0 0 0 0 0 0 0 0 0 0 0\n   7       7 loop7 0 0 0 0 0 0 0 0 0 0 0\n 253       0 vda 95842 26896 3842714 948800 166497 746543 9232232 10671208 0 9484176 11625688\n 253       1 vda1 71167 3 3420850 812148 139492 222479 4831968 10396100 0 9293788 11213700\n 253       2 vda2 4 0 8 0 0 0 0 0 0 0 0\n 253       5 vda5 24581 26893 417680 136488 25969 524064 4400264 63716 0 51916 200188\n
1511699224.001100210 0.000002725 mongod triton8 26882 7f02e661b700 read 0 30 NON_SOCKET
1511699225.001521882 0.000060413 mongod triton8 26882 7f02e661b700 read 1358 30 NON_SOCKET cpu  374698 2089 209822 81419436 938574 0 8571 7077 0 0\ncpu0 92959 262 52483 20374334 230934 0 1484 1496 0 0\ncpu1 94164 1131 51692 20346861 255513 0 590 1578 0 0\ncpu2 91288 353 52365 20359760 240696 0 124 1568 0 0\ncpu3 96286 342 53281 20338479 211430 0 6372 2434 0 0\nintr 95784125 15 71 0 0 0 0 3 0 0 0 210 0 690 0 0 0 0 0 0 0 0 0 0 0 0 4 0 218441 0 8182675 3 537 0 0 0 0 0 0 0 0 0 0 0 0 0 0 0 0 0 0 0 0 0 0 0 0 0 0 0 0 0 0 0 0 0 0 0 0 0 0 0 0 0 0 0 0 0 0 0 0 0 0 0 0 0 0 0 0 0 0 0 0 0 0 0 0 0 0 0 0 0 0 0 0 0 0 0 0 0 0 0 0 0 0 0 0 0 0 0 0 0 0 0 0 0 0 0 0 0 0 0 0 0 0 0 0 0 0 0 0 0 0 0 0 0 0 0 0 0 0 0 0 0 0 0 0 0 0 0 0 0 0 0 0 0 0 0 0 0 0 0 0 0 0 0 0 0 0 0 0 0 0 0 0 0 0 0 0 0 0 0 0 0 0 0 0 0 0 0 0 0 0 0 0 0 0 0 0 0 0 0 0 0 0 0 0 0 0 0 0 0 0 0 0 0 0 0 0 0 0 0 0 0 0 0 0 0 0 0 0 0 0 0 0 0 0 0 0 0 0 0 0 0 0 0 0 0 0 0 0 0 0 0 0 0 0 0 0 0 0 0 0 0 0 0 0 0 0 0 0 0 0 0 0 0 0 0 0 0 0 0 0 0 0 0 0 0 0 0 0 0 0 0 0 0 0 0 0 0 0 0 0 0 0 0 0 0 0 0 0 0 0 0 0 0 0 0 0 0 0 0 0 0 0 0 0 0 0 0 0 0 0 0 0 0 0 0 0 0 0 0 0 0 0 0 0 0 0 0 0 0 0 0 0 0 0 0 0 0 0 0 0 0 0 0 0 0 0 0 0 0 0 0 0 0 0 0 0 0 0 0 0 0 0 0 0 0 0 0 0 0 0 0 0 0 0 0 0 0 0 0 0 0 0 0 0 0 0 0 0 0 0 0 0 0 0 0 0 0 0 0 0 0 0 0 0 0 0 0 0 0 0 0 0 0 0 0 0 0 0 0 0 0 0 0 0\nctxt 168538831\nbtime 1511491063\nprocesses 26889\nprocs_running 1\nprocs_blocked 0\nsoftirq 51304396 4 16989004 5 8185671 0 0 131 11464775 0 14664806\n
1511699225.001681691 0.000002553 mongod triton8 26882 7f02e661b700 read 0 30 NON_SOCKET
1511699225.001784425 0.000033540 mongod triton8 26882 7f02e661b700 read 1251 30 NON_SOCKET MemTotal:        6110600 kB\nMemFree:          516972 kB\nMemAvailable:     948212 kB\nBuffers:          142104 kB\nCached:           514276 kB\nSwapCached:        17244 kB\nActive:          2805136 kB\nInactive:         864704 kB\nActive(anon):    2428000 kB\nInactive(anon):   625320 kB\nActive(file):     377136 kB\nInactive(file):   239384 kB\nUnevictable:     1750864 kB\nMlocked:         1750864 kB\nSwapTotal:       8385532 kB\nSwapFree:        8257940 kB\nDirty:              1368 kB\nWriteback:             0 kB\nAnonPages:       4758840 kB\nMapped:           217480 kB\nShmem:             13420 kB\nSlab:              87160 kB\nSReclaimable:      56196 kB\nSUnreclaim:        30964 kB\nKernelStack:        9792 kB\nPageTables:        34356 kB\nNFS_Unstable:          0 kB\nBounce:                0 kB\nWritebackTmp:          0 kB\nCommitLimit:    11440832 kB\nCommitted_AS:    7916200 kB\nVmallocTotal:   34359738367 kB\nVmallocUsed:           0 kB\nVmallocChunk:          0 kB\nHardwareCorrupted:     0 kB\nAnonHugePages:   4372480 kB\nCmaTotal:              0 kB\nCmaFree:               0 kB\nHugePages_Total:       0\nHugePages_Free:        0\nHugePages_Rsvd:        0\nHugePages_Surp:        0\nHugepagesize:       2048 kB\nDirectMap4k:      104316 kB\nDirectMap2M:     6187008 kB\n
1511699225.001879450 0.000002113 mongod triton8 26882 7f02e661b700 read 0 30 NON_SOCKET
1511699225.002053941 0.000229580 mongod triton8 26882 7f02e661b700 read 1285 30 NON_SOCKET    1       0 ram0 0 0 0 0 0 0 0 0 0 0 0\n   1       1 ram1 0 0 0 0 0 0 0 0 0 0 0\n   1       2 ram2 0 0 0 0 0 0 0 0 0 0 0\n   1       3 ram3 0 0 0 0 0 0 0 0 0 0 0\n   1       4 ram4 0 0 0 0 0 0 0 0 0 0 0\n   1       5 ram5 0 0 0 0 0 0 0 0 0 0 0\n   1       6 ram6 0 0 0 0 0 0 0 0 0 0 0\n   1       7 ram7 0 0 0 0 0 0 0 0 0 0 0\n   1       8 ram8 0 0 0 0 0 0 0 0 0 0 0\n   1       9 ram9 0 0 0 0 0 0 0 0 0 0 0\n   1      10 ram10 0 0 0 0 0 0 0 0 0 0 0\n   1      11 ram11 0 0 0 0 0 0 0 0 0 0 0\n   1      12 ram12 0 0 0 0 0 0 0 0 0 0 0\n   1      13 ram13 0 0 0 0 0 0 0 0 0 0 0\n   1      14 ram14 0 0 0 0 0 0 0 0 0 0 0\n   1      15 ram15 0 0 0 0 0 0 0 0 0 0 0\n   7       0 loop0 0 0 0 0 0 0 0 0 0 0 0\n   7       1 loop1 0 0 0 0 0 0 0 0 0 0 0\n   7       2 loop2 0 0 0 0 0 0 0 0 0 0 0\n   7       3 loop3 0 0 0 0 0 0 0 0 0 0 0\n   7       4 loop4 0 0 0 0 0 0 0 0 0 0 0\n   7       5 loop5 0 0 0 0 0 0 0 0 0 0 0\n   7       6 loop6 0 0 0 0 0 0 0 0 0 0 0\n   7       7 loop7 0 0 0 0 0 0 0 0 0 0 0\n 253       0 vda 95842 26896 3842714 948800 166497 746543 9232232 10671208 0 9484176 11625688\n 253       1 vda1 71167 3 3420850 812148 139492 222479 4831968 10396100 0 9293788 11213700\n 253       2 vda2 4 0 8 0 0 0 0 0 0 0 0\n 253       5 vda5 24581 26893 417680 136488 25969 524064 4400264 63716 0 51916 200188\n
1511699225.002355158 0.000007155 mongod triton8 26882 7f02e661b700 read 0 30 NON_SOCKET
1511699226.001476115 0.000059228 mongod triton8 26882 7f02e661b700 read 1358 30 NON_SOCKET cpu  374699 2089 209825 81419830 938574 0 8571 7077 0 0\ncpu0 92959 262 52484 20374433 230934 0 1484 1496 0 0\ncpu1 94164 1131 51692 20346961 255513 0 590 1578 0 0\ncpu2 91289 353 52366 20359858 240696 0 124 1568 0 0\ncpu3 96286 342 53282 20338577 211430 0 6372 2434 0 0\nintr 95784699 15 71 0 0 0 0 3 0 0 0 210 0 690 0 0 0 0 0 0 0 0 0 0 0 0 4 0 218441 0 8182714 3 537 0 0 0 0 0 0 0 0 0 0 0 0 0 0 0 0 0 0 0 0 0 0 0 0 0 0 0 0 0 0 0 0 0 0 0 0 0 0 0 0 0 0 0 0 0 0 0 0 0 0 0 0 0 0 0 0 0 0 0 0 0 0 0 0 0 0 0 0 0 0 0 0 0 0 0 0 0 0 0 0 0 0 0 0 0 0 0 0 0 0 0 0 0 0 0 0 0 0 0 0 0 0 0 0 0 0 0 0 0 0 0 0 0 0 0 0 0 0 0 0 0 0 0 0 0 0 0 0 0 0 0 0 0 0 0 0 0 0 0 0 0 0 0 0 0 0 0 0 0 0 0 0 0 0 0 0 0 0 0 0 0 0 0 0 0 0 0 0 0 0 0 0 0 0 0 0 0 0 0 0 0 0 0 0 0 0 0 0 0 0 0 0 0 0 0 0 0 0 0 0 0 0 0 0 0 0 0 0 0 0 0 0 0 0 0 0 0 0 0 0 0 0 0 0 0 0 0 0 0 0 0 0 0 0 0 0 0 0 0 0 0 0 0 0 0 0 0 0 0 0 0 0 0 0 0 0 0 0 0 0 0 0 0 0 0 0 0 0 0 0 0 0 0 0 0 0 0 0 0 0 0 0 0 0 0 0 0 0 0 0 0 0 0 0 0 0 0 0 0 0 0 0 0 0 0 0 0 0 0 0 0 0 0 0 0 0 0 0 0 0 0 0 0 0 0 0 0 0 0 0 0 0 0 0 0 0 0 0 0 0 0 0 0 0 0 0 0 0 0 0 0 0 0 0 0 0 0 0 0 0 0 0 0 0 0 0 0 0 0 0 0 0 0 0 0 0 0 0 0 0 0 0 0 0 0 0 0 0 0 0 0 0 0 0 0 0 0 0 0 0 0 0 0 0 0 0 0 0 0 0 0 0 0 0 0 0 0 0 0 0 0 0 0 0\nctxt 168539816\nbtime 1511491063\nprocesses 26891\nprocs_running 1\nprocs_blocked 0\nsoftirq 51304738 4 16989125 5 8185710 0 0 131 11464856 0 14664907\n
1511699226.001626671 0.000001393 mongod triton8 26882 7f02e661b700 read 0 30 NON_SOCKET
1511699226.001701805 0.000022070 mongod triton8 26882 7f02e661b700 read 1251 30 NON_SOCKET MemTotal:        6110600 kB\nMemFree:          516588 kB\nMemAvailable:     947800 kB\nBuffers:          142104 kB\nCached:           514284 kB\nSwapCached:        17244 kB\nActive:          2805476 kB\nInactive:         864708 kB\nActive(anon):    2428336 kB\nInactive(anon):   625324 kB\nActive(file):     377140 kB\nInactive(file):   239384 kB\nUnevictable:     1750864 kB\nMlocked:         1750864 kB\nSwapTotal:       8385532 kB\nSwapFree:        8257940 kB\nDirty:              1372 kB\nWriteback:             0 kB\nAnonPages:       4759396 kB\nMapped:           217488 kB\nShmem:             13424 kB\nSlab:              87108 kB\nSReclaimable:      56132 kB\nSUnreclaim:        30976 kB\nKernelStack:        9840 kB\nPageTables:        34452 kB\nNFS_Unstable:          0 kB\nBounce:                0 kB\nWritebackTmp:          0 kB\nCommitLimit:    11440832 kB\nCommitted_AS:    7916200 kB\nVmallocTotal:   34359738367 kB\nVmallocUsed:           0 kB\nVmallocChunk:          0 kB\nHardwareCorrupted:     0 kB\nAnonHugePages:   4372480 kB\nCmaTotal:              0 kB\nCmaFree:               0 kB\nHugePages_Total:       0\nHugePages_Free:        0\nHugePages_Rsvd:        0\nHugePages_Surp:        0\nHugepagesize:       2048 kB\nDirectMap4k:      104316 kB\nDirectMap2M:     6187008 kB\n
1511699226.001755415 0.000000693 mongod triton8 26882 7f02e661b700 read 0 30 NON_SOCKET
1511699226.001803985 0.000111526 mongod triton8 26882 7f02e661b700 read 1285 30 NON_SOCKET    1       0 ram0 0 0 0 0 0 0 0 0 0 0 0\n   1       1 ram1 0 0 0 0 0 0 0 0 0 0 0\n   1       2 ram2 0 0 0 0 0 0 0 0 0 0 0\n   1       3 ram3 0 0 0 0 0 0 0 0 0 0 0\n   1       4 ram4 0 0 0 0 0 0 0 0 0 0 0\n   1       5 ram5 0 0 0 0 0 0 0 0 0 0 0\n   1       6 ram6 0 0 0 0 0 0 0 0 0 0 0\n   1       7 ram7 0 0 0 0 0 0 0 0 0 0 0\n   1       8 ram8 0 0 0 0 0 0 0 0 0 0 0\n   1       9 ram9 0 0 0 0 0 0 0 0 0 0 0\n   1      10 ram10 0 0 0 0 0 0 0 0 0 0 0\n   1      11 ram11 0 0 0 0 0 0 0 0 0 0 0\n   1      12 ram12 0 0 0 0 0 0 0 0 0 0 0\n   1      13 ram13 0 0 0 0 0 0 0 0 0 0 0\n   1      14 ram14 0 0 0 0 0 0 0 0 0 0 0\n   1      15 ram15 0 0 0 0 0 0 0 0 0 0 0\n   7       0 loop0 0 0 0 0 0 0 0 0 0 0 0\n   7       1 loop1 0 0 0 0 0 0 0 0 0 0 0\n   7       2 loop2 0 0 0 0 0 0 0 0 0 0 0\n   7       3 loop3 0 0 0 0 0 0 0 0 0 0 0\n   7       4 loop4 0 0 0 0 0 0 0 0 0 0 0\n   7       5 loop5 0 0 0 0 0 0 0 0 0 0 0\n   7       6 loop6 0 0 0 0 0 0 0 0 0 0 0\n   7       7 loop7 0 0 0 0 0 0 0 0 0 0 0\n 253       0 vda 95842 26896 3842714 948800 166497 746543 9232232 10671208 0 9484176 11625688\n 253       1 vda1 71167 3 3420850 812148 139492 222479 4831968 10396100 0 9293788 11213700\n 253       2 vda2 4 0 8 0 0 0 0 0 0 0 0\n 253       5 vda5 24581 26893 417680 136488 25969 524064 4400264 63716 0 51916 200188\n
1511699226.001955120 0.000003720 mongod triton8 26882 7f02e661b700 read 0 30 NON_SOCKET
